Archive member included to satisfy reference by file (symbol)

C:/ST/STM32CubeIDE_1.14.1/STM32CubeIDE/plugins/com.st.stm32cube.ide.mcu.externaltools.gnu-tools-for-stm32.11.3.rel1.win32_1.1.100.202309141235/tools/bin/../lib/gcc/arm-none-eabi/11.3.1/../../../../arm-none-eabi/lib/thumb/v7-m/nofp\libc_nano.a(libc_a-exit.o)
                              C:/ST/STM32CubeIDE_1.14.1/STM32CubeIDE/plugins/com.st.stm32cube.ide.mcu.externaltools.gnu-tools-for-stm32.11.3.rel1.win32_1.1.100.202309141235/tools/bin/../lib/gcc/arm-none-eabi/11.3.1/../../../../arm-none-eabi/lib/thumb/v7-m/nofp/crt0.o (exit)
C:/ST/STM32CubeIDE_1.14.1/STM32CubeIDE/plugins/com.st.stm32cube.ide.mcu.externaltools.gnu-tools-for-stm32.11.3.rel1.win32_1.1.100.202309141235/tools/bin/../lib/gcc/arm-none-eabi/11.3.1/../../../../arm-none-eabi/lib/thumb/v7-m/nofp\libc_nano.a(libc_a-itoa.o)
                              ./Core/Src/ESP01.o (itoa)
C:/ST/STM32CubeIDE_1.14.1/STM32CubeIDE/plugins/com.st.stm32cube.ide.mcu.externaltools.gnu-tools-for-stm32.11.3.rel1.win32_1.1.100.202309141235/tools/bin/../lib/gcc/arm-none-eabi/11.3.1/../../../../arm-none-eabi/lib/thumb/v7-m/nofp\libc_nano.a(libc_a-utoa.o)
                              C:/ST/STM32CubeIDE_1.14.1/STM32CubeIDE/plugins/com.st.stm32cube.ide.mcu.externaltools.gnu-tools-for-stm32.11.3.rel1.win32_1.1.100.202309141235/tools/bin/../lib/gcc/arm-none-eabi/11.3.1/../../../../arm-none-eabi/lib/thumb/v7-m/nofp\libc_nano.a(libc_a-itoa.o) (__utoa)
C:/ST/STM32CubeIDE_1.14.1/STM32CubeIDE/plugins/com.st.stm32cube.ide.mcu.externaltools.gnu-tools-for-stm32.11.3.rel1.win32_1.1.100.202309141235/tools/bin/../lib/gcc/arm-none-eabi/11.3.1/../../../../arm-none-eabi/lib/thumb/v7-m/nofp\libc_nano.a(libc_a-findfp.o)
                              C:/ST/STM32CubeIDE_1.14.1/STM32CubeIDE/plugins/com.st.stm32cube.ide.mcu.externaltools.gnu-tools-for-stm32.11.3.rel1.win32_1.1.100.202309141235/tools/bin/../lib/gcc/arm-none-eabi/11.3.1/../../../../arm-none-eabi/lib/thumb/v7-m/nofp\libc_nano.a(libc_a-exit.o) (__stdio_exit_handler)
C:/ST/STM32CubeIDE_1.14.1/STM32CubeIDE/plugins/com.st.stm32cube.ide.mcu.externaltools.gnu-tools-for-stm32.11.3.rel1.win32_1.1.100.202309141235/tools/bin/../lib/gcc/arm-none-eabi/11.3.1/../../../../arm-none-eabi/lib/thumb/v7-m/nofp\libc_nano.a(libc_a-fwalk.o)
                              C:/ST/STM32CubeIDE_1.14.1/STM32CubeIDE/plugins/com.st.stm32cube.ide.mcu.externaltools.gnu-tools-for-stm32.11.3.rel1.win32_1.1.100.202309141235/tools/bin/../lib/gcc/arm-none-eabi/11.3.1/../../../../arm-none-eabi/lib/thumb/v7-m/nofp\libc_nano.a(libc_a-findfp.o) (_fwalk_sglue)
C:/ST/STM32CubeIDE_1.14.1/STM32CubeIDE/plugins/com.st.stm32cube.ide.mcu.externaltools.gnu-tools-for-stm32.11.3.rel1.win32_1.1.100.202309141235/tools/bin/../lib/gcc/arm-none-eabi/11.3.1/../../../../arm-none-eabi/lib/thumb/v7-m/nofp\libc_nano.a(libc_a-stdio.o)
                              C:/ST/STM32CubeIDE_1.14.1/STM32CubeIDE/plugins/com.st.stm32cube.ide.mcu.externaltools.gnu-tools-for-stm32.11.3.rel1.win32_1.1.100.202309141235/tools/bin/../lib/gcc/arm-none-eabi/11.3.1/../../../../arm-none-eabi/lib/thumb/v7-m/nofp\libc_nano.a(libc_a-findfp.o) (__sread)
C:/ST/STM32CubeIDE_1.14.1/STM32CubeIDE/plugins/com.st.stm32cube.ide.mcu.externaltools.gnu-tools-for-stm32.11.3.rel1.win32_1.1.100.202309141235/tools/bin/../lib/gcc/arm-none-eabi/11.3.1/../../../../arm-none-eabi/lib/thumb/v7-m/nofp\libc_nano.a(libc_a-memset.o)
                              C:/ST/STM32CubeIDE_1.14.1/STM32CubeIDE/plugins/com.st.stm32cube.ide.mcu.externaltools.gnu-tools-for-stm32.11.3.rel1.win32_1.1.100.202309141235/tools/bin/../lib/gcc/arm-none-eabi/11.3.1/../../../../arm-none-eabi/lib/thumb/v7-m/nofp/crt0.o (memset)
C:/ST/STM32CubeIDE_1.14.1/STM32CubeIDE/plugins/com.st.stm32cube.ide.mcu.externaltools.gnu-tools-for-stm32.11.3.rel1.win32_1.1.100.202309141235/tools/bin/../lib/gcc/arm-none-eabi/11.3.1/../../../../arm-none-eabi/lib/thumb/v7-m/nofp\libc_nano.a(libc_a-strncpy.o)
                              ./Core/Src/ESP01.o (strncpy)
C:/ST/STM32CubeIDE_1.14.1/STM32CubeIDE/plugins/com.st.stm32cube.ide.mcu.externaltools.gnu-tools-for-stm32.11.3.rel1.win32_1.1.100.202309141235/tools/bin/../lib/gcc/arm-none-eabi/11.3.1/../../../../arm-none-eabi/lib/thumb/v7-m/nofp\libc_nano.a(libc_a-closer.o)
                              C:/ST/STM32CubeIDE_1.14.1/STM32CubeIDE/plugins/com.st.stm32cube.ide.mcu.externaltools.gnu-tools-for-stm32.11.3.rel1.win32_1.1.100.202309141235/tools/bin/../lib/gcc/arm-none-eabi/11.3.1/../../../../arm-none-eabi/lib/thumb/v7-m/nofp\libc_nano.a(libc_a-stdio.o) (_close_r)
C:/ST/STM32CubeIDE_1.14.1/STM32CubeIDE/plugins/com.st.stm32cube.ide.mcu.externaltools.gnu-tools-for-stm32.11.3.rel1.win32_1.1.100.202309141235/tools/bin/../lib/gcc/arm-none-eabi/11.3.1/../../../../arm-none-eabi/lib/thumb/v7-m/nofp\libc_nano.a(libc_a-reent.o)
[...]
Memory Configuration

Name             Origin             Length             Attributes
RAM              0x0000000020000000 0x0000000000005000 xrw
FLASH            0x0000000008000000 0x0000000000010000 xr
*default*        0x0000000000000000 0xffffffffffffffff

Linker script and memory map

LOAD C:/ST/STM32CubeIDE_1.14.1/STM32CubeIDE/plugins/com.st.stm32cube.ide.mcu.externaltools.gnu-tools-for-stm32.11.3.rel1.win32_1.1.100.202309141235/tools/bin/../lib/gcc/arm-none-eabi/11.3.1/thumb/v7-m/nofp/crti.o
LOAD C:/ST/STM32CubeIDE_1.14.1/STM32CubeIDE/plugins/com.st.stm32cube.ide.mcu.externaltools.gnu-tools-for-stm32.11.3.rel1.win32_1.1.100.202309141235/tools/bin/../lib/gcc/arm-none-eabi/11.3.1/thumb/v7-m/nofp/crtbegin.o
LOAD C:/ST/STM32CubeIDE_1.14.1/STM32CubeIDE/plugins/com.st.stm32cube.ide.mcu.externaltools.gnu-tools-for-stm32.11.3.rel1.win32_1.1.100.202309141235/tools/bin/../lib/gcc/arm-none-eabi/11.3.1/../../../../arm-none-eabi/lib/thumb/v7-m/nofp/crt0.o
LOAD ./Core/Src/ESP01.o
LOAD ./Core/Src/MPU6050.o
LOAD ./Core/Src/UNERBUS.o
LOAD ./Core/Src/button.o
LOAD ./Core/Src/main.o
LOAD ./Core/Src/stm32f1xx_hal_msp.o
LOAD ./Core/Src/stm32f1xx_it.o
LOAD ./Core/Src/syscalls.o
LOAD ./Core/Src/sysmem.o
LOAD ./Core/Src/system_stm32f1xx.o
LOAD ./Core/Startup/startup_stm32f103c8tx.o
LOAD ./Drivers/STM32F1xx_HAL_Driver/Src/stm32f1xx_hal.o
LOAD ./Drivers/STM32F1xx_HAL_Driver/Src/stm32f1xx_hal_adc.o
LOAD ./Drivers/STM32F1xx_HAL_Driver/Src/stm32f1xx_hal_adc_ex.o
LOAD ./Drivers/STM32F1xx_HAL_Driver/Src/stm32f1xx_hal_cortex.o
LOAD ./Drivers/STM32F1xx_HAL_Driver/Src/stm32f1xx_hal_dma.o
LOAD ./Drivers/STM32F1xx_HAL_Driver/Src/stm32f1xx_hal_exti.o
LOAD ./Drivers/STM32F1xx_HAL_Driver/Src/stm32f1xx_hal_flash.o
LOAD ./Drivers/STM32F1xx_HAL_Driver/Src/stm32f1xx_hal_flash_ex.o
LOAD ./Drivers/STM32F1xx_HAL_Driver/Src/stm32f1xx_hal_gpio.o
LOAD ./Drivers/STM32F1xx_HAL_Driver/Src/stm32f1xx_hal_gpio_ex.o
LOAD ./Drivers/STM32F1xx_HAL_Driver/Src/stm32f1xx_hal_i2c.o
LOAD ./Drivers/STM32F1xx_HAL_Driver/Src/stm32f1xx_hal_pcd.o
LOAD ./Drivers/STM32F1xx_HAL_Driver/Src/stm32f1xx_hal_pcd_ex.o
LOAD ./Drivers/STM32F1xx_HAL_Driver/Src/stm32f1xx_hal_pwr.o
LOAD ./Drivers/STM32F1xx_HAL_Driver/Src/stm32f1xx_hal_rcc.o
LOAD ./Drivers/STM32F1xx_HAL_Driver/Src/stm32f1xx_hal_rcc_ex.o
LOAD ./Drivers/STM32F1xx_HAL_Driver/Src/stm32f1xx_hal_tim.o
LOAD ./Drivers/STM32F1xx_HAL_Driver/Src/stm32f1xx_hal_tim_ex.o
LOAD ./Drivers/STM32F1xx_HAL_Driver/Src/stm32f1xx_hal_uart.o
LOAD ./Drivers/STM32F1xx_HAL_Driver/Src/stm32f1xx_ll_usb.o
LOAD ./Middlewares/ST/STM32_USB_Device_Library/Class/CDC/Src/usbd_cdc.o
LOAD ./Middlewares/ST/STM32_USB_Device_Library/Core/Src/usbd_core.o
LOAD ./Middlewares/ST/STM32_USB_Device_Library/Core/Src/usbd_ctlreq.o
LOAD ./Middlewares/ST/STM32_USB_Device_Library/Core/Src/usbd_ioreq.o
LOAD ./USB_DEVICE/App/usb_device.o
LOAD ./USB_DEVICE/App/usbd_cdc_if.o
LOAD ./USB_DEVICE/App/usbd_desc.o
LOAD ./USB_DEVICE/Target/usbd_conf.o
START GROUP
LOAD C:/ST/STM32CubeIDE_1.14.1/STM32CubeIDE/plugins/com.st.stm32cube.ide.mcu.externaltools.gnu-tools-for-stm32.11.3.rel1.win32_1.1.100.202309141235/tools/bin/../lib/gcc/arm-none-eabi/11.3.1/../../../../arm-none-eabi/lib/thumb/v7-m/nofp\libc_nano.a
LOAD C:/ST/STM32CubeIDE_1.14.1/STM32CubeIDE/plugins/com.st.stm32cube.ide.mcu.externaltools.gnu-tools-for-stm32.11.3.rel1.win32_1.1.100.202309141235/tools/bin/../lib/gcc/arm-none-eabi/11.3.1/../../../../arm-none-eabi/lib/thumb/v7-m/nofp\libm.a
END GROUP
START GROUP
LOAD C:/ST/STM32CubeIDE_1.14.1/STM32CubeIDE/plugins/com.st.stm32cube.ide.mcu.externaltools.gnu-tools-for-stm32.11.3.rel1.win32_1.1.100.202309141235/tools/bin/../lib/gcc/arm-none-eabi/11.3.1/thumb/v7-m/nofp\libgcc.a
LOAD C:/ST/STM32CubeIDE_1.14.1/STM32CubeIDE/plugins/com.st.stm32cube.ide.mcu.externaltools.gnu-tools-for-stm32.11.3.rel1.win32_1.1.100.202309141235/tools/bin/../lib/gcc/arm-none-eabi/11.3.1/../../../../arm-none-eabi/lib/thumb/v7-m/nofp\libc_nano.a
END GROUP
START GROUP
LOAD C:/ST/STM32CubeIDE_1.14.1/STM32CubeIDE/plugins/com.st.stm32cube.ide.mcu.externaltools.gnu-tools-for-stm32.11.3.rel1.win32_1.1.100.202309141235/tools/bin/../lib/gcc/arm-none-eabi/11.3.1/thumb/v7-m/nofp\libgcc.a
LOAD C:/ST/STM32CubeIDE_1.14.1/STM32CubeIDE/plugins/com.st.stm32cube.ide.mcu.externaltools.gnu-tools-for-stm32.11.3.rel1.win32_1.1.100.202309141235/tools/bin/../lib/gcc/arm-none-eabi/11.3.1/../../../../arm-none-eabi/lib/thumb/v7-m/nofp\libc_nano.a
LOAD C:/ST/STM32CubeIDE_1.14.1/STM32CubeIDE/plugins/com.st.stm32cube.ide.mcu.externaltools.gnu-tools-for-stm32.11.3.rel1.win32_1.1.100.202309141235/tools/bin/../lib/gcc/arm-none-eabi/11.3.1/../../../../arm-none-eabi/lib/thumb/v7-m/nofp\libnosys.a
END GROUP
START GROUP
LOAD C:/ST/STM32CubeIDE_1.14.1/STM32CubeIDE/plugins/com.st.stm32cube.ide.mcu.externaltools.gnu-tools-for-stm32.11.3.rel1.win32_1.1.100.202309141235/tools/bin/../lib/gcc/arm-none-eabi/11.3.1/thumb/v7-m/nofp\libgcc.a
LOAD C:/ST/STM32CubeIDE_1.14.1/STM32CubeIDE/plugins/com.st.stm32cube.ide.mcu.externaltools.gnu-tools-for-stm32.11.3.rel1.win32_1.1.100.202309141235/tools/bin/../lib/gcc/arm-none-eabi/11.3.1/../../../../arm-none-eabi/lib/thumb/v7-m/nofp\libc_nano.a
LOAD C:/ST/STM32CubeIDE_1.14.1/STM32CubeIDE/plugins/com.st.stm32cube.ide.mcu.externaltools.gnu-tools-for-stm32.11.3.rel1.win32_1.1.100.202309141235/tools/bin/../lib/gcc/arm-none-eabi/11.3.1/../../../../arm-none-eabi/lib/thumb/v7-m/nofp\libnosys.a
END GROUP
LOAD C:/ST/STM32CubeIDE_1.14.1/STM32CubeIDE/plugins/com.st.stm32cube.ide.mcu.externaltools.gnu-tools-for-stm32.11.3.rel1.win32_1.1.100.202309141235/tools/bin/../lib/gcc/arm-none-eabi/11.3.1/thumb/v7-m/nofp/crtend.o
LOAD C:/ST/STM32CubeIDE_1.14.1/STM32CubeIDE/plugins/com.st.stm32cube.ide.mcu.externaltools.gnu-tools-for-stm32.11.3.rel1.win32_1.1.100.202309141235/tools/bin/../lib/gcc/arm-none-eabi/11.3.1/thumb/v7-m/nofp/crtn.o
                0x0000000020005000                _estack = (ORIGIN (RAM) + LENGTH (RAM))
                0x0000000000000200                _Min_Heap_Size = 0x200
                0x0000000000000400                _Min_Stack_Size = 0x400

.isr_vector     0x0000000008000000      0x10c
                0x0000000008000000                . = ALIGN (0x4)
 *(.isr_vector)
 .isr_vector    0x0000000008000000      0x10c ./Core/Startup/startup_stm32f103c8tx.o
                0x0000000008000000                g_pfnVectors
                0x000000000800010c                . = ALIGN (0x4)

.text           0x000000000800010c     0xdbac
                0x000000000800010c                . = ALIGN (0x4)
 *(.text)
 .text          0x000000000800010c       0x40 C:/ST/STM32CubeIDE_1.14.1/STM32CubeIDE/plugins/com.st.stm32cube.ide.mcu.externaltools.gnu-tools-for-stm32.11.3.rel1.win32_1.1.100.202309141235/tools/bin/../lib/gcc/arm-none-eabi/11.3.1/thumb/v7-m/nofp/crtbegin.o
 .text          0x000000000800014c       0x10 C:/ST/STM32CubeIDE_1.14.1/STM32CubeIDE/plugins/com.st.stm32cube.ide.mcu.externaltools.gnu-tools-for-stm32.11.3.rel1.win32_1.1.100.202309141235/tools/bin/../lib/gcc/arm-none-eabi/11.3.1/../../../../arm-none-eabi/lib/thumb/v7-m/nofp\libc_nano.a(libc_a-strlen.o)
                0x000000000800014c                strlen
 *(.text*)
 .text.ESP01_SetWIFI
                0x000000000800015c       0x6c ./Core/Src/ESP01.o
                0x000000000800015c                ESP01_SetWIFI
 .text.ESP01_StartUDP
                0x00000000080001c8       0xac ./Core/Src/ESP01.o
                0x00000000080001c8                ESP01_StartUDP
 .text.ESP01_GetLocalIP
                0x0000000008000274       0x30 ./Core/Src/ESP01.o
                0x0000000008000274                ESP01_GetLocalIP
 .text.ESP01_WriteRX
                0x00000000080002a4       0x40 ./Core/Src/ESP01.o
                0x00000000080002a4                ESP01_WriteRX
 .text.ESP01_Send
                0x00000000080002e4      0x15c ./Core/Src/ESP01.o
                0x00000000080002e4                ESP01_Send
 .text.ESP01_Init
                0x0000000008000440       0x78 ./Core/Src/ESP01.o
                0x0000000008000440                ESP01_Init
 .text.ESP01_Timeout10ms
                0x00000000080004b8       0x60 ./Core/Src/ESP01.o
                0x00000000080004b8                ESP01_Timeout10ms
 .text.ESP01_Task
                0x0000000008000518       0x34 ./Core/Src/ESP01.o
                0x0000000008000518                ESP01_Task
 .text.ESP01_AttachChangeState
                0x000000000800054c       0x1c ./Core/Src/ESP01.o
                0x000000000800054c                ESP01_AttachChangeState
 .text.ESP01ATDecode
                0x0000000008000568      0x770 ./Core/Src/ESP01.o
 .text.ESP01DOConnection
                0x0000000008000cd8      0x414 ./Core/Src/ESP01.o
 .text.ESP01SENDData
                0x00000000080010ec       0xf8 ./Core/Src/ESP01.o
 .text.ESP01StrToBufTX
                0x00000000080011e4       0x60 ./Core/Src/ESP01.o
 .text.ESP01ByteToBufTX
                0x0000000008001244       0x40 ./Core/Src/ESP01.o
 .text.MPU6050_Init
                0x0000000008001284       0x96 ./Core/Src/MPU6050.o
                0x0000000008001284                MPU6050_Init
 *fill*         0x000000000800131a        0x2 
 .text.MPU6050_Read_Data_DMA
                0x000000000800131c       0x28 ./Core/Src/MPU6050.o
                0x000000000800131c                MPU6050_Read_Data_DMA
 .text.HAL_I2C_MemRxCpltCallback
                0x0000000008001344       0x7c ./Core/Src/MPU6050.o
                0x0000000008001344                HAL_I2C_MemRxCpltCallback
 .text.UNERBUS_DecodeHeader
                0x00000000080013c0      0x198 ./Core/Src/UNERBUS.o
 .text.UNERBUS_Init
                0x0000000008001558       0x3e ./Core/Src/UNERBUS.o
                0x0000000008001558                UNERBUS_Init
 .text.UNERBUS_Write
                0x0000000008001596       0x62 ./Core/Src/UNERBUS.o
                0x0000000008001596                UNERBUS_Write
 .text.UNERBUS_WriteByte
                0x00000000080015f8       0x44 ./Core/Src/UNERBUS.o
                0x00000000080015f8                UNERBUS_WriteByte
 .text.UNERBUS_Send
                0x000000000800163c      0x104 ./Core/Src/UNERBUS.o
                0x000000000800163c                UNERBUS_Send
 .text.UNERBUS_ReceiveByte
                0x0000000008001740       0x3c ./Core/Src/UNERBUS.o
                0x0000000008001740                UNERBUS_ReceiveByte
 .text.UNERBUS_ReceiveBuf
                0x000000000800177c       0x5a ./Core/Src/UNERBUS.o
                0x000000000800177c                UNERBUS_ReceiveBuf
 *fill*         0x00000000080017d6        0x2 
 .text.UNERBUS_GetUInt8
                0x00000000080017d8       0x44 ./Core/Src/UNERBUS.o
                0x00000000080017d8                UNERBUS_GetUInt8
 .text.UNERBUS_Task
                0x000000000800181c       0x6c ./Core/Src/UNERBUS.o
                0x000000000800181c                UNERBUS_Task
 .text.UNERBUS_Timeout
                0x0000000008001888       0x34 ./Core/Src/UNERBUS.o
                0x0000000008001888                UNERBUS_Timeout
 .text.inicializarBoton
                0x00000000080018bc       0x30 ./Core/Src/button.o
                0x00000000080018bc                inicializarBoton
 .text.checkMEF
                0x00000000080018ec       0xbc ./Core/Src/button.o
                0x00000000080018ec                checkMEF
 .text.HAL_TIM_PeriodElapsedCallback
                0x00000000080019a8       0x5c ./Core/Src/main.o
                0x00000000080019a8                HAL_TIM_PeriodElapsedCallback
 .text.HAL_ADC_ConvCpltCallback
                0x0000000008001a04       0xdc ./Core/Src/main.o
                0x0000000008001a04                HAL_ADC_ConvCpltCallback
 .text.HAL_UART_RxCpltCallback
                0x0000000008001ae0       0x3c ./Core/Src/main.o
                0x0000000008001ae0                HAL_UART_RxCpltCallback
 .text.ESP01DoCHPD
                0x0000000008001b1c       0x24 ./Core/Src/main.o
                0x0000000008001b1c                ESP01DoCHPD
 .text.ESP01WriteUSARTByte
                0x0000000008001b40       0x38 ./Core/Src/main.o
                0x0000000008001b40                ESP01WriteUSARTByte
 .text.ESP01WriteByteToBufRX
                0x0000000008001b78       0x20 ./Core/Src/main.o
                0x0000000008001b78                ESP01WriteByteToBufRX
 .text.ESP01ChangeState
                0x0000000008001b98       0x74 ./Core/Src/main.o
                0x0000000008001b98                ESP01ChangeState
 .text.DecodeCMD
                0x0000000008001c0c      0x114 ./Core/Src/main.o
                0x0000000008001c0c                DecodeCMD
 .text.Do10ms   0x0000000008001d20       0x48 ./Core/Src/main.o
                0x0000000008001d20                Do10ms
 .text.Do100ms  0x0000000008001d68       0x9c ./Core/Src/main.o
                0x0000000008001d68                Do100ms
 .text.USBReceive
                0x0000000008001e04       0x28 ./Core/Src/main.o
                0x0000000008001e04                USBReceive
 .text.buttonTask
                0x0000000008001e2c       0x7c ./Core/Src/main.o
                0x0000000008001e2c                buttonTask
 .text.communicationTask
                0x0000000008001ea8       0xe8 ./Core/Src/main.o
                0x0000000008001ea8                communicationTask
 .text.inicializarIRs
                0x0000000008001f90       0x4c ./Core/Src/main.o
                0x0000000008001f90                inicializarIRs
 .text.main     0x0000000008001fdc      0x1c0 ./Core/Src/main.o
                0x0000000008001fdc                main
 .text.SystemClock_Config
                0x000000000800219c       0xba ./Core/Src/main.o
                0x000000000800219c                SystemClock_Config
 *fill*         0x0000000008002256        0x2 
 .text.MX_ADC1_Init
                0x0000000008002258      0x144 ./Core/Src/main.o
 .text.MX_ADC2_Init
                0x000000000800239c       0x7c ./Core/Src/main.o
 .text.MX_I2C2_Init
                0x0000000008002418       0x5c ./Core/Src/main.o
 .text.MX_TIM1_Init
                0x0000000008002474       0xa0 ./Core/Src/main.o
 .text.MX_TIM4_Init
                0x0000000008002514       0xf4 ./Core/Src/main.o
 .text.MX_USART1_UART_Init
                0x0000000008002608       0x54 ./Core/Src/main.o
 .text.MX_DMA_Init
                0x000000000800265c       0x4c ./Core/Src/main.o
 .text.MX_GPIO_Init
                0x00000000080026a8      0x13c ./Core/Src/main.o
 .text.Error_Handler
                0x00000000080027e4        0xa ./Core/Src/main.o
                0x00000000080027e4                Error_Handler
 *fill*         0x00000000080027ee        0x2 
 .text.HAL_MspInit
                0x00000000080027f0       0x64 ./Core/Src/stm32f1xx_hal_msp.o
                0x00000000080027f0                HAL_MspInit
 .text.HAL_ADC_MspInit
                0x0000000008002854      0x124 ./Core/Src/stm32f1xx_hal_msp.o
                0x0000000008002854                HAL_ADC_MspInit
 .text.HAL_I2C_MspInit
                0x0000000008002978       0xd4 ./Core/Src/stm32f1xx_hal_msp.o
                0x0000000008002978                HAL_I2C_MspInit
 .text.HAL_TIM_Base_MspInit
                0x0000000008002a4c       0x4c ./Core/Src/stm32f1xx_hal_msp.o
                0x0000000008002a4c                HAL_TIM_Base_MspInit
 .text.HAL_TIM_PWM_MspInit
                0x0000000008002a98       0x3c ./Core/Src/stm32f1xx_hal_msp.o
                0x0000000008002a98                HAL_TIM_PWM_MspInit
 .text.HAL_TIM_MspPostInit
                0x0000000008002ad4       0x68 ./Core/Src/stm32f1xx_hal_msp.o
                0x0000000008002ad4                HAL_TIM_MspPostInit
 .text.HAL_UART_MspInit
                0x0000000008002b3c       0xa8 ./Core/Src/stm32f1xx_hal_msp.o
                0x0000000008002b3c                HAL_UART_MspInit
 .text.NMI_Handler
                0x0000000008002be4        0x6 ./Core/Src/stm32f1xx_it.o
                0x0000000008002be4                NMI_Handler
 .text.HardFault_Handler
                0x0000000008002bea        0x6 ./Core/Src/stm32f1xx_it.o
                0x0000000008002bea                HardFault_Handler
 .text.MemManage_Handler
                0x0000000008002bf0        0x6 ./Core/Src/stm32f1xx_it.o
                0x0000000008002bf0                MemManage_Handler
 .text.BusFault_Handler
                0x0000000008002bf6        0x6 ./Core/Src/stm32f1xx_it.o
                0x0000000008002bf6                BusFault_Handler
 .text.UsageFault_Handler
                0x0000000008002bfc        0x6 ./Core/Src/stm32f1xx_it.o
                0x0000000008002bfc                UsageFault_Handler
 .text.SVC_Handler
                0x0000000008002c02        0xc ./Core/Src/stm32f1xx_it.o
                0x0000000008002c02                SVC_Handler
 .text.DebugMon_Handler
                0x0000000008002c0e        0xc ./Core/Src/stm32f1xx_it.o
                0x0000000008002c0e                DebugMon_Handler
 .text.PendSV_Handler
                0x0000000008002c1a        0xc ./Core/Src/stm32f1xx_it.o
                0x0000000008002c1a                PendSV_Handler
 .text.SysTick_Handler
                0x0000000008002c26        0xc ./Core/Src/stm32f1xx_it.o
                0x0000000008002c26                SysTick_Handler
 *fill*         0x0000000008002c32        0x2 
 .text.DMA1_Channel1_IRQHandler
                0x0000000008002c34       0x14 ./Core/Src/stm32f1xx_it.o
                0x0000000008002c34                DMA1_Channel1_IRQHandler
 .text.DMA1_Channel5_IRQHandler
                0x0000000008002c48       0x14 ./Core/Src/stm32f1xx_it.o
                0x0000000008002c48                DMA1_Channel5_IRQHandler
 .text.USB_LP_CAN1_RX0_IRQHandler
                0x0000000008002c5c       0x14 ./Core/Src/stm32f1xx_it.o
                0x0000000008002c5c                USB_LP_CAN1_RX0_IRQHandler
 .text.TIM1_UP_IRQHandler
                0x0000000008002c70       0x14 ./Core/Src/stm32f1xx_it.o
                0x0000000008002c70                TIM1_UP_IRQHandler
 .text.USART1_IRQHandler
                0x0000000008002c84       0x14 ./Core/Src/stm32f1xx_it.o
                0x0000000008002c84                USART1_IRQHandler
 .text.SystemInit
                0x0000000008002c98        0xc ./Core/Src/system_stm32f1xx.o
                0x0000000008002c98                SystemInit
 .text.Reset_Handler
                0x0000000008002ca4       0x48 ./Core/Startup/startup_stm32f103c8tx.o
                0x0000000008002ca4                Reset_Handler
 .text.Default_Handler
                0x0000000008002cec        0x2 ./Core/Startup/startup_stm32f103c8tx.o
                0x0000000008002cec                RTC_Alarm_IRQHandler
                0x0000000008002cec                EXTI2_IRQHandler
                0x0000000008002cec                TIM1_CC_IRQHandler
                0x0000000008002cec                PVD_IRQHandler
                0x0000000008002cec                EXTI3_IRQHandler
                0x0000000008002cec                EXTI0_IRQHandler
                0x0000000008002cec                I2C2_EV_IRQHandler
                0x0000000008002cec                ADC1_2_IRQHandler
                0x0000000008002cec                SPI1_IRQHandler
                0x0000000008002cec                TAMPER_IRQHandler
                0x0000000008002cec                DMA1_Channel4_IRQHandler
                0x0000000008002cec                USART3_IRQHandler
                0x0000000008002cec                RTC_IRQHandler
                0x0000000008002cec                DMA1_Channel7_IRQHandler
                0x0000000008002cec                CAN1_RX1_IRQHandler
                0x0000000008002cec                TIM4_IRQHandler
                0x0000000008002cec                I2C1_EV_IRQHandler
                0x0000000008002cec                DMA1_Channel6_IRQHandler
                0x0000000008002cec                TIM3_IRQHandler
                0x0000000008002cec                RCC_IRQHandler
                0x0000000008002cec                TIM1_TRG_COM_IRQHandler
                0x0000000008002cec                Default_Handler
                0x0000000008002cec                EXTI15_10_IRQHandler
                0x0000000008002cec                EXTI9_5_IRQHandler
                0x0000000008002cec                SPI2_IRQHandler
                0x0000000008002cec                EXTI4_IRQHandler
                0x0000000008002cec                USB_HP_CAN1_TX_IRQHandler
                0x0000000008002cec                DMA1_Channel3_IRQHandler
                0x0000000008002cec                WWDG_IRQHandler
                0x0000000008002cec                TIM2_IRQHandler
                0x0000000008002cec                TIM1_BRK_IRQHandler
                0x0000000008002cec                EXTI1_IRQHandler
                0x0000000008002cec                USART2_IRQHandler
                0x0000000008002cec                I2C2_ER_IRQHandler
                0x0000000008002cec                DMA1_Channel2_IRQHandler
                0x0000000008002cec                CAN1_SCE_IRQHandler
                0x0000000008002cec                FLASH_IRQHandler
                0x0000000008002cec                I2C1_ER_IRQHandler
                0x0000000008002cec                USBWakeUp_IRQHandler
 *fill*         0x0000000008002cee        0x2 
 .text.HAL_Init
                0x0000000008002cf0       0x2c ./Drivers/STM32F1xx_HAL_Driver/Src/stm32f1xx_hal.o
                0x0000000008002cf0                HAL_Init
 .text.HAL_InitTick
                0x0000000008002d1c       0x60 ./Drivers/STM32F1xx_HAL_Driver/Src/stm32f1xx_hal.o
                0x0000000008002d1c                HAL_InitTick
 .text.HAL_IncTick
                0x0000000008002d7c       0x24 ./Drivers/STM32F1xx_HAL_Driver/Src/stm32f1xx_hal.o
                0x0000000008002d7c                HAL_IncTick
 .text.HAL_GetTick
                0x0000000008002da0       0x14 ./Drivers/STM32F1xx_HAL_Driver/Src/stm32f1xx_hal.o
                0x0000000008002da0                HAL_GetTick
 .text.HAL_Delay
                0x0000000008002db4       0x48 ./Drivers/STM32F1xx_HAL_Driver/Src/stm32f1xx_hal.o
                0x0000000008002db4                HAL_Delay
 .text.HAL_ADC_Init
                0x0000000008002dfc      0x1b0 ./Drivers/STM32F1xx_HAL_Driver/Src/stm32f1xx_hal_adc.o
                0x0000000008002dfc                HAL_ADC_Init
 .text.HAL_ADC_Start_DMA
                0x0000000008002fac      0x1bc ./Drivers/STM32F1xx_HAL_Driver/Src/stm32f1xx_hal_adc.o
                0x0000000008002fac                HAL_ADC_Start_DMA
 .text.HAL_ADC_ConvHalfCpltCallback
                0x0000000008003168       0x12 ./Drivers/STM32F1xx_HAL_Driver/Src/stm32f1xx_hal_adc.o
                0x0000000008003168                HAL_ADC_ConvHalfCpltCallback
 .text.HAL_ADC_ErrorCallback
                0x000000000800317a       0x12 ./Drivers/STM32F1xx_HAL_Driver/Src/stm32f1xx_hal_adc.o
                0x000000000800317a                HAL_ADC_ErrorCallback
 .text.HAL_ADC_ConfigChannel
                0x000000000800318c      0x1f0 ./Drivers/STM32F1xx_HAL_Driver/Src/stm32f1xx_hal_adc.o
                0x000000000800318c                HAL_ADC_ConfigChannel
 .text.ADC_Enable
                0x000000000800337c       0xb4 ./Drivers/STM32F1xx_HAL_Driver/Src/stm32f1xx_hal_adc.o
                0x000000000800337c                ADC_Enable
 .text.ADC_ConversionStop_Disable
                0x0000000008003430       0x82 ./Drivers/STM32F1xx_HAL_Driver/Src/stm32f1xx_hal_adc.o
                0x0000000008003430                ADC_ConversionStop_Disable
 .text.ADC_DMAConvCplt
                0x00000000080034b2       0x7c ./Drivers/STM32F1xx_HAL_Driver/Src/stm32f1xx_hal_adc.o
                0x00000000080034b2                ADC_DMAConvCplt
 .text.ADC_DMAHalfConvCplt
                0x000000000800352e       0x1c ./Drivers/STM32F1xx_HAL_Driver/Src/stm32f1xx_hal_adc.o
                0x000000000800352e                ADC_DMAHalfConvCplt
 .text.ADC_DMAError
                0x000000000800354a       0x34 ./Drivers/STM32F1xx_HAL_Driver/Src/stm32f1xx_hal_adc.o
                0x000000000800354a                ADC_DMAError
 *fill*         0x000000000800357e        0x2 
 .text.__NVIC_SetPriorityGrouping
                0x0000000008003580       0x48 ./Drivers/STM32F1xx_HAL_Driver/Src/stm32f1xx_hal_cortex.o
 .text.__NVIC_GetPriorityGrouping
                0x00000000080035c8       0x1c ./Drivers/STM32F1xx_HAL_Driver/Src/stm32f1xx_hal_cortex.o
 .text.__NVIC_EnableIRQ
                0x00000000080035e4       0x38 ./Drivers/STM32F1xx_HAL_Driver/Src/stm32f1xx_hal_cortex.o
 .text.__NVIC_SetPriority
                0x000000000800361c       0x54 ./Drivers/STM32F1xx_HAL_Driver/Src/stm32f1xx_hal_cortex.o
 .text.NVIC_EncodePriority
                0x0000000008003670       0x64 ./Drivers/STM32F1xx_HAL_Driver/Src/stm32f1xx_hal_cortex.o
 .text.SysTick_Config
                0x00000000080036d4       0x44 ./Drivers/STM32F1xx_HAL_Driver/Src/stm32f1xx_hal_cortex.o
 .text.HAL_NVIC_SetPriorityGrouping
                0x0000000008003718       0x16 ./Drivers/STM32F1xx_HAL_Driver/Src/stm32f1xx_hal_cortex.o
                0x0000000008003718                HAL_NVIC_SetPriorityGrouping
 .text.HAL_NVIC_SetPriority
                0x000000000800372e       0x38 ./Drivers/STM32F1xx_HAL_Driver/Src/stm32f1xx_hal_cortex.o
                0x000000000800372e                HAL_NVIC_SetPriority
 .text.HAL_NVIC_EnableIRQ
                0x0000000008003766       0x1c ./Drivers/STM32F1xx_HAL_Driver/Src/stm32f1xx_hal_cortex.o
                0x0000000008003766                HAL_NVIC_EnableIRQ
 .text.HAL_SYSTICK_Config
                0x0000000008003782       0x18 ./Drivers/STM32F1xx_HAL_Driver/Src/stm32f1xx_hal_cortex.o
                0x0000000008003782                HAL_SYSTICK_Config
 *fill*         0x000000000800379a        0x2 
 .text.HAL_DMA_Init
                0x000000000800379c       0xb4 ./Drivers/STM32F1xx_HAL_Driver/Src/stm32f1xx_hal_dma.o
                0x000000000800379c                HAL_DMA_Init
 .text.HAL_DMA_Start_IT
                0x0000000008003850       0xc0 ./Drivers/STM32F1xx_HAL_Driver/Src/stm32f1xx_hal_dma.o
                0x0000000008003850                HAL_DMA_Start_IT
 .text.HAL_DMA_Abort
                0x0000000008003910       0x76 ./Drivers/STM32F1xx_HAL_Driver/Src/stm32f1xx_hal_dma.o
                0x0000000008003910                HAL_DMA_Abort
 *fill*         0x0000000008003986        0x2 
 .text.HAL_DMA_Abort_IT
                0x0000000008003988       0xf0 ./Drivers/STM32F1xx_HAL_Driver/Src/stm32f1xx_hal_dma.o
                0x0000000008003988                HAL_DMA_Abort_IT
 .text.HAL_DMA_IRQHandler
                0x0000000008003a78      0x20c ./Drivers/STM32F1xx_HAL_Driver/Src/stm32f1xx_hal_dma.o
                0x0000000008003a78                HAL_DMA_IRQHandler
 .text.DMA_SetConfig
                0x0000000008003c84       0x5a ./Drivers/STM32F1xx_HAL_Driver/Src/stm32f1xx_hal_dma.o
 *fill*         0x0000000008003cde        0x2 
 .text.HAL_GPIO_Init
                0x0000000008003ce0      0x308 ./Drivers/STM32F1xx_HAL_Driver/Src/stm32f1xx_hal_gpio.o
                0x0000000008003ce0                HAL_GPIO_Init
 .text.HAL_GPIO_ReadPin
                0x0000000008003fe8       0x2e ./Drivers/STM32F1xx_HAL_Driver/Src/stm32f1xx_hal_gpio.o
                0x0000000008003fe8                HAL_GPIO_ReadPin
 .text.HAL_GPIO_WritePin
                0x0000000008004016       0x30 ./Drivers/STM32F1xx_HAL_Driver/Src/stm32f1xx_hal_gpio.o
                0x0000000008004016                HAL_GPIO_WritePin
 *fill*         0x0000000008004046        0x2 
 .text.HAL_I2C_Init
                0x0000000008004048      0x288 ./Drivers/STM32F1xx_HAL_Driver/Src/stm32f1xx_hal_i2c.o
                0x0000000008004048                HAL_I2C_Init
 .text.HAL_I2C_Mem_Write
                0x00000000080042d0      0x1f4 ./Drivers/STM32F1xx_HAL_Driver/Src/stm32f1xx_hal_i2c.o
                0x00000000080042d0                HAL_I2C_Mem_Write
 .text.HAL_I2C_Mem_Read
                0x00000000080044c4      0x4d0 ./Drivers/STM32F1xx_HAL_Driver/Src/stm32f1xx_hal_i2c.o
                0x00000000080044c4                HAL_I2C_Mem_Read
 .text.HAL_I2C_Mem_Read_DMA
                0x0000000008004994      0x30c ./Drivers/STM32F1xx_HAL_Driver/Src/stm32f1xx_hal_i2c.o
                0x0000000008004994                HAL_I2C_Mem_Read_DMA
 .text.HAL_I2C_MasterRxCpltCallback
                0x0000000008004ca0       0x12 ./Drivers/STM32F1xx_HAL_Driver/Src/stm32f1xx_hal_i2c.o
                0x0000000008004ca0                HAL_I2C_MasterRxCpltCallback
 .text.HAL_I2C_SlaveTxCpltCallback
                0x0000000008004cb2       0x12 ./Drivers/STM32F1xx_HAL_Driver/Src/stm32f1xx_hal_i2c.o
                0x0000000008004cb2                HAL_I2C_SlaveTxCpltCallback
 .text.HAL_I2C_SlaveRxCpltCallback
                0x0000000008004cc4       0x12 ./Drivers/STM32F1xx_HAL_Driver/Src/stm32f1xx_hal_i2c.o
                0x0000000008004cc4                HAL_I2C_SlaveRxCpltCallback
 .text.HAL_I2C_ErrorCallback
                0x0000000008004cd6       0x12 ./Drivers/STM32F1xx_HAL_Driver/Src/stm32f1xx_hal_i2c.o
                0x0000000008004cd6                HAL_I2C_ErrorCallback
 .text.I2C_RequestMemoryWrite
                0x0000000008004ce8      0x12c ./Drivers/STM32F1xx_HAL_Driver/Src/stm32f1xx_hal_i2c.o
 .text.I2C_RequestMemoryRead
                0x0000000008004e14      0x1d0 ./Drivers/STM32F1xx_HAL_Driver/Src/stm32f1xx_hal_i2c.o
 .text.I2C_DMAXferCplt
                0x0000000008004fe4      0x1aa ./Drivers/STM32F1xx_HAL_Driver/Src/stm32f1xx_hal_i2c.o
 .text.I2C_DMAError
                0x000000000800518e       0x6e ./Drivers/STM32F1xx_HAL_Driver/Src/stm32f1xx_hal_i2c.o
 .text.I2C_WaitOnFlagUntilTimeout
                0x00000000080051fc       0xf4 ./Drivers/STM32F1xx_HAL_Driver/Src/stm32f1xx_hal_i2c.o
 .text.I2C_WaitOnMasterAddressFlagUntilTimeout
                0x00000000080052f0      0x140 ./Drivers/STM32F1xx_HAL_Driver/Src/stm32f1xx_hal_i2c.o
 .text.I2C_WaitOnTXEFlagUntilTimeout
                0x0000000008005430       0x90 ./Drivers/STM32F1xx_HAL_Driver/Src/stm32f1xx_hal_i2c.o
 .text.I2C_WaitOnBTFFlagUntilTimeout
                0x00000000080054c0       0x90 ./Drivers/STM32F1xx_HAL_Driver/Src/stm32f1xx_hal_i2c.o
 .text.I2C_WaitOnRXNEFlagUntilTimeout
                0x0000000008005550       0xba ./Drivers/STM32F1xx_HAL_Driver/Src/stm32f1xx_hal_i2c.o
 .text.I2C_IsAcknowledgeFailed
                0x000000000800560a       0x5c ./Drivers/STM32F1xx_HAL_Driver/Src/stm32f1xx_hal_i2c.o
 .text.HAL_PCD_Init
                0x0000000008005666      0x1fe ./Drivers/STM32F1xx_HAL_Driver/Src/stm32f1xx_hal_pcd.o
                0x0000000008005666                HAL_PCD_Init
 .text.HAL_PCD_Start
                0x0000000008005864       0x4c ./Drivers/STM32F1xx_HAL_Driver/Src/stm32f1xx_hal_pcd.o
                0x0000000008005864                HAL_PCD_Start
 .text.HAL_PCD_IRQHandler
                0x00000000080058b0      0x260 ./Drivers/STM32F1xx_HAL_Driver/Src/stm32f1xx_hal_pcd.o
                0x00000000080058b0                HAL_PCD_IRQHandler
 .text.HAL_PCD_SetAddress
                0x0000000008005b10       0x4a ./Drivers/STM32F1xx_HAL_Driver/Src/stm32f1xx_hal_pcd.o
                0x0000000008005b10                HAL_PCD_SetAddress
 .text.HAL_PCD_EP_Open
                0x0000000008005b5a       0xba ./Drivers/STM32F1xx_HAL_Driver/Src/stm32f1xx_hal_pcd.o
                0x0000000008005b5a                HAL_PCD_EP_Open
 .text.HAL_PCD_EP_Close
                0x0000000008005c14       0x90 ./Drivers/STM32F1xx_HAL_Driver/Src/stm32f1xx_hal_pcd.o
                0x0000000008005c14                HAL_PCD_EP_Close
 .text.HAL_PCD_EP_Receive
                0x0000000008005ca4       0x62 ./Drivers/STM32F1xx_HAL_Driver/Src/stm32f1xx_hal_pcd.o
                0x0000000008005ca4                HAL_PCD_EP_Receive
 .text.HAL_PCD_EP_GetRxCount
                0x0000000008005d06       0x2e ./Drivers/STM32F1xx_HAL_Driver/Src/stm32f1xx_hal_pcd.o
                0x0000000008005d06                HAL_PCD_EP_GetRxCount
 .text.HAL_PCD_EP_Transmit
                0x0000000008005d34       0x6e ./Drivers/STM32F1xx_HAL_Driver/Src/stm32f1xx_hal_pcd.o
                0x0000000008005d34                HAL_PCD_EP_Transmit
 .text.HAL_PCD_EP_SetStall
                0x0000000008005da2       0xc0 ./Drivers/STM32F1xx_HAL_Driver/Src/stm32f1xx_hal_pcd.o
                0x0000000008005da2                HAL_PCD_EP_SetStall
 .text.HAL_PCD_EP_ClrStall
                0x0000000008005e62       0xa8 ./Drivers/STM32F1xx_HAL_Driver/Src/stm32f1xx_hal_pcd.o
                0x0000000008005e62                HAL_PCD_EP_ClrStall
 .text.PCD_EP_ISR_Handler
                0x0000000008005f0a      0x7a6 ./Drivers/STM32F1xx_HAL_Driver/Src/stm32f1xx_hal_pcd.o
 .text.HAL_PCD_EP_DB_Receive
                0x00000000080066b0      0x21a ./Drivers/STM32F1xx_HAL_Driver/Src/stm32f1xx_hal_pcd.o
 .text.HAL_PCD_EP_DB_Transmit
                0x00000000080068ca      0x7f4 ./Drivers/STM32F1xx_HAL_Driver/Src/stm32f1xx_hal_pcd.o
 .text.HAL_PCDEx_PMAConfig
                0x00000000080070be       0x84 ./Drivers/STM32F1xx_HAL_Driver/Src/stm32f1xx_hal_pcd_ex.o
                0x00000000080070be                HAL_PCDEx_PMAConfig
 *fill*         0x0000000008007142        0x2 
 .text.HAL_RCC_OscConfig
                0x0000000008007144      0x504 ./Drivers/STM32F1xx_HAL_Driver/Src/stm32f1xx_hal_rcc.o
                0x0000000008007144                HAL_RCC_OscConfig
 .text.HAL_RCC_ClockConfig
                0x0000000008007648      0x1d4 ./Drivers/STM32F1xx_HAL_Driver/Src/stm32f1xx_hal_rcc.o
                0x0000000008007648                HAL_RCC_ClockConfig
 .text.HAL_RCC_GetSysClockFreq
                0x000000000800781c       0xa8 ./Drivers/STM32F1xx_HAL_Driver/Src/stm32f1xx_hal_rcc.o
                0x000000000800781c                HAL_RCC_GetSysClockFreq
 .text.HAL_RCC_GetHCLKFreq
                0x00000000080078c4       0x14 ./Drivers/STM32F1xx_HAL_Driver/Src/stm32f1xx_hal_rcc.o
                0x00000000080078c4                HAL_RCC_GetHCLKFreq
 .text.HAL_RCC_GetPCLK1Freq
                0x00000000080078d8       0x28 ./Drivers/STM32F1xx_HAL_Driver/Src/stm32f1xx_hal_rcc.o
                0x00000000080078d8                HAL_RCC_GetPCLK1Freq
 .text.HAL_RCC_GetPCLK2Freq
                0x0000000008007900       0x28 ./Drivers/STM32F1xx_HAL_Driver/Src/stm32f1xx_hal_rcc.o
                0x0000000008007900                HAL_RCC_GetPCLK2Freq
 .text.RCC_Delay
                0x0000000008007928       0x3c ./Drivers/STM32F1xx_HAL_Driver/Src/stm32f1xx_hal_rcc.o
 .text.HAL_RCCEx_PeriphCLKConfig
                0x0000000008007964      0x16c ./Drivers/STM32F1xx_HAL_Driver/Src/stm32f1xx_hal_rcc_ex.o
                0x0000000008007964                HAL_RCCEx_PeriphCLKConfig
 .text.HAL_TIM_Base_Init
                0x0000000008007ad0       0x9e ./Drivers/STM32F1xx_HAL_Driver/Src/stm32f1xx_hal_tim.o
                0x0000000008007ad0                HAL_TIM_Base_Init
 *fill*         0x0000000008007b6e        0x2 
 .text.HAL_TIM_Base_Start_IT
                0x0000000008007b70       0xa4 ./Drivers/STM32F1xx_HAL_Driver/Src/stm32f1xx_hal_tim.o
                0x0000000008007b70                HAL_TIM_Base_Start_IT
 .text.HAL_TIM_PWM_Init
                0x0000000008007c14       0x9e ./Drivers/STM32F1xx_HAL_Driver/Src/stm32f1xx_hal_tim.o
                0x0000000008007c14                HAL_TIM_PWM_Init
 .text.HAL_TIM_IRQHandler
                0x0000000008007cb2      0x210 ./Drivers/STM32F1xx_HAL_Driver/Src/stm32f1xx_hal_tim.o
                0x0000000008007cb2                HAL_TIM_IRQHandler
 *fill*         0x0000000008007ec2        0x2 
 .text.HAL_TIM_PWM_ConfigChannel
                0x0000000008007ec4      0x184 ./Drivers/STM32F1xx_HAL_Driver/Src/stm32f1xx_hal_tim.o
                0x0000000008007ec4                HAL_TIM_PWM_ConfigChannel
 .text.HAL_TIM_ConfigClockSource
                0x0000000008008048      0x18e ./Drivers/STM32F1xx_HAL_Driver/Src/stm32f1xx_hal_tim.o
                0x0000000008008048                HAL_TIM_ConfigClockSource
 .text.HAL_TIM_OC_DelayElapsedCallback
                0x00000000080081d6       0x12 ./Drivers/STM32F1xx_HAL_Driver/Src/stm32f1xx_hal_tim.o
                0x00000000080081d6                HAL_TIM_OC_DelayElapsedCallback
 .text.HAL_TIM_IC_CaptureCallback
                0x00000000080081e8       0x12 ./Drivers/STM32F1xx_HAL_Driver/Src/stm32f1xx_hal_tim.o
                0x00000000080081e8                HAL_TIM_IC_CaptureCallback
 .text.HAL_TIM_PWM_PulseFinishedCallback
                0x00000000080081fa       0x12 ./Drivers/STM32F1xx_HAL_Driver/Src/stm32f1xx_hal_tim.o
                0x00000000080081fa                HAL_TIM_PWM_PulseFinishedCallback
 .text.HAL_TIM_TriggerCallback
                0x000000000800820c       0x12 ./Drivers/STM32F1xx_HAL_Driver/Src/stm32f1xx_hal_tim.o
                0x000000000800820c                HAL_TIM_TriggerCallback
 *fill*         0x000000000800821e        0x2 
 .text.TIM_Base_SetConfig
                0x0000000008008220       0xc4 ./Drivers/STM32F1xx_HAL_Driver/Src/stm32f1xx_hal_tim.o
                0x0000000008008220                TIM_Base_SetConfig
 .text.TIM_OC1_SetConfig
                0x00000000080082e4       0xcc ./Drivers/STM32F1xx_HAL_Driver/Src/stm32f1xx_hal_tim.o
 .text.TIM_OC2_SetConfig
                0x00000000080083b0       0xd4 ./Drivers/STM32F1xx_HAL_Driver/Src/stm32f1xx_hal_tim.o
                0x00000000080083b0                TIM_OC2_SetConfig
 .text.TIM_OC3_SetConfig
                0x0000000008008484       0xd4 ./Drivers/STM32F1xx_HAL_Driver/Src/stm32f1xx_hal_tim.o
 .text.TIM_OC4_SetConfig
                0x0000000008008558       0x9c ./Drivers/STM32F1xx_HAL_Driver/Src/stm32f1xx_hal_tim.o
 .text.TIM_TI1_ConfigInputStage
                0x00000000080085f4       0x5c ./Drivers/STM32F1xx_HAL_Driver/Src/stm32f1xx_hal_tim.o
 .text.TIM_TI2_ConfigInputStage
                0x0000000008008650       0x5e ./Drivers/STM32F1xx_HAL_Driver/Src/stm32f1xx_hal_tim.o
 .text.TIM_ITRx_SetConfig
                0x00000000080086ae       0x34 ./Drivers/STM32F1xx_HAL_Driver/Src/stm32f1xx_hal_tim.o
 .text.TIM_ETR_SetConfig
                0x00000000080086e2       0x3e ./Drivers/STM32F1xx_HAL_Driver/Src/stm32f1xx_hal_tim.o
                0x00000000080086e2                TIM_ETR_SetConfig
 .text.HAL_TIMEx_MasterConfigSynchronization
                0x0000000008008720       0xbc ./Drivers/STM32F1xx_HAL_Driver/Src/stm32f1xx_hal_tim_ex.o
                0x0000000008008720                HAL_TIMEx_MasterConfigSynchronization
 .text.HAL_TIMEx_CommutCallback
                0x00000000080087dc       0x12 ./Drivers/STM32F1xx_HAL_Driver/Src/stm32f1xx_hal_tim_ex.o
                0x00000000080087dc                HAL_TIMEx_CommutCallback
 .text.HAL_TIMEx_BreakCallback
                0x00000000080087ee       0x12 ./Drivers/STM32F1xx_HAL_Driver/Src/stm32f1xx_hal_tim_ex.o
                0x00000000080087ee                HAL_TIMEx_BreakCallback
 .text.HAL_UART_Init
                0x0000000008008800       0xa0 ./Drivers/STM32F1xx_HAL_Driver/Src/stm32f1xx_hal_uart.o
                0x0000000008008800                HAL_UART_Init
 .text.HAL_UART_Receive_IT
                0x00000000080088a0       0x4a ./Drivers/STM32F1xx_HAL_Driver/Src/stm32f1xx_hal_uart.o
                0x00000000080088a0                HAL_UART_Receive_IT
 *fill*         0x00000000080088ea        0x2 
 .text.HAL_UART_IRQHandler
                0x00000000080088ec      0x524 ./Drivers/STM32F1xx_HAL_Driver/Src/stm32f1xx_hal_uart.o
                0x00000000080088ec                HAL_UART_IRQHandler
 .text.HAL_UART_TxCpltCallback
                0x0000000008008e10       0x12 ./Drivers/STM32F1xx_HAL_Driver/Src/stm32f1xx_hal_uart.o
                0x0000000008008e10                HAL_UART_TxCpltCallback
 .text.HAL_UART_ErrorCallback
                0x0000000008008e22       0x12 ./Drivers/STM32F1xx_HAL_Driver/Src/stm32f1xx_hal_uart.o
                0x0000000008008e22                HAL_UART_ErrorCallback
 .text.HAL_UARTEx_RxEventCallback
                0x0000000008008e34       0x16 ./Drivers/STM32F1xx_HAL_Driver/Src/stm32f1xx_hal_uart.o
                0x0000000008008e34                HAL_UARTEx_RxEventCallback
 .text.UART_Start_Receive_IT
                0x0000000008008e4a       0x72 ./Drivers/STM32F1xx_HAL_Driver/Src/stm32f1xx_hal_uart.o
                0x0000000008008e4a                UART_Start_Receive_IT
 .text.UART_EndRxTransfer
                0x0000000008008ebc       0xc4 ./Drivers/STM32F1xx_HAL_Driver/Src/stm32f1xx_hal_uart.o
 .text.UART_DMAAbortOnError
                0x0000000008008f80       0x28 ./Drivers/STM32F1xx_HAL_Driver/Src/stm32f1xx_hal_uart.o
 .text.UART_Transmit_IT
                0x0000000008008fa8       0x9e ./Drivers/STM32F1xx_HAL_Driver/Src/stm32f1xx_hal_uart.o
 .text.UART_EndTransmit_IT
                0x0000000008009046       0x30 ./Drivers/STM32F1xx_HAL_Driver/Src/stm32f1xx_hal_uart.o
 .text.UART_Receive_IT
                0x0000000008009076      0x17c ./Drivers/STM32F1xx_HAL_Driver/Src/stm32f1xx_hal_uart.o
 *fill*         0x00000000080091f2        0x2 
 .text.UART_SetConfig
                0x00000000080091f4      0x11c ./Drivers/STM32F1xx_HAL_Driver/Src/stm32f1xx_hal_uart.o
 .text.USB_CoreInit
                0x0000000008009310       0x20 ./Drivers/STM32F1xx_HAL_Driver/Src/stm32f1xx_ll_usb.o
                0x0000000008009310                USB_CoreInit
 .text.USB_EnableGlobalInt
                0x0000000008009330       0x2c ./Drivers/STM32F1xx_HAL_Driver/Src/stm32f1xx_ll_usb.o
                0x0000000008009330                USB_EnableGlobalInt
 .text.USB_DisableGlobalInt
                0x000000000800935c       0x34 ./Drivers/STM32F1xx_HAL_Driver/Src/stm32f1xx_ll_usb.o
                0x000000000800935c                USB_DisableGlobalInt
 .text.USB_SetCurrentMode
                0x0000000008009390       0x18 ./Drivers/STM32F1xx_HAL_Driver/Src/stm32f1xx_ll_usb.o
                0x0000000008009390                USB_SetCurrentMode
 .text.USB_DevInit
                0x00000000080093a8       0x40 ./Drivers/STM32F1xx_HAL_Driver/Src/stm32f1xx_ll_usb.o
                0x00000000080093a8                USB_DevInit
 .text.USB_ActivateEndpoint
                0x00000000080093e8      0x780 ./Drivers/STM32F1xx_HAL_Driver/Src/stm32f1xx_ll_usb.o
                0x00000000080093e8                USB_ActivateEndpoint
 .text.USB_DeactivateEndpoint
                0x0000000008009b68      0x3d8 ./Drivers/STM32F1xx_HAL_Driver/Src/stm32f1xx_ll_usb.o
                0x0000000008009b68                USB_DeactivateEndpoint
 .text.USB_EPStartXfer
                0x0000000008009f40     0x1762 ./Drivers/STM32F1xx_HAL_Driver/Src/stm32f1xx_ll_usb.o
                0x0000000008009f40                USB_EPStartXfer
 .text.USB_EPSetStall
                0x000000000800b6a2       0xa0 ./Drivers/STM32F1xx_HAL_Driver/Src/stm32f1xx_ll_usb.o
                0x000000000800b6a2                USB_EPSetStall
 .text.USB_EPClearStall
                0x000000000800b742      0x15a ./Drivers/STM32F1xx_HAL_Driver/Src/stm32f1xx_ll_usb.o
                0x000000000800b742                USB_EPClearStall
 .text.USB_SetDevAddress
                0x000000000800b89c       0x26 ./Drivers/STM32F1xx_HAL_Driver/Src/stm32f1xx_ll_usb.o
                0x000000000800b89c                USB_SetDevAddress
 .text.USB_DevConnect
                0x000000000800b8c2       0x14 ./Drivers/STM32F1xx_HAL_Driver/Src/stm32f1xx_ll_usb.o
                0x000000000800b8c2                USB_DevConnect
 .text.USB_DevDisconnect
                0x000000000800b8d6       0x14 ./Drivers/STM32F1xx_HAL_Driver/Src/stm32f1xx_ll_usb.o
                0x000000000800b8d6                USB_DevDisconnect
 .text.USB_ReadInterrupts
                0x000000000800b8ea       0x1e ./Drivers/STM32F1xx_HAL_Driver/Src/stm32f1xx_ll_usb.o
                0x000000000800b8ea                USB_ReadInterrupts
 .text.USB_EP0_OutStart
                0x000000000800b908       0x16 ./Drivers/STM32F1xx_HAL_Driver/Src/stm32f1xx_ll_usb.o
                0x000000000800b908                USB_EP0_OutStart
 .text.USB_WritePMA
                0x000000000800b91e       0x8a ./Drivers/STM32F1xx_HAL_Driver/Src/stm32f1xx_ll_usb.o
                0x000000000800b91e                USB_WritePMA
 .text.USB_ReadPMA
                0x000000000800b9a8       0x9e ./Drivers/STM32F1xx_HAL_Driver/Src/stm32f1xx_ll_usb.o
                0x000000000800b9a8                USB_ReadPMA
 .text.USBD_CDC_Init
                0x000000000800ba46       0xf4 ./Middlewares/ST/STM32_USB_Device_Library/Class/CDC/Src/usbd_cdc.o
 .text.USBD_CDC_DeInit
                0x000000000800bb3a       0x6e ./Middlewares/ST/STM32_USB_Device_Library/Class/CDC/Src/usbd_cdc.o
 .text.USBD_CDC_Setup
                0x000000000800bba8      0x146 ./Middlewares/ST/STM32_USB_Device_Library/Class/CDC/Src/usbd_cdc.o
 .text.USBD_CDC_DataIn
                0x000000000800bcee       0xa6 ./Middlewares/ST/STM32_USB_Device_Library/Class/CDC/Src/usbd_cdc.o
 .text.USBD_CDC_DataOut
                0x000000000800bd94       0x56 ./Middlewares/ST/STM32_USB_Device_Library/Class/CDC/Src/usbd_cdc.o
 .text.USBD_CDC_EP0_RxReady
                0x000000000800bdea       0x50 ./Middlewares/ST/STM32_USB_Device_Library/Class/CDC/Src/usbd_cdc.o
 *fill*         0x000000000800be3a        0x2 
 .text.USBD_CDC_GetFSCfgDesc
                0x000000000800be3c       0x20 ./Middlewares/ST/STM32_USB_Device_Library/Class/CDC/Src/usbd_cdc.o
 .text.USBD_CDC_GetHSCfgDesc
                0x000000000800be5c       0x20 ./Middlewares/ST/STM32_USB_Device_Library/Class/CDC/Src/usbd_cdc.o
 .text.USBD_CDC_GetOtherSpeedCfgDesc
                0x000000000800be7c       0x20 ./Middlewares/ST/STM32_USB_Device_Library/Class/CDC/Src/usbd_cdc.o
 .text.USBD_CDC_GetDeviceQualifierDescriptor
                0x000000000800be9c       0x20 ./Middlewares/ST/STM32_USB_Device_Library/Class/CDC/Src/usbd_cdc.o
                0x000000000800be9c                USBD_CDC_GetDeviceQualifierDescriptor
 .text.USBD_CDC_RegisterInterface
                0x000000000800bebc       0x2c ./Middlewares/ST/STM32_USB_Device_Library/Class/CDC/Src/usbd_cdc.o
                0x000000000800bebc                USBD_CDC_RegisterInterface
 .text.USBD_CDC_SetTxBuffer
                0x000000000800bee8       0x32 ./Middlewares/ST/STM32_USB_Device_Library/Class/CDC/Src/usbd_cdc.o
                0x000000000800bee8                USBD_CDC_SetTxBuffer
 .text.USBD_CDC_SetRxBuffer
                0x000000000800bf1a       0x26 ./Middlewares/ST/STM32_USB_Device_Library/Class/CDC/Src/usbd_cdc.o
                0x000000000800bf1a                USBD_CDC_SetRxBuffer
 .text.USBD_CDC_TransmitPacket
                0x000000000800bf40       0x5e ./Middlewares/ST/STM32_USB_Device_Library/Class/CDC/Src/usbd_cdc.o
                0x000000000800bf40                USBD_CDC_TransmitPacket
 .text.USBD_CDC_ReceivePacket
                0x000000000800bf9e       0x54 ./Middlewares/ST/STM32_USB_Device_Library/Class/CDC/Src/usbd_cdc.o
                0x000000000800bf9e                USBD_CDC_ReceivePacket
 .text.USBD_Init
                0x000000000800bff2       0x56 ./Middlewares/ST/STM32_USB_Device_Library/Core/Src/usbd_core.o
                0x000000000800bff2                USBD_Init
 .text.USBD_RegisterClass
                0x000000000800c048       0x32 ./Middlewares/ST/STM32_USB_Device_Library/Core/Src/usbd_core.o
                0x000000000800c048                USBD_RegisterClass
 .text.USBD_Start
                0x000000000800c07a       0x18 ./Middlewares/ST/STM32_USB_Device_Library/Core/Src/usbd_core.o
                0x000000000800c07a                USBD_Start
 .text.USBD_RunTestMode
                0x000000000800c092       0x14 ./Middlewares/ST/STM32_USB_Device_Library/Core/Src/usbd_core.o
                0x000000000800c092                USBD_RunTestMode
 .text.USBD_SetClassConfig
                0x000000000800c0a6       0x3e ./Middlewares/ST/STM32_USB_Device_Library/Core/Src/usbd_core.o
                0x000000000800c0a6                USBD_SetClassConfig
 .text.USBD_ClrClassConfig
                0x000000000800c0e4       0x26 ./Middlewares/ST/STM32_USB_Device_Library/Core/Src/usbd_core.o
                0x000000000800c0e4                USBD_ClrClassConfig
 .text.USBD_LL_SetupStage
                0x000000000800c10a       0x9a ./Middlewares/ST/STM32_USB_Device_Library/Core/Src/usbd_core.o
                0x000000000800c10a                USBD_LL_SetupStage
 .text.USBD_LL_DataOutStage
                0x000000000800c1a4       0xe2 ./Middlewares/ST/STM32_USB_Device_Library/Core/Src/usbd_core.o
                0x000000000800c1a4                USBD_LL_DataOutStage
 .text.USBD_LL_DataInStage
                0x000000000800c286      0x14a ./Middlewares/ST/STM32_USB_Device_Library/Core/Src/usbd_core.o
                0x000000000800c286                USBD_LL_DataInStage
 .text.USBD_LL_Reset
                0x000000000800c3d0       0x82 ./Middlewares/ST/STM32_USB_Device_Library/Core/Src/usbd_core.o
                0x000000000800c3d0                USBD_LL_Reset
 .text.USBD_LL_SetSpeed
                0x000000000800c452       0x1e ./Middlewares/ST/STM32_USB_Device_Library/Core/Src/usbd_core.o
                0x000000000800c452                USBD_LL_SetSpeed
 .text.USBD_LL_Suspend
                0x000000000800c470       0x28 ./Middlewares/ST/STM32_USB_Device_Library/Core/Src/usbd_core.o
                0x000000000800c470                USBD_LL_Suspend
 .text.USBD_LL_Resume
                0x000000000800c498       0x2a ./Middlewares/ST/STM32_USB_Device_Library/Core/Src/usbd_core.o
                0x000000000800c498                USBD_LL_Resume
 .text.USBD_LL_SOF
                0x000000000800c4c2       0x34 ./Middlewares/ST/STM32_USB_Device_Library/Core/Src/usbd_core.o
                0x000000000800c4c2                USBD_LL_SOF
 *fill*         0x000000000800c4f6        0x2 
 .text.USBD_StdDevReq
                0x000000000800c4f8       0xd4 ./Middlewares/ST/STM32_USB_Device_Library/Core/Src/usbd_ctlreq.o
                0x000000000800c4f8                USBD_StdDevReq
 .text.USBD_StdItfReq
                0x000000000800c5cc       0x90 ./Middlewares/ST/STM32_USB_Device_Library/Core/Src/usbd_ctlreq.o
                0x000000000800c5cc                USBD_StdItfReq
 .text.USBD_StdEPReq
                0x000000000800c65c      0x2c6 ./Middlewares/ST/STM32_USB_Device_Library/Core/Src/usbd_ctlreq.o
                0x000000000800c65c                USBD_StdEPReq
 *fill*         0x000000000800c922        0x2 
 .text.USBD_GetDescriptor
                0x000000000800c924      0x2d0 ./Middlewares/ST/STM32_USB_Device_Library/Core/Src/usbd_ctlreq.o
 .text.USBD_SetAddress
                0x000000000800cbf4       0x86 ./Middlewares/ST/STM32_USB_Device_Library/Core/Src/usbd_ctlreq.o
 *fill*         0x000000000800cc7a        0x2 
 .text.USBD_SetConfig
                0x000000000800cc7c      0x11c ./Middlewares/ST/STM32_USB_Device_Library/Core/Src/usbd_ctlreq.o
 .text.USBD_GetConfig
                0x000000000800cd98       0x6a ./Middlewares/ST/STM32_USB_Device_Library/Core/Src/usbd_ctlreq.o
 .text.USBD_GetStatus
                0x000000000800ce02       0x66 ./Middlewares/ST/STM32_USB_Device_Library/Core/Src/usbd_ctlreq.o
 .text.USBD_SetFeature
                0x000000000800ce68       0x28 ./Middlewares/ST/STM32_USB_Device_Library/Core/Src/usbd_ctlreq.o
 .text.USBD_ClrFeature
                0x000000000800ce90       0x42 ./Middlewares/ST/STM32_USB_Device_Library/Core/Src/usbd_ctlreq.o
 .text.USBD_ParseSetupRequest
                0x000000000800ced2       0x78 ./Middlewares/ST/STM32_USB_Device_Library/Core/Src/usbd_ctlreq.o
                0x000000000800ced2                USBD_ParseSetupRequest
 .text.USBD_CtlError
                0x000000000800cf4a       0x22 ./Middlewares/ST/STM32_USB_Device_Library/Core/Src/usbd_ctlreq.o
                0x000000000800cf4a                USBD_CtlError
 .text.USBD_GetString
                0x000000000800cf6c       0x84 ./Middlewares/ST/STM32_USB_Device_Library/Core/Src/usbd_ctlreq.o
                0x000000000800cf6c                USBD_GetString
 .text.USBD_GetLen
                0x000000000800cff0       0x2e ./Middlewares/ST/STM32_USB_Device_Library/Core/Src/usbd_ctlreq.o
 .text.USBD_CtlSendData
                0x000000000800d01e       0x38 ./Middlewares/ST/STM32_USB_Device_Library/Core/Src/usbd_ioreq.o
                0x000000000800d01e                USBD_CtlSendData
 .text.USBD_CtlContinueSendData
                0x000000000800d056       0x24 ./Middlewares/ST/STM32_USB_Device_Library/Core/Src/usbd_ioreq.o
                0x000000000800d056                USBD_CtlContinueSendData
 .text.USBD_CtlPrepareRx
                0x000000000800d07a       0x3c ./Middlewares/ST/STM32_USB_Device_Library/Core/Src/usbd_ioreq.o
                0x000000000800d07a                USBD_CtlPrepareRx
 .text.USBD_CtlContinueRx
                0x000000000800d0b6       0x24 ./Middlewares/ST/STM32_USB_Device_Library/Core/Src/usbd_ioreq.o
                0x000000000800d0b6                USBD_CtlContinueRx
 .text.USBD_CtlSendStatus
                0x000000000800d0da       0x26 ./Middlewares/ST/STM32_USB_Device_Library/Core/Src/usbd_ioreq.o
                0x000000000800d0da                USBD_CtlSendStatus
 .text.USBD_CtlReceiveStatus
                0x000000000800d100       0x26 ./Middlewares/ST/STM32_USB_Device_Library/Core/Src/usbd_ioreq.o
                0x000000000800d100                USBD_CtlReceiveStatus
 *fill*         0x000000000800d126        0x2 
 .text.MX_USB_DEVICE_Init
                0x000000000800d128       0x60 ./USB_DEVICE/App/usb_device.o
                0x000000000800d128                MX_USB_DEVICE_Init
 .text.CDC_Init_FS
                0x000000000800d188       0x28 ./USB_DEVICE/App/usbd_cdc_if.o
 .text.CDC_DeInit_FS
                0x000000000800d1b0        0xe ./USB_DEVICE/App/usbd_cdc_if.o
 *fill*         0x000000000800d1be        0x2 
 .text.CDC_Control_FS
                0x000000000800d1c0      0x144 ./USB_DEVICE/App/usbd_cdc_if.o
 .text.CDC_Receive_FS
                0x000000000800d304       0x70 ./USB_DEVICE/App/usbd_cdc_if.o
 .text.CDC_Transmit_FS
                0x000000000800d374       0x4c ./USB_DEVICE/App/usbd_cdc_if.o
                0x000000000800d374                CDC_Transmit_FS
 .text.CDC_AttachRxData
                0x000000000800d3c0       0x1c ./USB_DEVICE/App/usbd_cdc_if.o
                0x000000000800d3c0                CDC_AttachRxData
 .text.USBD_FS_DeviceDescriptor
                0x000000000800d3dc       0x24 ./USB_DEVICE/App/usbd_desc.o
                0x000000000800d3dc                USBD_FS_DeviceDescriptor
 .text.USBD_FS_LangIDStrDescriptor
                0x000000000800d400       0x24 ./USB_DEVICE/App/usbd_desc.o
                0x000000000800d400                USBD_FS_LangIDStrDescriptor
 .text.USBD_FS_ProductStrDescriptor
                0x000000000800d424       0x3c ./USB_DEVICE/App/usbd_desc.o
                0x000000000800d424                USBD_FS_ProductStrDescriptor
 .text.USBD_FS_ManufacturerStrDescriptor
                0x000000000800d460       0x28 ./USB_DEVICE/App/usbd_desc.o
                0x000000000800d460                USBD_FS_ManufacturerStrDescriptor
 .text.USBD_FS_SerialStrDescriptor
                0x000000000800d488       0x24 ./USB_DEVICE/App/usbd_desc.o
                0x000000000800d488                USBD_FS_SerialStrDescriptor
 .text.USBD_FS_ConfigStrDescriptor
                0x000000000800d4ac       0x3c ./USB_DEVICE/App/usbd_desc.o
                0x000000000800d4ac                USBD_FS_ConfigStrDescriptor
 .text.USBD_FS_InterfaceStrDescriptor
                0x000000000800d4e8       0x3c ./USB_DEVICE/App/usbd_desc.o
                0x000000000800d4e8                USBD_FS_InterfaceStrDescriptor
 .text.Get_SerialNum
                0x000000000800d524       0x58 ./USB_DEVICE/App/usbd_desc.o
 .text.IntToUnicode
                0x000000000800d57c       0x7c ./USB_DEVICE/App/usbd_desc.o
 .text.HAL_PCD_MspInit
                0x000000000800d5f8       0x4c ./USB_DEVICE/Target/usbd_conf.o
                0x000000000800d5f8                HAL_PCD_MspInit
 .text.HAL_PCD_SetupStageCallback
                0x000000000800d644       0x24 ./USB_DEVICE/Target/usbd_conf.o
                0x000000000800d644                HAL_PCD_SetupStageCallback
 .text.HAL_PCD_DataOutStageCallback
                0x000000000800d668       0x36 ./USB_DEVICE/Target/usbd_conf.o
                0x000000000800d668                HAL_PCD_DataOutStageCallback
 .text.HAL_PCD_DataInStageCallback
                0x000000000800d69e       0x34 ./USB_DEVICE/Target/usbd_conf.o
                0x000000000800d69e                HAL_PCD_DataInStageCallback
 .text.HAL_PCD_SOFCallback
                0x000000000800d6d2       0x1c ./USB_DEVICE/Target/usbd_conf.o
                0x000000000800d6d2                HAL_PCD_SOFCallback
 .text.HAL_PCD_ResetCallback
                0x000000000800d6ee       0x3c ./USB_DEVICE/Target/usbd_conf.o
                0x000000000800d6ee                HAL_PCD_ResetCallback
 *fill*         0x000000000800d72a        0x2 
 .text.HAL_PCD_SuspendCallback
                0x000000000800d72c       0x34 ./USB_DEVICE/Target/usbd_conf.o
                0x000000000800d72c                HAL_PCD_SuspendCallback
 .text.HAL_PCD_ResumeCallback
                0x000000000800d760       0x1c ./USB_DEVICE/Target/usbd_conf.o
                0x000000000800d760                HAL_PCD_ResumeCallback
 .text.USBD_LL_Init
                0x000000000800d77c       0xb4 ./USB_DEVICE/Target/usbd_conf.o
                0x000000000800d77c                USBD_LL_Init
 .text.USBD_LL_Start
                0x000000000800d830       0x36 ./USB_DEVICE/Target/usbd_conf.o
                0x000000000800d830                USBD_LL_Start
 .text.USBD_LL_OpenEP
                0x000000000800d866       0x4c ./USB_DEVICE/Target/usbd_conf.o
                0x000000000800d866                USBD_LL_OpenEP
 .text.USBD_LL_CloseEP
                0x000000000800d8b2       0x3e ./USB_DEVICE/Target/usbd_conf.o
                0x000000000800d8b2                USBD_LL_CloseEP
 .text.USBD_LL_StallEP
                0x000000000800d8f0       0x3e ./USB_DEVICE/Target/usbd_conf.o
                0x000000000800d8f0                USBD_LL_StallEP
 .text.USBD_LL_ClearStallEP
                0x000000000800d92e       0x3e ./USB_DEVICE/Target/usbd_conf.o
                0x000000000800d92e                USBD_LL_ClearStallEP
 .text.USBD_LL_IsStallEP
                0x000000000800d96c       0x58 ./USB_DEVICE/Target/usbd_conf.o
                0x000000000800d96c                USBD_LL_IsStallEP
 .text.USBD_LL_SetUSBAddress
                0x000000000800d9c4       0x3e ./USB_DEVICE/Target/usbd_conf.o
                0x000000000800d9c4                USBD_LL_SetUSBAddress
 .text.USBD_LL_Transmit
                0x000000000800da02       0x46 ./USB_DEVICE/Target/usbd_conf.o
                0x000000000800da02                USBD_LL_Transmit
 .text.USBD_LL_PrepareReceive
                0x000000000800da48       0x46 ./USB_DEVICE/Target/usbd_conf.o
                0x000000000800da48                USBD_LL_PrepareReceive
 .text.USBD_LL_GetRxDataSize
                0x000000000800da8e       0x26 ./USB_DEVICE/Target/usbd_conf.o
                0x000000000800da8e                USBD_LL_GetRxDataSize
 .text.USBD_static_malloc
                0x000000000800dab4       0x18 ./USB_DEVICE/Target/usbd_conf.o
                0x000000000800dab4                USBD_static_malloc
 .text.USBD_static_free
                0x000000000800dacc       0x12 ./USB_DEVICE/Target/usbd_conf.o
                0x000000000800dacc                USBD_static_free
 .text.HAL_PCDEx_SetConnectionState
                0x000000000800dade       0x16 ./USB_DEVICE/Target/usbd_conf.o
                0x000000000800dade                HAL_PCDEx_SetConnectionState
 .text.USBD_Get_USB_Status
                0x000000000800daf4       0x58 ./USB_DEVICE/Target/usbd_conf.o
 .text.__itoa   0x000000000800db4c       0x30 C:/ST/STM32CubeIDE_1.14.1/STM32CubeIDE/plugins/com.st.stm32cube.ide.mcu.externaltools.gnu-tools-for-stm32.11.3.rel1.win32_1.1.100.202309141235/tools/bin/../lib/gcc/arm-none-eabi/11.3.1/../../../../arm-none-eabi/lib/thumb/v7-m/nofp\libc_nano.a(libc_a-itoa.o)
                0x000000000800db4c                __itoa
 .text.itoa     0x000000000800db7c        0x4 C:/ST/STM32CubeIDE_1.14.1/STM32CubeIDE/plugins/com.st.stm32cube.ide.mcu.externaltools.gnu-tools-for-stm32.11.3.rel1.win32_1.1.100.202309141235/tools/bin/../lib/gcc/arm-none-eabi/11.3.1/../../../../arm-none-eabi/lib/thumb/v7-m/nofp\libc_nano.a(libc_a-itoa.o)
                0x000000000800db7c                itoa
 .text.__utoa   0x000000000800db80       0x84 C:/ST/STM32CubeIDE_1.14.1/STM32CubeIDE/plugins/com.st.stm32cube.ide.mcu.externaltools.gnu-tools-for-stm32.11.3.rel1.win32_1.1.100.202309141235/tools/bin/../lib/gcc/arm-none-eabi/11.3.1/../../../../arm-none-eabi/lib/thumb/v7-m/nofp\libc_nano.a(libc_a-utoa.o)
                0x000000000800db80                __utoa
 .text.memset   0x000000000800dc04       0x10 C:/ST/STM32CubeIDE_1.14.1/STM32CubeIDE/plugins/com.st.stm32cube.ide.mcu.externaltools.gnu-tools-for-stm32.11.3.rel1.win32_1.1.100.202309141235/tools/bin/../lib/gcc/arm-none-eabi/11.3.1/../../../../arm-none-eabi/lib/thumb/v7-m/nofp\libc_nano.a(libc_a-memset.o)
                0x000000000800dc04                memset
 .text.strncpy  0x000000000800dc14       0x26 C:/ST/STM32CubeIDE_1.14.1/STM32CubeIDE/plugins/com.st.stm32cube.ide.mcu.externaltools.gnu-tools-for-stm32.11.3.rel1.win32_1.1.100.202309141235/tools/bin/../lib/gcc/arm-none-eabi/11.3.1/../../../../arm-none-eabi/lib/thumb/v7-m/nofp\libc_nano.a(libc_a-strncpy.o)
                0x000000000800dc14                strncpy
 *fill*         0x000000000800dc3a        0x2 
 .text.__libc_init_array
                0x000000000800dc3c       0x48 C:/ST/STM32CubeIDE_1.14.1/STM32CubeIDE/plugins/com.st.stm32cube.ide.mcu.externaltools.gnu-tools-for-stm32.11.3.rel1.win32_1.1.100.202309141235/tools/bin/../lib/gcc/arm-none-eabi/11.3.1/../../../../arm-none-eabi/lib/thumb/v7-m/nofp\libc_nano.a(libc_a-init.o)
                0x000000000800dc3c                __libc_init_array
 .text.memcpy   0x000000000800dc84       0x1c C:/ST/STM32CubeIDE_1.14.1/STM32CubeIDE/plugins/com.st.stm32cube.ide.mcu.externaltools.gnu-tools-for-stm32.11.3.rel1.win32_1.1.100.202309141235/tools/bin/../lib/gcc/arm-none-eabi/11.3.1/../../../../arm-none-eabi/lib/thumb/v7-m/nofp\libc_nano.a(libc_a-memcpy-stub.o)
                0x000000000800dc84                memcpy
 *(.glue_7)
 .glue_7        0x000000000800dca0        0x0 linker stubs
 *(.glue_7t)
 .glue_7t       0x000000000800dca0        0x0 linker stubs
 *(.eh_frame)
 .eh_frame      0x000000000800dca0        0x0 C:/ST/STM32CubeIDE_1.14.1/STM32CubeIDE/plugins/com.st.stm32cube.ide.mcu.externaltools.gnu-tools-for-stm32.11.3.rel1.win32_1.1.100.202309141235/tools/bin/../lib/gcc/arm-none-eabi/11.3.1/thumb/v7-m/nofp/crtbegin.o
 *(.init)
 .init          0x000000000800dca0        0x4 C:/ST/STM32CubeIDE_1.14.1/STM32CubeIDE/plugins/com.st.stm32cube.ide.mcu.externaltools.gnu-tools-for-stm32.11.3.rel1.win32_1.1.100.202309141235/tools/bin/../lib/gcc/arm-none-eabi/11.3.1/thumb/v7-m/nofp/crti.o
                0x000000000800dca0                _init
 .init          0x000000000800dca4        0x8 C:/ST/STM32CubeIDE_1.14.1/STM32CubeIDE/plugins/com.st.stm32cube.ide.mcu.externaltools.gnu-tools-for-stm32.11.3.rel1.win32_1.1.100.202309141235/tools/bin/../lib/gcc/arm-none-eabi/11.3.1/thumb/v7-m/nofp/crtn.o
 *(.fini)
 .fini          0x000000000800dcac        0x4 C:/ST/STM32CubeIDE_1.14.1/STM32CubeIDE/plugins/com.st.stm32cube.ide.mcu.externaltools.gnu-tools-for-stm32.11.3.rel1.win32_1.1.100.202309141235/tools/bin/../lib/gcc/arm-none-eabi/11.3.1/thumb/v7-m/nofp/crti.o
                0x000000000800dcac                _fini
 .fini          0x000000000800dcb0        0x8 C:/ST/STM32CubeIDE_1.14.1/STM32CubeIDE/plugins/com.st.stm32cube.ide.mcu.externaltools.gnu-tools-for-stm32.11.3.rel1.win32_1.1.100.202309141235/tools/bin/../lib/gcc/arm-none-eabi/11.3.1/thumb/v7-m/nofp/crtn.o
                0x000000000800dcb8                . = ALIGN (0x4)
                0x000000000800dcb8                _etext = .

.vfp11_veneer   0x000000000800dcb8        0x0
 .vfp11_veneer  0x000000000800dcb8        0x0 linker stubs

.v4_bx          0x000000000800dcb8        0x0
 .v4_bx         0x000000000800dcb8        0x0 linker stubs

.iplt           0x000000000800dcb8        0x0
 .iplt          0x000000000800dcb8        0x0 C:/ST/STM32CubeIDE_1.14.1/STM32CubeIDE/plugins/com.st.stm32cube.ide.mcu.externaltools.gnu-tools-for-stm32.11.3.rel1.win32_1.1.100.202309141235/tools/bin/../lib/gcc/arm-none-eabi/11.3.1/thumb/v7-m/nofp/crtbegin.o

.rodata         0x000000000800dcb8      0x3e4
                0x000000000800dcb8                . = ALIGN (0x4)
 *(.rodata)
 .rodata        0x000000000800dcb8      0x132 ./Core/Src/ESP01.o
 *fill*         0x000000000800ddea        0x2 
 .rodata        0x000000000800ddec       0x48 ./Core/Src/main.o
 .rodata        0x000000000800de34       0x46 ./USB_DEVICE/App/usbd_desc.o
 *(.rodata*)
 *fill*         0x000000000800de7a        0x2 
 .rodata.ATAT   0x000000000800de7c        0x5 ./Core/Src/ESP01.o
                0x000000000800de7c                ATAT
 *fill*         0x000000000800de81        0x3 
 .rodata.ATCIPMUX
                0x000000000800de84        0xe ./Core/Src/ESP01.o
                0x000000000800de84                ATCIPMUX
 *fill*         0x000000000800de92        0x2 
 .rodata.ATCWMODE
                0x000000000800de94        0xe ./Core/Src/ESP01.o
                0x000000000800de94                ATCWMODE
 *fill*         0x000000000800dea2        0x2 
 .rodata.ATCWJAP
                0x000000000800dea4        0xa ./Core/Src/ESP01.o
                0x000000000800dea4                ATCWJAP
 *fill*         0x000000000800deae        0x2 
 .rodata.ATCIFSR
                0x000000000800deb0        0xb ./Core/Src/ESP01.o
                0x000000000800deb0                ATCIFSR
 *fill*         0x000000000800debb        0x1 
 .rodata.ATCIPSTART
                0x000000000800debc        0xd ./Core/Src/ESP01.o
                0x000000000800debc                ATCIPSTART
 *fill*         0x000000000800dec9        0x3 
 .rodata.ATCIPCLOSE
                0x000000000800decc        0xe ./Core/Src/ESP01.o
                0x000000000800decc                ATCIPCLOSE
 *fill*         0x000000000800deda        0x2 
 .rodata.ATCIPSEND
                0x000000000800dedc        0xc ./Core/Src/ESP01.o
                0x000000000800dedc                ATCIPSEND
 .rodata.respAT
                0x000000000800dee8        0x8 ./Core/Src/ESP01.o
                0x000000000800dee8                respAT
 .rodata.respATp
                0x000000000800def0        0x8 ./Core/Src/ESP01.o
                0x000000000800def0                respATp
 .rodata.respOK
                0x000000000800def8        0x9 ./Core/Src/ESP01.o
                0x000000000800def8                respOK
 *fill*         0x000000000800df01        0x3 
 .rodata.respERROR
                0x000000000800df04        0xc ./Core/Src/ESP01.o
                0x000000000800df04                respERROR
 .rodata.respWIFIGOTIP
                0x000000000800df10       0x12 ./Core/Src/ESP01.o
                0x000000000800df10                respWIFIGOTIP
 *fill*         0x000000000800df22        0x2 
 .rodata.respWIFICONNECTED
                0x000000000800df24       0x15 ./Core/Src/ESP01.o
                0x000000000800df24                respWIFICONNECTED
 *fill*         0x000000000800df39        0x3 
 .rodata.respWIFIDISCONNECT
                0x000000000800df3c       0x16 ./Core/Src/ESP01.o
                0x000000000800df3c                respWIFIDISCONNECT
 *fill*         0x000000000800df52        0x2 
 .rodata.respWIFIDISCONNECTED
                0x000000000800df54       0x18 ./Core/Src/ESP01.o
                0x000000000800df54                respWIFIDISCONNECTED
 .rodata.respDISCONNECTED
                0x000000000800df6c       0x13 ./Core/Src/ESP01.o
                0x000000000800df6c                respDISCONNECTED
 *fill*         0x000000000800df7f        0x1 
 .rodata.respSENDOK
                0x000000000800df80        0xe ./Core/Src/ESP01.o
                0x000000000800df80                respSENDOK
 *fill*         0x000000000800df8e        0x2 
 .rodata.respCONNECT
                0x000000000800df90        0xe ./Core/Src/ESP01.o
                0x000000000800df90                respCONNECT
 *fill*         0x000000000800df9e        0x2 
 .rodata.respCLOSED
                0x000000000800dfa0        0xd ./Core/Src/ESP01.o
                0x000000000800dfa0                respCLOSED
 *fill*         0x000000000800dfad        0x3 
 .rodata.respCIFSRAPIP
                0x000000000800dfb0       0x11 ./Core/Src/ESP01.o
                0x000000000800dfb0                respCIFSRAPIP
 *fill*         0x000000000800dfc1        0x3 
 .rodata.respBUSY
                0x000000000800dfc4        0xb ./Core/Src/ESP01.o
                0x000000000800dfc4                respBUSY
 *fill*         0x000000000800dfcf        0x1 
 .rodata.respIPD
                0x000000000800dfd0        0x9 ./Core/Src/ESP01.o
                0x000000000800dfd0                respIPD
 *fill*         0x000000000800dfd9        0x3 
 .rodata.respReady
                0x000000000800dfdc        0xc ./Core/Src/ESP01.o
                0x000000000800dfdc                respReady
 .rodata.respBUSYP
                0x000000000800dfe8        0xb ./Core/Src/ESP01.o
                0x000000000800dfe8                respBUSYP
 *fill*         0x000000000800dff3        0x1 
 .rodata.respBUSYS
                0x000000000800dff4        0xb ./Core/Src/ESP01.o
                0x000000000800dff4                respBUSYS
 *fill*         0x000000000800dfff        0x1 
 .rodata.responses
                0x000000000800e000       0x4c ./Core/Src/ESP01.o
                0x000000000800e000                responses
 .rodata.AHBPrescTable
                0x000000000800e04c       0x10 ./Core/Src/system_stm32f1xx.o
                0x000000000800e04c                AHBPrescTable
 .rodata.APBPrescTable
                0x000000000800e05c        0x8 ./Core/Src/system_stm32f1xx.o
                0x000000000800e05c                APBPrescTable
 .rodata.aPLLMULFactorTable.1
                0x000000000800e064       0x10 ./Drivers/STM32F1xx_HAL_Driver/Src/stm32f1xx_hal_rcc.o
 .rodata.aPredivFactorTable.0
                0x000000000800e074        0x2 ./Drivers/STM32F1xx_HAL_Driver/Src/stm32f1xx_hal_rcc.o
 .rodata.__utoa.str1.1
                0x000000000800e076       0x25 C:/ST/STM32CubeIDE_1.14.1/STM32CubeIDE/plugins/com.st.stm32cube.ide.mcu.externaltools.gnu-tools-for-stm32.11.3.rel1.win32_1.1.100.202309141235/tools/bin/../lib/gcc/arm-none-eabi/11.3.1/../../../../arm-none-eabi/lib/thumb/v7-m/nofp\libc_nano.a(libc_a-utoa.o)
                0x000000000800e09c                . = ALIGN (0x4)
 *fill*         0x000000000800e09b        0x1 

.rel.dyn        0x000000000800e09c        0x0
 .rel.iplt      0x000000000800e09c        0x0 C:/ST/STM32CubeIDE_1.14.1/STM32CubeIDE/plugins/com.st.stm32cube.ide.mcu.externaltools.gnu-tools-for-stm32.11.3.rel1.win32_1.1.100.202309141235/tools/bin/../lib/gcc/arm-none-eabi/11.3.1/thumb/v7-m/nofp/crtbegin.o

.ARM.extab      0x000000000800e09c        0x0
                0x000000000800e09c                . = ALIGN (0x4)
 *(.ARM.extab* .gnu.linkonce.armextab.*)
                0x000000000800e09c                . = ALIGN (0x4)

.ARM            0x000000000800e09c        0x0
                0x000000000800e09c                . = ALIGN (0x4)
                0x000000000800e09c                __exidx_start = .
 *(.ARM.exidx*)
                0x000000000800e09c                __exidx_end = .
                0x000000000800e09c                . = ALIGN (0x4)

.preinit_array  0x000000000800e09c        0x0
                0x000000000800e09c                . = ALIGN (0x4)
                0x000000000800e09c                PROVIDE (__preinit_array_start = .)
 *(.preinit_array*)
                0x000000000800e09c                PROVIDE (__preinit_array_end = .)
                0x000000000800e09c                . = ALIGN (0x4)

.init_array     0x000000000800e09c        0x4
                0x000000000800e09c                . = ALIGN (0x4)
                0x000000000800e09c                PROVIDE (__init_array_start = .)
 *(SORT_BY_NAME(.init_array.*))
 *(.init_array*)
 .init_array    0x000000000800e09c        0x4 C:/ST/STM32CubeIDE_1.14.1/STM32CubeIDE/plugins/com.st.stm32cube.ide.mcu.externaltools.gnu-tools-for-stm32.11.3.rel1.win32_1.1.100.202309141235/tools/bin/../lib/gcc/arm-none-eabi/11.3.1/thumb/v7-m/nofp/crtbegin.o
                0x000000000800e0a0                PROVIDE (__init_array_end = .)
                0x000000000800e0a0                . = ALIGN (0x4)

.fini_array     0x000000000800e0a0        0x4
                0x000000000800e0a0                . = ALIGN (0x4)
                [!provide]                        PROVIDE (__fini_array_start = .)
 *(SORT_BY_NAME(.fini_array.*))
 *(.fini_array*)
 .fini_array    0x000000000800e0a0        0x4 C:/ST/STM32CubeIDE_1.14.1/STM32CubeIDE/plugins/com.st.stm32cube.ide.mcu.externaltools.gnu-tools-for-stm32.11.3.rel1.win32_1.1.100.202309141235/tools/bin/../lib/gcc/arm-none-eabi/11.3.1/thumb/v7-m/nofp/crtbegin.o
                [!provide]                        PROVIDE (__fini_array_end = .)
                0x000000000800e0a4                . = ALIGN (0x4)
                0x000000000800e0a4                _sidata = LOADADDR (.data)

.data           0x0000000020000000      0x194 load address 0x000000000800e0a4
                0x0000000020000000                . = ALIGN (0x4)
                0x0000000020000000                _sdata = .
 *(.data)
 *(.data*)
 .data.esp01PROTO
                0x0000000020000000        0x4 ./Core/Src/ESP01.o
 .data.HEADER   0x0000000020000004        0x7 ./Core/Src/UNERBUS.o
 .data.time10ms
                0x000000002000000b        0x1 ./Core/Src/main.o
                0x000000002000000b                time10ms
 .data.time100ms
                0x000000002000000c        0x1 ./Core/Src/main.o
                0x000000002000000c                time100ms
 .data.timeOutButton
                0x000000002000000d        0x1 ./Core/Src/main.o
                0x000000002000000d                timeOutButton
 .data.timeOutAlive
                0x000000002000000e        0x1 ./Core/Src/main.o
                0x000000002000000e                timeOutAlive
 *fill*         0x000000002000000f        0x1 
 .data.myHB     0x0000000020000010        0x4 ./Core/Src/main.o
                0x0000000020000010                myHB
 .data.maskHB   0x0000000020000014        0x4 ./Core/Src/main.o
                0x0000000020000014                maskHB
 .data.SystemCoreClock
                0x0000000020000018        0x4 ./Core/Src/system_stm32f1xx.o
                0x0000000020000018                SystemCoreClock
 .data.uwTickPrio
                0x000000002000001c        0x4 ./Drivers/STM32F1xx_HAL_Driver/Src/stm32f1xx_hal.o
                0x000000002000001c                uwTickPrio
 .data.uwTickFreq
                0x0000000020000020        0x1 ./Drivers/STM32F1xx_HAL_Driver/Src/stm32f1xx_hal.o
                0x0000000020000020                uwTickFreq
 *fill*         0x0000000020000021        0x3 
 .data.USBD_CDC_DeviceQualifierDesc
                0x0000000020000024        0xa ./Middlewares/ST/STM32_USB_Device_Library/Class/CDC/Src/usbd_cdc.o
 *fill*         0x000000002000002e        0x2 
 .data.USBD_CDC
                0x0000000020000030       0x38 ./Middlewares/ST/STM32_USB_Device_Library/Class/CDC/Src/usbd_cdc.o
                0x0000000020000030                USBD_CDC
 .data.USBD_CDC_CfgHSDesc
                0x0000000020000068       0x43 ./Middlewares/ST/STM32_USB_Device_Library/Class/CDC/Src/usbd_cdc.o
                0x0000000020000068                USBD_CDC_CfgHSDesc
 *fill*         0x00000000200000ab        0x1 
 .data.USBD_CDC_CfgFSDesc
                0x00000000200000ac       0x43 ./Middlewares/ST/STM32_USB_Device_Library/Class/CDC/Src/usbd_cdc.o
                0x00000000200000ac                USBD_CDC_CfgFSDesc
 *fill*         0x00000000200000ef        0x1 
 .data.USBD_CDC_OtherSpeedCfgDesc
                0x00000000200000f0       0x43 ./Middlewares/ST/STM32_USB_Device_Library/Class/CDC/Src/usbd_cdc.o
                0x00000000200000f0                USBD_CDC_OtherSpeedCfgDesc
 *fill*         0x0000000020000133        0x1 
 .data.USBD_Interface_fops_FS
                0x0000000020000134       0x10 ./USB_DEVICE/App/usbd_cdc_if.o
                0x0000000020000134                USBD_Interface_fops_FS
 .data.FS_Desc  0x0000000020000144       0x1c ./USB_DEVICE/App/usbd_desc.o
                0x0000000020000144                FS_Desc
 .data.USBD_FS_DeviceDesc
                0x0000000020000160       0x12 ./USB_DEVICE/App/usbd_desc.o
                0x0000000020000160                USBD_FS_DeviceDesc
 *fill*         0x0000000020000172        0x2 
 .data.USBD_LangIDDesc
                0x0000000020000174        0x4 ./USB_DEVICE/App/usbd_desc.o
                0x0000000020000174                USBD_LangIDDesc
 .data.USBD_StringSerial
                0x0000000020000178       0x1a ./USB_DEVICE/App/usbd_desc.o
                0x0000000020000178                USBD_StringSerial
 *(.RamFunc)
 *(.RamFunc*)
                0x0000000020000194                . = ALIGN (0x4)
 *fill*         0x0000000020000192        0x2 
                0x0000000020000194                _edata = .

.igot.plt       0x0000000020000194        0x0 load address 0x000000000800e238
 .igot.plt      0x0000000020000194        0x0 C:/ST/STM32CubeIDE_1.14.1/STM32CubeIDE/plugins/com.st.stm32cube.ide.mcu.externaltools.gnu-tools-for-stm32.11.3.rel1.win32_1.1.100.202309141235/tools/bin/../lib/gcc/arm-none-eabi/11.3.1/thumb/v7-m/nofp/crtbegin.o
                0x0000000020000194                . = ALIGN (0x4)

.bss            0x0000000020000194     0x1888 load address 0x000000000800e238
                0x0000000020000194                _sbss = .
                0x0000000020000194                __bss_start__ = _sbss
 *(.bss)
 .bss           0x0000000020000194       0x1c C:/ST/STM32CubeIDE_1.14.1/STM32CubeIDE/plugins/com.st.stm32cube.ide.mcu.externaltools.gnu-tools-for-stm32.11.3.rel1.win32_1.1.100.202309141235/tools/bin/../lib/gcc/arm-none-eabi/11.3.1/thumb/v7-m/nofp/crtbegin.o
 *(.bss*)
 .bss.esp01ATSate
                0x00000000200001b0        0x1 ./Core/Src/ESP01.o
 *fill*         0x00000000200001b1        0x3 
 .bss.esp01Flags
                0x00000000200001b4        0x1 ./Core/Src/ESP01.o
 *fill*         0x00000000200001b5        0x3 
 .bss.esp01TimeoutTask
                0x00000000200001b8        0x4 ./Core/Src/ESP01.o
 .bss.esp01TimeoutDataRx
                0x00000000200001bc        0x4 ./Core/Src/ESP01.o
 .bss.esp01TimeoutTxSymbol
                0x00000000200001c0        0x4 ./Core/Src/ESP01.o
 .bss.ESP01ChangeState
                0x00000000200001c4        0x4 ./Core/Src/ESP01.o
 .bss.ESP01DbgStr
                0x00000000200001c8        0x4 ./Core/Src/ESP01.o
 .bss.esp01SSID
                0x00000000200001cc       0x40 ./Core/Src/ESP01.o
 .bss.esp01PASSWORD
                0x000000002000020c       0x20 ./Core/Src/ESP01.o
 .bss.esp01RemoteIP
                0x000000002000022c       0x10 ./Core/Src/ESP01.o
 .bss.esp01RemotePORT
                0x000000002000023c        0x6 ./Core/Src/ESP01.o
 *fill*         0x0000000020000242        0x2 
 .bss.esp01LocalIP
                0x0000000020000244       0x10 ./Core/Src/ESP01.o
 .bss.esp01LocalPORT
                0x0000000020000254        0x6 ./Core/Src/ESP01.o
 .bss.esp01HState
                0x000000002000025a        0x1 ./Core/Src/ESP01.o
 *fill*         0x000000002000025b        0x1 
 .bss.esp01nBytes
                0x000000002000025c        0x2 ./Core/Src/ESP01.o
 *fill*         0x000000002000025e        0x2 
 .bss.esp01RXATBuf
                0x0000000020000260       0x80 ./Core/Src/ESP01.o
 .bss.esp01TXATBuf
                0x00000000200002e0      0x100 ./Core/Src/ESP01.o
 .bss.esp01iwRXAT
                0x00000000200003e0        0x2 ./Core/Src/ESP01.o
 .bss.esp01irRXAT
                0x00000000200003e2        0x2 ./Core/Src/ESP01.o
 .bss.esp01irTX
                0x00000000200003e4        0x2 ./Core/Src/ESP01.o
 .bss.esp01iwTX
                0x00000000200003e6        0x2 ./Core/Src/ESP01.o
 .bss.esp01TriesAT
                0x00000000200003e8        0x1 ./Core/Src/ESP01.o
 *fill*         0x00000000200003e9        0x3 
 .bss.esp01Handle
                0x00000000200003ec        0xc ./Core/Src/ESP01.o
 .bss.indexResponse
                0x00000000200003f8        0x1 ./Core/Src/ESP01.o
 .bss.indexResponseChar
                0x00000000200003f9        0x1 ./Core/Src/ESP01.o
 *fill*         0x00000000200003fa        0x2 
 .bss.bufData   0x00000000200003fc        0xe ./Core/Src/MPU6050.o
                0x00000000200003fc                bufData
 *fill*         0x000000002000040a        0x2 
 .bss.w         0x000000002000040c        0x4 ./Core/Src/UNERBUS.o
 .bss.PRESSED   0x0000000020000410        0x1 ./Core/Src/button.o
                0x0000000020000410                PRESSED
 *fill*         0x0000000020000411        0x3 
 .bss.hadc1     0x0000000020000414       0x30 ./Core/Src/main.o
                0x0000000020000414                hadc1
 .bss.hadc2     0x0000000020000444       0x30 ./Core/Src/main.o
                0x0000000020000444                hadc2
 .bss.hdma_adc1
                0x0000000020000474       0x44 ./Core/Src/main.o
                0x0000000020000474                hdma_adc1
 .bss.hi2c2     0x00000000200004b8       0x54 ./Core/Src/main.o
                0x00000000200004b8                hi2c2
 .bss.hdma_i2c2_rx
                0x000000002000050c       0x44 ./Core/Src/main.o
                0x000000002000050c                hdma_i2c2_rx
 .bss.htim1     0x0000000020000550       0x48 ./Core/Src/main.o
                0x0000000020000550                htim1
 .bss.htim4     0x0000000020000598       0x48 ./Core/Src/main.o
                0x0000000020000598                htim4
 .bss.huart1    0x00000000200005e0       0x48 ./Core/Src/main.o
                0x00000000200005e0                huart1
 .bss.flag1     0x0000000020000628        0x1 ./Core/Src/main.o
                0x0000000020000628                flag1
 *fill*         0x0000000020000629        0x3 
 .bss.w         0x000000002000062c        0x4 ./Core/Src/main.o
                0x000000002000062c                w
 .bss.esp01     0x0000000020000630        0xc ./Core/Src/main.o
                0x0000000020000630                esp01
 .bss.unerbusPC
                0x000000002000063c       0x24 ./Core/Src/main.o
                0x000000002000063c                unerbusPC
 .bss.unerbusESP01
                0x0000000020000660       0x24 ./Core/Src/main.o
                0x0000000020000660                unerbusESP01
 .bss.myADC     0x0000000020000684      0x448 ./Core/Src/main.o
                0x0000000020000684                myADC
 .bss.myTCRT5000
                0x0000000020000acc       0xc0 ./Core/Src/main.o
                0x0000000020000acc                myTCRT5000
 .bss.myButton  0x0000000020000b8c        0xc ./Core/Src/main.o
                0x0000000020000b8c                myButton
 .bss.mpuValues
                0x0000000020000b98       0x18 ./Core/Src/main.o
                0x0000000020000b98                mpuValues
 .bss.bufRXPC   0x0000000020000bb0       0x80 ./Core/Src/main.o
                0x0000000020000bb0                bufRXPC
 .bss.bufTXPC   0x0000000020000c30      0x100 ./Core/Src/main.o
                0x0000000020000c30                bufTXPC
 .bss.bufRXESP01
                0x0000000020000d30       0x80 ./Core/Src/main.o
                0x0000000020000d30                bufRXESP01
 .bss.bufTXESP01
                0x0000000020000db0       0x80 ./Core/Src/main.o
                0x0000000020000db0                bufTXESP01
 .bss.dataRXESP01
                0x0000000020000e30        0x1 ./Core/Src/main.o
                0x0000000020000e30                dataRXESP01
 .bss.rxUSBData
                0x0000000020000e31        0x1 ./Core/Src/main.o
                0x0000000020000e31                rxUSBData
 .bss.mode      0x0000000020000e32        0x1 ./Core/Src/main.o
                0x0000000020000e32                mode
 *fill*         0x0000000020000e33        0x1 
 .bss.uwTick    0x0000000020000e34        0x4 ./Drivers/STM32F1xx_HAL_Driver/Src/stm32f1xx_hal.o
                0x0000000020000e34                uwTick
 .bss.cfgidx.0  0x0000000020000e38        0x1 ./Middlewares/ST/STM32_USB_Device_Library/Core/Src/usbd_ctlreq.o
 *fill*         0x0000000020000e39        0x3 
 .bss.hUsbDeviceFS
                0x0000000020000e3c      0x2c4 ./USB_DEVICE/App/usb_device.o
                0x0000000020000e3c                hUsbDeviceFS
 .bss.UserRxBufferFS
                0x0000000020001100      0x100 ./USB_DEVICE/App/usbd_cdc_if.o
                0x0000000020001100                UserRxBufferFS
 .bss.UserTxBufferFS
                0x0000000020001200      0x100 ./USB_DEVICE/App/usbd_cdc_if.o
                0x0000000020001200                UserTxBufferFS
 .bss.myLineCodeBuf
                0x0000000020001300        0x7 ./USB_DEVICE/App/usbd_cdc_if.o
                0x0000000020001300                myLineCodeBuf
 *fill*         0x0000000020001307        0x1 
 .bss.aPtrFunRx
                0x0000000020001308        0x4 ./USB_DEVICE/App/usbd_cdc_if.o
 .bss.USBD_StrDesc
                0x000000002000130c      0x200 ./USB_DEVICE/App/usbd_desc.o
                0x000000002000130c                USBD_StrDesc
 .bss.hpcd_USB_FS
                0x000000002000150c      0x2f0 ./USB_DEVICE/Target/usbd_conf.o
                0x000000002000150c                hpcd_USB_FS
 .bss.mem.0     0x00000000200017fc      0x220 ./USB_DEVICE/Target/usbd_conf.o
 *(COMMON)
                0x0000000020001a1c                . = ALIGN (0x4)
                0x0000000020001a1c                _ebss = .
                0x0000000020001a1c                __bss_end__ = _ebss

._user_heap_stack
                0x0000000020001a1c      0x604 load address 0x000000000800e238
                0x0000000020001a20                . = ALIGN (0x8)
 *fill*         0x0000000020001a1c        0x4 
                [!provide]                        PROVIDE (end = .)
                0x0000000020001a20                PROVIDE (_end = .)
                0x0000000020001c20                . = (. + _Min_Heap_Size)
 *fill*         0x0000000020001a20      0x200 
                0x0000000020002020                . = (. + _Min_Stack_Size)
 *fill*         0x0000000020001c20      0x400 
                0x0000000020002020                . = ALIGN (0x8)

/DISCARD/
 libc.a(*)
 libm.a(*)
 libgcc.a(*)

.ARM.attributes
                0x0000000000000000       0x29
 *(.ARM.attributes)
 .ARM.attributes
                0x0000000000000000       0x1d C:/ST/STM32CubeIDE_1.14.1/STM32CubeIDE/plugins/com.st.stm32cube.ide.mcu.externaltools.gnu-tools-for-stm32.11.3.rel1.win32_1.1.100.202309141235/tools/bin/../lib/gcc/arm-none-eabi/11.3.1/thumb/v7-m/nofp/crti.o
 .ARM.attributes
                0x000000000000001d       0x2d C:/ST/STM32CubeIDE_1.14.1/STM32CubeIDE/plugins/com.st.stm32cube.ide.mcu.externaltools.gnu-tools-for-stm32.11.3.rel1.win32_1.1.100.202309141235/tools/bin/../lib/gcc/arm-none-eabi/11.3.1/thumb/v7-m/nofp/crtbegin.o
 .ARM.attributes
                0x000000000000004a       0x2d ./Core/Src/ESP01.o
 .ARM.attributes
                0x0000000000000077       0x2d ./Core/Src/MPU6050.o
 .ARM.attributes
                0x00000000000000a4       0x2d ./Core/Src/UNERBUS.o
 .ARM.attributes
                0x00000000000000d1       0x2d ./Core/Src/button.o
 .ARM.attributes
                0x00000000000000fe       0x2d ./Core/Src/main.o
 .ARM.attributes
                0x000000000000012b       0x2d ./Core/Src/stm32f1xx_hal_msp.o
 .ARM.attributes
                0x0000000000000158       0x2d ./Core/Src/stm32f1xx_it.o
 .ARM.attributes
                0x0000000000000185       0x2d ./Core/Src/system_stm32f1xx.o
 .ARM.attributes
                0x00000000000001b2       0x21 ./Core/Startup/startup_stm32f103c8tx.o
 .ARM.attributes
                0x00000000000001d3       0x2d ./Drivers/STM32F1xx_HAL_Driver/Src/stm32f1xx_hal.o
 .ARM.attributes
                0x0000000000000200       0x2d ./Drivers/STM32F1xx_HAL_Driver/Src/stm32f1xx_hal_adc.o
 .ARM.attributes
                0x000000000000022d       0x2d ./Drivers/STM32F1xx_HAL_Driver/Src/stm32f1xx_hal_cortex.o
 .ARM.attributes
                0x000000000000025a       0x2d ./Drivers/STM32F1xx_HAL_Driver/Src/stm32f1xx_hal_dma.o
 .ARM.attributes
                0x0000000000000287       0x2d ./Drivers/STM32F1xx_HAL_Driver/Src/stm32f1xx_hal_gpio.o
 .ARM.attributes
                0x00000000000002b4       0x2d ./Drivers/STM32F1xx_HAL_Driver/Src/stm32f1xx_hal_i2c.o
 .ARM.attributes
                0x00000000000002e1       0x2d ./Drivers/STM32F1xx_HAL_Driver/Src/stm32f1xx_hal_pcd.o
 .ARM.attributes
                0x000000000000030e       0x2d ./Drivers/STM32F1xx_HAL_Driver/Src/stm32f1xx_hal_pcd_ex.o
 .ARM.attributes
                0x000000000000033b       0x2d ./Drivers/STM32F1xx_HAL_Driver/Src/stm32f1xx_hal_rcc.o
 .ARM.attributes
                0x0000000000000368       0x2d ./Drivers/STM32F1xx_HAL_Driver/Src/stm32f1xx_hal_rcc_ex.o
 .ARM.attributes
                0x0000000000000395       0x2d ./Drivers/STM32F1xx_HAL_Driver/Src/stm32f1xx_hal_tim.o
 .ARM.attributes
                0x00000000000003c2       0x2d ./Drivers/STM32F1xx_HAL_Driver/Src/stm32f1xx_hal_tim_ex.o
 .ARM.attributes
                0x00000000000003ef       0x2d ./Drivers/STM32F1xx_HAL_Driver/Src/stm32f1xx_hal_uart.o
 .ARM.attributes
                0x000000000000041c       0x2d ./Drivers/STM32F1xx_HAL_Driver/Src/stm32f1xx_ll_usb.o
 .ARM.attributes
                0x0000000000000449       0x2d ./Middlewares/ST/STM32_USB_Device_Library/Class/CDC/Src/usbd_cdc.o
 .ARM.attributes
                0x0000000000000476       0x2d ./Middlewares/ST/STM32_USB_Device_Library/Core/Src/usbd_core.o
 .ARM.attributes
                0x00000000000004a3       0x2d ./Middlewares/ST/STM32_USB_Device_Library/Core/Src/usbd_ctlreq.o
 .ARM.attributes
                0x00000000000004d0       0x2d ./Middlewares/ST/STM32_USB_Device_Library/Core/Src/usbd_ioreq.o
 .ARM.attributes
                0x00000000000004fd       0x2d ./USB_DEVICE/App/usb_device.o
 .ARM.attributes
                0x000000000000052a       0x2d ./USB_DEVICE/App/usbd_cdc_if.o
 .ARM.attributes
                0x0000000000000557       0x2d ./USB_DEVICE/App/usbd_desc.o
 .ARM.attributes
                0x0000000000000584       0x2d ./USB_DEVICE/Target/usbd_conf.o
 .ARM.attributes
                0x00000000000005b1       0x2d C:/ST/STM32CubeIDE_1.14.1/STM32CubeIDE/plugins/com.st.stm32cube.ide.mcu.externaltools.gnu-tools-for-stm32.11.3.rel1.win32_1.1.100.202309141235/tools/bin/../lib/gcc/arm-none-eabi/11.3.1/../../../../arm-none-eabi/lib/thumb/v7-m/nofp\libc_nano.a(libc_a-itoa.o)
 .ARM.attributes
                0x00000000000005de       0x2d C:/ST/STM32CubeIDE_1.14.1/STM32CubeIDE/plugins/com.st.stm32cube.ide.mcu.externaltools.gnu-tools-for-stm32.11.3.rel1.win32_1.1.100.202309141235/tools/bin/../lib/gcc/arm-none-eabi/11.3.1/../../../../arm-none-eabi/lib/thumb/v7-m/nofp\libc_nano.a(libc_a-utoa.o)
 .ARM.attributes
                0x000000000000060b       0x2d C:/ST/STM32CubeIDE_1.14.1/STM32CubeIDE/plugins/com.st.stm32cube.ide.mcu.externaltools.gnu-tools-for-stm32.11.3.rel1.win32_1.1.100.202309141235/tools/bin/../lib/gcc/arm-none-eabi/11.3.1/../../../../arm-none-eabi/lib/thumb/v7-m/nofp\libc_nano.a(libc_a-memset.o)
 .ARM.attributes
                0x0000000000000638       0x2d C:/ST/STM32CubeIDE_1.14.1/STM32CubeIDE/plugins/com.st.stm32cube.ide.mcu.externaltools.gnu-tools-for-stm32.11.3.rel1.win32_1.1.100.202309141235/tools/bin/../lib/gcc/arm-none-eabi/11.3.1/../../../../arm-none-eabi/lib/thumb/v7-m/nofp\libc_nano.a(libc_a-strncpy.o)
 .ARM.attributes
                0x0000000000000665       0x2d C:/ST/STM32CubeIDE_1.14.1/STM32CubeIDE/plugins/com.st.stm32cube.ide.mcu.externaltools.gnu-tools-for-stm32.11.3.rel1.win32_1.1.100.202309141235/tools/bin/../lib/gcc/arm-none-eabi/11.3.1/../../../../arm-none-eabi/lib/thumb/v7-m/nofp\libc_nano.a(libc_a-init.o)
 .ARM.attributes
                0x0000000000000692       0x2d C:/ST/STM32CubeIDE_1.14.1/STM32CubeIDE/plugins/com.st.stm32cube.ide.mcu.externaltools.gnu-tools-for-stm32.11.3.rel1.win32_1.1.100.202309141235/tools/bin/../lib/gcc/arm-none-eabi/11.3.1/../../../../arm-none-eabi/lib/thumb/v7-m/nofp\libc_nano.a(libc_a-memcpy-stub.o)
 .ARM.attributes
                0x00000000000006bf       0x17 C:/ST/STM32CubeIDE_1.14.1/STM32CubeIDE/plugins/com.st.stm32cube.ide.mcu.externaltools.gnu-tools-for-stm32.11.3.rel1.win32_1.1.100.202309141235/tools/bin/../lib/gcc/arm-none-eabi/11.3.1/../../../../arm-none-eabi/lib/thumb/v7-m/nofp\libc_nano.a(libc_a-strlen.o)
 .ARM.attributes
                0x00000000000006d6       0x1d C:/ST/STM32CubeIDE_1.14.1/STM32CubeIDE/plugins/com.st.stm32cube.ide.mcu.externaltools.gnu-tools-for-stm32.11.3.rel1.win32_1.1.100.202309141235/tools/bin/../lib/gcc/arm-none-eabi/11.3.1/thumb/v7-m/nofp/crtn.o
OUTPUT(testProject.elf elf32-littlearm)
LOAD linker stubs
LOAD C:/ST/STM32CubeIDE_1.14.1/STM32CubeIDE/plugins/com.st.stm32cube.ide.mcu.externaltools.gnu-tools-for-stm32.11.3.rel1.win32_1.1.100.202309141235/tools/bin/../lib/gcc/arm-none-eabi/11.3.1/../../../../arm-none-eabi/lib/thumb/v7-m/nofp\libc.a
LOAD C:/ST/STM32CubeIDE_1.14.1/STM32CubeIDE/plugins/com.st.stm32cube.ide.mcu.externaltools.gnu-tools-for-stm32.11.3.rel1.win32_1.1.100.202309141235/tools/bin/../lib/gcc/arm-none-eabi/11.3.1/../../../../arm-none-eabi/lib/thumb/v7-m/nofp\libm.a
LOAD C:/ST/STM32CubeIDE_1.14.1/STM32CubeIDE/plugins/com.st.stm32cube.ide.mcu.externaltools.gnu-tools-for-stm32.11.3.rel1.win32_1.1.100.202309141235/tools/bin/../lib/gcc/arm-none-eabi/11.3.1/thumb/v7-m/nofp\libgcc.a

.comment        0x0000000000000000       0x43