../Core/Src/ESP01.c:802:13:ESP01StrToBufTX	12	static
../Core/Src/ESP01.c:810:13:ESP01ByteToBufTX	8	static
../Core/Src/ESP01.c:130:6:ESP01_SetWIFI	16	static
../Core/Src/ESP01.c:147:15:ESP01_StartUDP	16	static
../Core/Src/ESP01.c:173:15:ESP01_StartTCP	16	static
../Core/Src/ESP01.c:200:6:ESP01_CloseUDPTCP	0	static
../Core/Src/ESP01.c:207:15:ESP01_StateWIFI	0	static
../Core/Src/ESP01.c:217:7:ESP01_GetLocalIP	0	static
../Core/Src/ESP01.c:225:15:ESP01_StateUDPTCP	0	static
../Core/Src/ESP01.c:236:6:ESP01_WriteRX	8	static
../Core/Src/ESP01.c:244:15:ESP01_Send	48	static
../Core/Src/ESP01.c:292:6:ESP01_Init	0	static
../Core/Src/ESP01.c:308:6:ESP01_Timeout10ms	0	static
../Core/Src/ESP01.c:331:6:ESP01_Task	40	static
../Core/Src/ESP01.c:342:6:ESP01_AttachChangeState	0	static
../Core/Src/ESP01.c:346:6:ESP01_AttachDebugStr	0	static
../Core/Src/ESP01.c:350:5:ESP01_IsHDRRST	0	static
../Core/Src/ESP01.c:356:6:ESP01_ResetActivity	0	static
