../Core/Src/ESP01.c:781:13:ESP01StrToBufTX	12	static
../Core/Src/ESP01.c:789:13:ESP01ByteToBufTX	8	static
../Core/Src/ESP01.c:128:6:ESP01_SetWIFI	16	static
../Core/Src/ESP01.c:145:15:ESP01_StartUDP	16	static
../Core/Src/ESP01.c:171:15:ESP01_StartTCP	16	static
../Core/Src/ESP01.c:198:6:ESP01_CloseUDPTCP	0	static
../Core/Src/ESP01.c:205:15:ESP01_StateWIFI	0	static
../Core/Src/ESP01.c:215:7:ESP01_GetLocalIP	0	static
../Core/Src/ESP01.c:223:15:ESP01_StateUDPTCP	0	static
../Core/Src/ESP01.c:234:6:ESP01_WriteRX	8	static
../Core/Src/ESP01.c:242:15:ESP01_Send	48	static
../Core/Src/ESP01.c:290:6:ESP01_Init	0	static
../Core/Src/ESP01.c:306:6:ESP01_Timeout10ms	0	static
../Core/Src/ESP01.c:320:6:ESP01_Task	40	static
../Core/Src/ESP01.c:331:6:ESP01_AttachChangeState	0	static
../Core/Src/ESP01.c:335:6:ESP01_AttachDebugStr	0	static
../Core/Src/ESP01.c:339:5:ESP01_IsHDRRST	0	static
