../Core/Src/main.c:429:5:ESP01WriteUSARTByte	0	static
../Core/Src/main.c:441:6:ESP01ChangeState	0	static
../Core/Src/main.c:425:6:ESP01DoCHPD	0	static
../Core/Src/main.c:437:6:ESP01WriteByteToBufRX	0	static
../Core/Src/main.c:458:6:DecodeCMD	24	static
../Core/Src/main.c:729:6:shortPress	8	static
../Core/Src/main.c:614:6:USBReceive	0	static
../Core/Src/main.c:744:6:longPress	0	static
../Core/Src/main.c:403:6:HAL_TIM_PeriodElapsedCallback	0	static
../Core/Src/main.c:414:6:HAL_ADC_ConvCpltCallback	0	static
../Core/Src/main.c:418:6:HAL_UART_RxCpltCallback	8	static
../Core/Src/main.c:590:6:Do100ms	8	static
../Core/Src/main.c:618:6:Button_Task	0	static
../Core/Src/main.c:625:6:Communication_Task	16	static
../Core/Src/main.c:649:6:Alive_Task	8	static
../Core/Src/main.c:659:6:I2C_Tasks	8	static
../Core/Src/main.c:754:6:advance	32	static
../Core/Src/main.c:884:6:turning90	0	static
../Core/Src/main.c:1012:6:advanceBlind	56	static
../Core/Src/main.c:1065:6:alignBack	32	static
../Core/Src/main.c:1090:6:handleSpeed	8	static
../Core/Src/main.c:1105:6:scanRoute	16	static
../Core/Src/main.c:1174:6:handlePath	16	static
../Core/Src/main.c:676:6:modeTask	8	static
../Core/Src/main.c:1336:6:displayTask	32	static
../Core/Src/main.c:606:6:Do1000ms	8	static
../Core/Src/main.c:1485:6:handlePosition	16	static
../Core/Src/main.c:1515:6:handleDirection	8	static
../Core/Src/main.c:821:6:turning180	32	static
../Core/Src/main.c:948:6:turn90	24	static
../Core/Src/main.c:1312:6:robotTask	16	static
../Core/Src/main.c:556:6:Do10ms	8	static
../Core/Src/main.c:1705:6:SystemClock_Config	88	static,ignoring_inline_asm
../Core/Src/main.c:1550:5:main	96	static,ignoring_inline_asm
../Core/Src/main.c:2124:6:Error_Handler	0	static,ignoring_inline_asm
