../Core/Src/main.c:277:5:ESP01WriteUSARTByte	0	static
../Core/Src/main.c:289:6:ESP01ChangeState	0	static
../Core/Src/main.c:273:6:ESP01DoCHPD	0	static
../Core/Src/main.c:285:6:ESP01WriteByteToBufRX	0	static
../Core/Src/main.c:307:6:DecodeCMD	24	static
../Core/Src/main.c:379:6:USBReceive	0	static
../Core/Src/main.c:240:6:HAL_TIM_PeriodElapsedCallback	0	static
../Core/Src/main.c:252:6:HAL_ADC_ConvCpltCallback	20	static
../Core/Src/main.c:264:6:HAL_UART_RxCpltCallback	8	static
../Core/Src/main.c:343:6:Do10ms	8	static
../Core/Src/main.c:357:6:Do100ms	8	static
../Core/Src/main.c:383:6:buttonTask	8	static
../Core/Src/main.c:403:6:communicationTask	16	static
../Core/Src/main.c:424:6:inicializarIRs	40	static
../Core/Src/main.c:432:6:aliveTask	8	static
../Core/Src/main.c:442:6:I2CTasks	16	static
../Core/Src/main.c:587:6:SystemClock_Config	88	static,ignoring_inline_asm
../Core/Src/main.c:467:5:main	64	static,ignoring_inline_asm
../Core/Src/main.c:1047:6:Error_Handler	0	static,ignoring_inline_asm
