../Core/Src/main.c:302:6:USB_Receive	0	static
../Core/Src/main.c:245:6:HAL_TIM_PeriodElapsedCallback	0	static
../Core/Src/main.c:254:6:HAL_ADC_ConvCpltCallback	0	static
../Core/Src/main.c:259:6:HAL_UART_RxCpltCallback	8	static
../Core/Src/main.c:269:6:ESP01DoCHPD	0	static
../Core/Src/main.c:273:5:ESP01WriteUSARTByte	0	static
../Core/Src/main.c:281:6:ESP01WriteByteToBufRX	0	static
../Core/Src/main.c:285:6:ESP01ChangeState	0	static
../Core/Src/main.c:309:6:heartbeatTask	8	static
../Core/Src/main.c:321:6:do10ms	8	static
../Core/Src/main.c:342:6:do100ms	8	static
../Core/Src/main.c:358:6:do500ms	8	static
../Core/Src/main.c:444:6:decodeData	80	static
../Core/Src/main.c:373:6:decodeProtocol	24	static
../Core/Src/main.c:499:6:communicationTask	16	static
../Core/Src/main.c:519:6:buttonTask	0	static
../Core/Src/main.c:329:6:do40ms	16	static
../Core/Src/main.c:535:6:stateTask	0	static
../Core/Src/main.c:549:6:init_myTCRT5000	40	static
../Core/Src/main.c:557:6:dataTask	16	static
../Core/Src/main.c:578:6:decodeCMD	16	static
../Core/Src/main.c:674:6:SystemClock_Config	88	static,ignoring_inline_asm
../Core/Src/main.c:603:5:main	64	static,ignoring_inline_asm
../Core/Src/main.c:1100:6:Error_Handler	0	static,ignoring_inline_asm
