../Core/Src/main.c:453:5:ESP01WriteUSARTByte	0	static
../Core/Src/main.c:465:6:ESP01ChangeState	0	static
../Core/Src/main.c:449:6:ESP01DoCHPD	0	static
../Core/Src/main.c:461:6:ESP01WriteByteToBufRX	0	static
../Core/Src/main.c:811:6:shortPress	8	static
../Core/Src/main.c:684:6:USBReceive	0	static
../Core/Src/main.c:825:6:longPress	16	static
../Core/Src/main.c:427:6:HAL_TIM_PeriodElapsedCallback	0	static
../Core/Src/main.c:438:6:HAL_ADC_ConvCpltCallback	0	static
../Core/Src/main.c:442:6:HAL_UART_RxCpltCallback	8	static
../Core/Src/main.c:662:6:Do100ms	8	static
../Core/Src/main.c:678:6:Do500ms	8	static
../Core/Src/main.c:688:6:Button_Task	0	static
../Core/Src/main.c:695:6:Communication_Task	16	static
../Core/Src/main.c:719:6:Alive_Task	8	static
../Core/Src/main.c:727:6:I2C_Tasks	8	static
../Core/Src/main.c:836:6:advance	40	static
../Core/Src/main.c:935:6:turn180	32	static
../Core/Src/main.c:1000:6:turn90	32	static
../Core/Src/main.c:1071:6:scanRoute	16	static
../Core/Src/main.c:1145:6:handlePath	16	static
../Core/Src/main.c:1283:6:solvePath	24	static
../Core/Src/main.c:1354:6:robotTask	16	static
../Core/Src/main.c:1378:6:displayTask	40	static
../Core/Src/main.c:1553:6:graphMaze	16	static
../Core/Src/main.c:482:6:DecodeCMD	64	static
../Core/Src/main.c:1569:6:resetPosition	0	static
../Core/Src/main.c:1576:6:resetMaze	16	static
../Core/Src/main.c:1587:6:setWall	20	static
../Core/Src/main.c:1596:6:updateWalls	16	static
../Core/Src/main.c:1625:6:floodFill	160	static
../Core/Src/main.c:758:6:modeTask	16	static
../Core/Src/main.c:1511:6:handlePosition	8	static
../Core/Src/main.c:623:6:Do10ms	8	static
../Core/Src/main.c:1692:9:isCellVisited	8	static
../Core/Src/main.c:1888:6:SystemClock_Config	88	static,ignoring_inline_asm
../Core/Src/main.c:1726:5:main	96	static,ignoring_inline_asm
../Core/Src/main.c:2307:6:Error_Handler	0	static,ignoring_inline_asm
