../Core/Src/main.c:357:5:ESP01WriteUSARTByte	0	static
../Core/Src/main.c:369:6:ESP01ChangeState	0	static
../Core/Src/main.c:353:6:ESP01DoCHPD	0	static
../Core/Src/main.c:365:6:ESP01WriteByteToBufRX	0	static
../Core/Src/main.c:386:6:DecodeCMD	24	static
../Core/Src/main.c:481:6:USBReceive	0	static
../Core/Src/main.c:321:6:HAL_TIM_PeriodElapsedCallback	0	static
../Core/Src/main.c:333:6:HAL_ADC_ConvCpltCallback	20	static
../Core/Src/main.c:345:6:HAL_UART_RxCpltCallback	8	static
../Core/Src/main.c:459:6:Do100ms	8	static
../Core/Src/main.c:485:6:buttonTask	8	static
../Core/Src/main.c:505:6:communicationTask	16	static
../Core/Src/main.c:529:6:inicializarIRs	8	static
../Core/Src/main.c:539:6:aliveTask	8	static
../Core/Src/main.c:549:6:I2CTasks	16	static
../Core/Src/main.c:579:6:convertADCtoMm	20	static
../Core/Src/main.c:440:6:Do10ms	8	static
../Core/Src/main.c:589:6:motorsTest	24	static
../Core/Src/main.c:740:6:SystemClock_Config	88	static,ignoring_inline_asm
../Core/Src/main.c:605:5:main	80	static,ignoring_inline_asm
../Core/Src/main.c:1201:6:Error_Handler	0	static,ignoring_inline_asm
