../Core/Src/main.c:392:5:ESP01WriteUSARTByte	0	static
../Core/Src/main.c:404:6:ESP01ChangeState	0	static
../Core/Src/main.c:694:6:longPress	0	static
../Core/Src/main.c:388:6:ESP01DoCHPD	0	static
../Core/Src/main.c:400:6:ESP01WriteByteToBufRX	0	static
../Core/Src/main.c:421:6:DecodeCMD	24	static
../Core/Src/main.c:681:6:shortPress	8	static
../Core/Src/main.c:564:6:USBReceive	0	static
../Core/Src/main.c:366:6:HAL_TIM_PeriodElapsedCallback	0	static
../Core/Src/main.c:377:6:HAL_ADC_ConvCpltCallback	0	static
../Core/Src/main.c:381:6:HAL_UART_RxCpltCallback	8	static
../Core/Src/main.c:525:6:Do100ms	8	static
../Core/Src/main.c:541:6:Do1000ms	24	static
../Core/Src/main.c:568:6:Button_Task	0	static
../Core/Src/main.c:575:6:Communication_Task	16	static
../Core/Src/main.c:599:6:Alive_Task	8	static
../Core/Src/main.c:609:6:I2C_Tasks	8	static
../Core/Src/main.c:625:6:modeTask	8	static
../Core/Src/main.c:699:6:advance	32	static
../Core/Src/main.c:744:6:turning180	24	static
../Core/Src/main.c:790:6:turning90	24	static
../Core/Src/main.c:880:6:scanRoute	8	static
../Core/Src/main.c:831:6:advanceBlind	40	static
../Core/Src/main.c:919:6:robotTask	16	static
../Core/Src/main.c:498:6:Do10ms	8	static
../Core/Src/main.c:1102:6:SystemClock_Config	88	static,ignoring_inline_asm
../Core/Src/main.c:951:5:main	88	static,ignoring_inline_asm
../Core/Src/main.c:1521:6:Error_Handler	0	static,ignoring_inline_asm
