../Core/Src/main.c:421:5:ESP01WriteUSARTByte	0	static
../Core/Src/main.c:433:6:ESP01ChangeState	0	static
../Core/Src/main.c:417:6:ESP01DoCHPD	0	static
../Core/Src/main.c:429:6:ESP01WriteByteToBufRX	0	static
../Core/Src/main.c:450:6:DecodeCMD	24	static
../Core/Src/main.c:712:6:shortPress	8	static
../Core/Src/main.c:608:6:USBReceive	0	static
../Core/Src/main.c:726:6:longPress	0	static
../Core/Src/main.c:395:6:HAL_TIM_PeriodElapsedCallback	0	static
../Core/Src/main.c:406:6:HAL_ADC_ConvCpltCallback	0	static
../Core/Src/main.c:410:6:HAL_UART_RxCpltCallback	8	static
../Core/Src/main.c:584:6:Do100ms	8	static
../Core/Src/main.c:612:6:Button_Task	0	static
../Core/Src/main.c:619:6:Communication_Task	16	static
../Core/Src/main.c:643:6:Alive_Task	8	static
../Core/Src/main.c:653:6:I2C_Tasks	8	static
../Core/Src/main.c:736:6:advance	24	static
../Core/Src/main.c:820:6:turn180	32	static
../Core/Src/main.c:882:6:turn90	32	static
../Core/Src/main.c:1026:6:handlePath	16	static
../Core/Src/main.c:1143:6:robotTask	16	static
../Core/Src/main.c:1167:6:displayTask	32	static
../Core/Src/main.c:600:6:Do1000ms	8	static
../Core/Src/main.c:1298:6:handlePosition	8	static
../Core/Src/main.c:961:6:scanRoute	16	static
../Core/Src/main.c:1350:6:handleDirection	0	static
../Core/Src/main.c:1354:6:funcTest	8	static
../Core/Src/main.c:670:6:modeTask	8	static
../Core/Src/main.c:550:6:Do10ms	8	static
../Core/Src/main.c:1538:6:SystemClock_Config	88	static,ignoring_inline_asm
../Core/Src/main.c:1383:5:main	88	static,ignoring_inline_asm
../Core/Src/main.c:1957:6:Error_Handler	0	static,ignoring_inline_asm
