../Core/Src/main.c:342:5:ESP01WriteUSARTByte	0	static
../Core/Src/main.c:354:6:ESP01ChangeState	0	static
../Core/Src/main.c:338:6:ESP01DoCHPD	0	static
../Core/Src/main.c:350:6:ESP01WriteByteToBufRX	0	static
../Core/Src/main.c:371:6:DecodeCMD	16	static
../Core/Src/main.c:451:6:USBReceive	0	static
../Core/Src/main.c:303:6:HAL_TIM_PeriodElapsedCallback	0	static
../Core/Src/main.c:315:6:HAL_ADC_ConvCpltCallback	0	static
../Core/Src/main.c:330:6:HAL_UART_RxCpltCallback	8	static
../Core/Src/main.c:413:6:Do10ms	8	static
../Core/Src/main.c:432:6:Do100ms	8	static
../Core/Src/main.c:455:6:Button_Task	16	static
../Core/Src/main.c:475:6:Communication_Task	16	static
../Core/Src/main.c:499:6:Alive_Task	8	static
../Core/Src/main.c:509:6:I2C_Tasks	8	static
../Core/Src/main.c:674:6:SystemClock_Config	88	static,ignoring_inline_asm
../Core/Src/main.c:540:5:main	80	static,ignoring_inline_asm
../Core/Src/main.c:1135:6:Error_Handler	0	static,ignoring_inline_asm
