../Core/Src/main.c:403:5:ESP01WriteUSARTByte	0	static
../Core/Src/main.c:415:6:ESP01ChangeState	0	static
../Core/Src/main.c:733:6:longPress	0	static
../Core/Src/main.c:399:6:ESP01DoCHPD	0	static
../Core/Src/main.c:411:6:ESP01WriteByteToBufRX	0	static
../Core/Src/main.c:432:6:DecodeCMD	24	static
../Core/Src/main.c:719:6:shortPress	8	static
../Core/Src/main.c:576:6:USBReceive	0	static
../Core/Src/main.c:374:6:HAL_TIM_PeriodElapsedCallback	0	static
../Core/Src/main.c:392:6:HAL_UART_RxCpltCallback	8	static
../Core/Src/main.c:537:6:Do100ms	8	static
../Core/Src/main.c:553:6:Do1000ms	32	static
../Core/Src/main.c:580:6:Button_Task	0	static
../Core/Src/main.c:587:6:Communication_Task	16	static
../Core/Src/main.c:611:6:Alive_Task	8	static
../Core/Src/main.c:621:6:I2C_Tasks	8	static
../Core/Src/main.c:637:6:modeTask	16	static
../Core/Src/main.c:738:6:advance	24	static
../Core/Src/main.c:797:6:turning180	24	static
../Core/Src/main.c:861:6:turning90	32	static
../Core/Src/main.c:971:6:scanRoute	8	static
../Core/Src/main.c:385:6:HAL_ADC_ConvCpltCallback	8	static
../Core/Src/main.c:918:6:advanceBlind	56	static
../Core/Src/main.c:1008:6:robotTask	16	static
../Core/Src/main.c:507:6:Do10ms	8	static
../Core/Src/main.c:1203:6:SystemClock_Config	88	static,ignoring_inline_asm
../Core/Src/main.c:1058:5:main	96	static,ignoring_inline_asm
../Core/Src/main.c:1622:6:Error_Handler	0	static,ignoring_inline_asm
