../Core/Src/main.c:347:5:ESP01WriteUSARTByte	0	static
../Core/Src/main.c:359:6:ESP01ChangeState	0	static
../Core/Src/main.c:343:6:ESP01DoCHPD	0	static
../Core/Src/main.c:355:6:ESP01WriteByteToBufRX	0	static
../Core/Src/main.c:377:6:DecodeCMD	24	static
../Core/Src/main.c:449:6:USBReceive	0	static
../Core/Src/main.c:310:6:HAL_TIM_PeriodElapsedCallback	0	static
../Core/Src/main.c:322:6:HAL_ADC_ConvCpltCallback	20	static
../Core/Src/main.c:334:6:HAL_UART_RxCpltCallback	8	static
../Core/Src/main.c:413:6:Do10ms	8	static
../Core/Src/main.c:427:6:Do100ms	8	static
../Core/Src/main.c:453:6:buttonTask	8	static
../Core/Src/main.c:473:6:communicationTask	16	static
../Core/Src/main.c:494:6:inicializarIRs	40	static
../Core/Src/main.c:502:6:aliveTask	8	static
../Core/Src/main.c:512:6:I2CTasks	16	static
../Core/Src/main.c:662:6:SystemClock_Config	88	static,ignoring_inline_asm
../Core/Src/main.c:537:5:main	64	static,ignoring_inline_asm
../Core/Src/main.c:1122:6:Error_Handler	0	static,ignoring_inline_asm
