../Core/Src/stm32f1xx_hal_msp.c:71:6:HAL_MspInit	8	static
../Core/Src/stm32f1xx_hal_msp.c:97:6:HAL_ADC_MspInit	48	static
../Core/Src/stm32f1xx_hal_msp.c:174:6:HAL_ADC_MspDeInit	8	static
../Core/Src/stm32f1xx_hal_msp.c:229:6:HAL_I2C_MspInit	40	static
../Core/Src/stm32f1xx_hal_msp.c:300:6:HAL_I2C_MspDeInit	8	static
../Core/Src/stm32f1xx_hal_msp.c:337:6:HAL_TIM_Base_MspInit	16	static
../Core/Src/stm32f1xx_hal_msp.c:362:6:HAL_TIM_PWM_MspInit	8	static
../Core/Src/stm32f1xx_hal_msp.c:378:6:HAL_TIM_MspPostInit	32	static
../Core/Src/stm32f1xx_hal_msp.c:411:6:HAL_TIM_Base_MspDeInit	0	static
../Core/Src/stm32f1xx_hal_msp.c:436:6:HAL_TIM_PWM_MspDeInit	0	static
../Core/Src/stm32f1xx_hal_msp.c:458:6:HAL_UART_MspInit	32	static
../Core/Src/stm32f1xx_hal_msp.c:500:6:HAL_UART_MspDeInit	8	static
