../Core/Src/UNERBUS.c:89:6:UNERBUS_Init	0	static
../Core/Src/UNERBUS.c:100:6:UNERBUS_Write	12	static
../Core/Src/UNERBUS.c:108:6:UNERBUS_WriteByte	8	static
../Core/Src/UNERBUS.c:113:6:UNERBUS_Send	20	static
../Core/Src/UNERBUS.c:146:6:UNERBUS_SendToBuf	20	static
../Core/Src/UNERBUS.c:180:6:UNERBUS_ReceiveByte	8	static
../Core/Src/UNERBUS.c:185:6:UNERBUS_ReceiveBuf	12	static
../Core/Src/UNERBUS.c:193:6:UNERBUS_WriteConstString	20	static
../Core/Src/UNERBUS.c:217:6:UNERBUS_GetBuf	12	static
../Core/Src/UNERBUS.c:226:9:UNERBUS_GetUInt8	0	static
../Core/Src/UNERBUS.c:233:8:UNERBUS_GetInt8	0	static
../Core/Src/UNERBUS.c:241:10:UNERBUS_GetUInt32	12	static
../Core/Src/UNERBUS.c:254:9:UNERBUS_GetInt32	12	static
../Core/Src/UNERBUS.c:267:10:UNERBUS_GetUInt16	12	static
../Core/Src/UNERBUS.c:276:9:UNERBUS_GetInt16	12	static
../Core/Src/UNERBUS.c:285:7:UNERBUS_GetFloat	12	static
../Core/Src/UNERBUS.c:298:9:UNERBUS_GetIndexRead	0	static
../Core/Src/UNERBUS.c:302:6:UNERBUS_MoveIndexRead	0	static
../Core/Src/UNERBUS.c:307:6:UNERBUS_ResetNewData	0	static
../Core/Src/UNERBUS.c:311:6:UNERBUS_Task	24	static
../Core/Src/UNERBUS.c:326:6:UNERBUS_Timeout	0	static
