../Core/Src/main.c:197:6:HAL_TIM_PeriodElapsedCallback	16	static
../Core/Src/main.c:207:6:HAL_ADC_ConvCpltCallback	16	static
../Core/Src/main.c:213:6:HAL_UART_RxCpltCallback	16	static
../Core/Src/main.c:224:6:USB_Receive	16	static
../Core/Src/main.c:231:6:heartbeatTask	8	static
../Core/Src/main.c:244:6:do10ms	4	static
../Core/Src/main.c:250:6:do40ms	8	static
../Core/Src/main.c:264:6:do100ms	8	static
../Core/Src/main.c:280:6:do500ms	8	static
../Core/Src/main.c:294:6:decodeProtocol	24	static
../Core/Src/main.c:366:6:decodeData	72	static
../Core/Src/main.c:422:6:communicationTask	16	static
../Core/Src/main.c:458:6:buttonTask	16	static
../Core/Src/main.c:475:6:stateTask	4	static
../Core/Src/main.c:493:6:init_myTCRT5000	40	static
../Core/Src/main.c:501:6:ESP01DoCHPD	16	static
../Core/Src/main.c:505:6:ESP01ChangeState	16	static
../Core/Src/main.c:527:5:main	8	static
../Core/Src/main.c:598:6:SystemClock_Config	88	static
../Core/Src/main.c:646:13:MX_ADC1_Init	24	static
../Core/Src/main.c:756:13:MX_ADC2_Init	24	static
../Core/Src/main.c:803:13:MX_TIM1_Init	32	static
../Core/Src/main.c:849:13:MX_TIM4_Init	48	static
../Core/Src/main.c:910:13:MX_USART1_UART_Init	8	static
../Core/Src/main.c:941:13:MX_DMA_Init	16	static
../Core/Src/main.c:959:13:MX_GPIO_Init	48	static
../Core/Src/main.c:1024:6:Error_Handler	4	static,ignoring_inline_asm
