../Core/Src/main.c:137:6:HAL_TIM_PeriodElapsedCallback	16	static
../Core/Src/main.c:147:6:HAL_UART_RxCpltCallback	16	static
../Core/Src/main.c:154:6:USB_Receive	16	static
../Core/Src/main.c:160:6:HAL_ADC_ConvCpltCallback	16	static
../Core/Src/main.c:164:6:heartbeatTask	8	static
../Core/Src/main.c:176:6:decodeProtocol	24	static
../Core/Src/main.c:247:6:decodeData	72	static
../Core/Src/main.c:284:6:communicationTask	16	static
../Core/Src/main.c:310:5:main	8	static
../Core/Src/main.c:390:6:SystemClock_Config	88	static
../Core/Src/main.c:438:13:MX_ADC1_Init	24	static
../Core/Src/main.c:548:13:MX_ADC2_Init	24	static
../Core/Src/main.c:595:13:MX_TIM1_Init	32	static
../Core/Src/main.c:641:13:MX_TIM4_Init	48	static
../Core/Src/main.c:702:13:MX_USART1_UART_Init	8	static
../Core/Src/main.c:733:13:MX_DMA_Init	16	static
../Core/Src/main.c:751:13:MX_GPIO_Init	48	static
../Core/Src/main.c:816:6:Error_Handler	4	static,ignoring_inline_asm
