Archive member included to satisfy reference by file (symbol)

C:/ST/STM32CubeIDE_1.14.1/STM32CubeIDE/plugins/com.st.stm32cube.ide.mcu.externaltools.gnu-tools-for-stm32.11.3.rel1.win32_1.1.100.202309141235/tools/bin/../lib/gcc/arm-none-eabi/11.3.1/../../../../arm-none-eabi/lib/thumb/v7-m/nofp\libc_nano.a(libc_a-exit.o)
                              C:/ST/STM32CubeIDE_1.14.1/STM32CubeIDE/plugins/com.st.stm32cube.ide.mcu.externaltools.gnu-tools-for-stm32.11.3.rel1.win32_1.1.100.202309141235/tools/bin/../lib/gcc/arm-none-eabi/11.3.1/../../../../arm-none-eabi/lib/thumb/v7-m/nofp/crt0.o (exit)
C:/ST/STM32CubeIDE_1.14.1/STM32CubeIDE/plugins/com.st.stm32cube.ide.mcu.externaltools.gnu-tools-for-stm32.11.3.rel1.win32_1.1.100.202309141235/tools/bin/../lib/gcc/arm-none-eabi/11.3.1/../../../../arm-none-eabi/lib/thumb/v7-m/nofp\libc_nano.a(libc_a-itoa.o)
                              ./Core/Src/ESP01.o (itoa)
C:/ST/STM32CubeIDE_1.14.1/STM32CubeIDE/plugins/com.st.stm32cube.ide.mcu.externaltools.gnu-tools-for-stm32.11.3.rel1.win32_1.1.100.202309141235/tools/bin/../lib/gcc/arm-none-eabi/11.3.1/../../../../arm-none-eabi/lib/thumb/v7-m/nofp\libc_nano.a(libc_a-rand.o)
                              ./Core/Src/main.o (srand)
C:/ST/STM32CubeIDE_1.14.1/STM32CubeIDE/plugins/com.st.stm32cube.ide.mcu.externaltools.gnu-tools-for-stm32.11.3.rel1.win32_1.1.100.202309141235/tools/bin/../lib/gcc/arm-none-eabi/11.3.1/../../../../arm-none-eabi/lib/thumb/v7-m/nofp\libc_nano.a(libc_a-utoa.o)
                              C:/ST/STM32CubeIDE_1.14.1/STM32CubeIDE/plugins/com.st.stm32cube.ide.mcu.externaltools.gnu-tools-for-stm32.11.3.rel1.win32_1.1.100.202309141235/tools/bin/../lib/gcc/arm-none-eabi/11.3.1/../../../../arm-none-eabi/lib/thumb/v7-m/nofp\libc_nano.a(libc_a-itoa.o) (__utoa)
C:/ST/STM32CubeIDE_1.14.1/STM32CubeIDE/plugins/com.st.stm32cube.ide.mcu.externaltools.gnu-tools-for-stm32.11.3.rel1.win32_1.1.100.202309141235/tools/bin/../lib/gcc/arm-none-eabi/11.3.1/../../../../arm-none-eabi/lib/thumb/v7-m/nofp\libc_nano.a(libc_a-findfp.o)
                              C:/ST/STM32CubeIDE_1.14.1/STM32CubeIDE/plugins/com.st.stm32cube.ide.mcu.externaltools.gnu-tools-for-stm32.11.3.rel1.win32_1.1.100.202309141235/tools/bin/../lib/gcc/arm-none-eabi/11.3.1/../../../../arm-none-eabi/lib/thumb/v7-m/nofp\libc_nano.a(libc_a-exit.o) (__stdio_exit_handler)
C:/ST/STM32CubeIDE_1.14.1/STM32CubeIDE/plugins/com.st.stm32cube.ide.mcu.externaltools.gnu-tools-for-stm32.11.3.rel1.win32_1.1.100.202309141235/tools/bin/../lib/gcc/arm-none-eabi/11.3.1/../../../../arm-none-eabi/lib/thumb/v7-m/nofp\libc_nano.a(libc_a-fwalk.o)
                              C:/ST/STM32CubeIDE_1.14.1/STM32CubeIDE/plugins/com.st.stm32cube.ide.mcu.externaltools.gnu-tools-for-stm32.11.3.rel1.win32_1.1.100.202309141235/tools/bin/../lib/gcc/arm-none-eabi/11.3.1/../../../../arm-none-eabi/lib/thumb/v7-m/nofp\libc_nano.a(libc_a-findfp.o) (_fwalk_sglue)
C:/ST/STM32CubeIDE_1.14.1/STM32CubeIDE/plugins/com.st.stm32cube.ide.mcu.externaltools.gnu-tools-for-stm32.11.3.rel1.win32_1.1.100.202309141235/tools/bin/../lib/gcc/arm-none-eabi/11.3.1/../../../../arm-none-eabi/lib/thumb/v7-m/nofp\libc_nano.a(libc_a-sprintf.o)
                              ./Core/Src/display.o (sprintf)
C:/ST/STM32CubeIDE_1.14.1/STM32CubeIDE/plugins/com.st.stm32cube.ide.mcu.externaltools.gnu-tools-for-stm32.11.3.rel1.win32_1.1.100.202309141235/tools/bin/../lib/gcc/arm-none-eabi/11.3.1/../../../../arm-none-eabi/lib/thumb/v7-m/nofp\libc_nano.a(libc_a-stdio.o)
                              C:/ST/STM32CubeIDE_1.14.1/STM32CubeIDE/plugins/com.st.stm32cube.ide.mcu.externaltools.gnu-tools-for-stm32.11.3.rel1.win32_1.1.100.202309141235/tools/bin/../lib/gcc/arm-none-eabi/11.3.1/../../../../arm-none-eabi/lib/thumb/v7-m/nofp\libc_nano.a(libc_a-findfp.o) (__sread)
C:/ST/STM32CubeIDE_1.14.1/STM32CubeIDE/plugins/com.st.stm32cube.ide.mcu.externaltools.gnu-tools-for-stm32.11.3.rel1.win32_1.1.100.202309141235/tools/bin/../lib/gcc/arm-none-eabi/11.3.1/../../../../arm-none-eabi/lib/thumb/v7-m/nofp\libc_nano.a(libc_a-memset.o)
                              C:/ST/STM32CubeIDE_1.14.1/STM32CubeIDE/plugins/com.st.stm32cube.ide.mcu.externaltools.gnu-tools-for-stm32.11.3.rel1.win32_1.1.100.202309141235/tools/bin/../lib/gcc/arm-none-eabi/11.3.1/../../../../arm-none-eabi/lib/thumb/v7-m/nofp/crt0.o (memset)
C:/ST/STM32CubeIDE_1.14.1/STM32CubeIDE/plugins/com.st.stm32cube.ide.mcu.externaltools.gnu-tools-for-stm32.11.3.rel1.win32_1.1.100.202309141235/tools/bin/../lib/gcc/arm-none-eabi/11.3.1/../../../../arm-none-eabi/lib/thumb/v7-m/nofp\libc_nano.a(libc_a-strncpy.o)
                              ./Core/Src/ESP01.o (strncpy)
C:/ST/STM32CubeIDE_1.14.1/STM32CubeIDE/plugins/com.st.stm32cube.ide.mcu.externaltools.gnu-tools-for-stm32.11.3.rel1.win32_1.1.100.202309141235/tools/bin/../lib/gcc/arm-none-eabi/11.3.1/../../../../arm-none-eabi/lib/thumb/v7-m/nofp\libc_nano.a(libc_a-closer.o)
[...]
Memory Configuration

Name             Origin             Length             Attributes
RAM              0x0000000020000000 0x0000000000005000 xrw
FLASH            0x0000000008000000 0x000000000000f800 xr
FLASH_EEPROM     0x000000000800f800 0x0000000000000800 xr
*default*        0x0000000000000000 0xffffffffffffffff

Linker script and memory map

LOAD C:/ST/STM32CubeIDE_1.14.1/STM32CubeIDE/plugins/com.st.stm32cube.ide.mcu.externaltools.gnu-tools-for-stm32.11.3.rel1.win32_1.1.100.202309141235/tools/bin/../lib/gcc/arm-none-eabi/11.3.1/thumb/v7-m/nofp/crti.o
LOAD C:/ST/STM32CubeIDE_1.14.1/STM32CubeIDE/plugins/com.st.stm32cube.ide.mcu.externaltools.gnu-tools-for-stm32.11.3.rel1.win32_1.1.100.202309141235/tools/bin/../lib/gcc/arm-none-eabi/11.3.1/thumb/v7-m/nofp/crtbegin.o
LOAD C:/ST/STM32CubeIDE_1.14.1/STM32CubeIDE/plugins/com.st.stm32cube.ide.mcu.externaltools.gnu-tools-for-stm32.11.3.rel1.win32_1.1.100.202309141235/tools/bin/../lib/gcc/arm-none-eabi/11.3.1/../../../../arm-none-eabi/lib/thumb/v7-m/nofp/crt0.o
LOAD ./Core/Src/ESP01.o
LOAD ./Core/Src/INFRARED.o
LOAD ./Core/Src/MPU6050.o
LOAD ./Core/Src/PID.o
LOAD ./Core/Src/UNERBUS.o
LOAD ./Core/Src/button.o
LOAD ./Core/Src/display.o
LOAD ./Core/Src/fonts.o
LOAD ./Core/Src/main.o
LOAD ./Core/Src/motor.o
LOAD ./Core/Src/stm32f1xx_hal_msp.o
LOAD ./Core/Src/stm32f1xx_it.o
LOAD ./Core/Src/syscalls.o
LOAD ./Core/Src/sysmem.o
LOAD ./Core/Src/system_stm32f1xx.o
LOAD ./Core/Startup/startup_stm32f103c8tx.o
LOAD ./Drivers/STM32F1xx_HAL_Driver/Src/stm32f1xx_hal.o
LOAD ./Drivers/STM32F1xx_HAL_Driver/Src/stm32f1xx_hal_adc.o
LOAD ./Drivers/STM32F1xx_HAL_Driver/Src/stm32f1xx_hal_adc_ex.o
LOAD ./Drivers/STM32F1xx_HAL_Driver/Src/stm32f1xx_hal_cortex.o
LOAD ./Drivers/STM32F1xx_HAL_Driver/Src/stm32f1xx_hal_dma.o
LOAD ./Drivers/STM32F1xx_HAL_Driver/Src/stm32f1xx_hal_exti.o
LOAD ./Drivers/STM32F1xx_HAL_Driver/Src/stm32f1xx_hal_flash.o
LOAD ./Drivers/STM32F1xx_HAL_Driver/Src/stm32f1xx_hal_flash_ex.o
LOAD ./Drivers/STM32F1xx_HAL_Driver/Src/stm32f1xx_hal_gpio.o
LOAD ./Drivers/STM32F1xx_HAL_Driver/Src/stm32f1xx_hal_gpio_ex.o
LOAD ./Drivers/STM32F1xx_HAL_Driver/Src/stm32f1xx_hal_i2c.o
LOAD ./Drivers/STM32F1xx_HAL_Driver/Src/stm32f1xx_hal_pcd.o
LOAD ./Drivers/STM32F1xx_HAL_Driver/Src/stm32f1xx_hal_pcd_ex.o
LOAD ./Drivers/STM32F1xx_HAL_Driver/Src/stm32f1xx_hal_pwr.o
LOAD ./Drivers/STM32F1xx_HAL_Driver/Src/stm32f1xx_hal_rcc.o
LOAD ./Drivers/STM32F1xx_HAL_Driver/Src/stm32f1xx_hal_rcc_ex.o
LOAD ./Drivers/STM32F1xx_HAL_Driver/Src/stm32f1xx_hal_tim.o
LOAD ./Drivers/STM32F1xx_HAL_Driver/Src/stm32f1xx_hal_tim_ex.o
LOAD ./Drivers/STM32F1xx_HAL_Driver/Src/stm32f1xx_hal_uart.o
LOAD ./Drivers/STM32F1xx_HAL_Driver/Src/stm32f1xx_ll_usb.o
LOAD ./Middlewares/ST/STM32_USB_Device_Library/Class/CDC/Src/usbd_cdc.o
LOAD ./Middlewares/ST/STM32_USB_Device_Library/Core/Src/usbd_core.o
LOAD ./Middlewares/ST/STM32_USB_Device_Library/Core/Src/usbd_ctlreq.o
LOAD ./Middlewares/ST/STM32_USB_Device_Library/Core/Src/usbd_ioreq.o
LOAD ./USB_DEVICE/App/usb_device.o
LOAD ./USB_DEVICE/App/usbd_cdc_if.o
LOAD ./USB_DEVICE/App/usbd_desc.o
LOAD ./USB_DEVICE/Target/usbd_conf.o
START GROUP
LOAD C:/ST/STM32CubeIDE_1.14.1/STM32CubeIDE/plugins/com.st.stm32cube.ide.mcu.externaltools.gnu-tools-for-stm32.11.3.rel1.win32_1.1.100.202309141235/tools/bin/../lib/gcc/arm-none-eabi/11.3.1/../../../../arm-none-eabi/lib/thumb/v7-m/nofp\libc_nano.a
LOAD C:/ST/STM32CubeIDE_1.14.1/STM32CubeIDE/plugins/com.st.stm32cube.ide.mcu.externaltools.gnu-tools-for-stm32.11.3.rel1.win32_1.1.100.202309141235/tools/bin/../lib/gcc/arm-none-eabi/11.3.1/../../../../arm-none-eabi/lib/thumb/v7-m/nofp\libm.a
END GROUP
START GROUP
LOAD C:/ST/STM32CubeIDE_1.14.1/STM32CubeIDE/plugins/com.st.stm32cube.ide.mcu.externaltools.gnu-tools-for-stm32.11.3.rel1.win32_1.1.100.202309141235/tools/bin/../lib/gcc/arm-none-eabi/11.3.1/thumb/v7-m/nofp\libgcc.a
LOAD C:/ST/STM32CubeIDE_1.14.1/STM32CubeIDE/plugins/com.st.stm32cube.ide.mcu.externaltools.gnu-tools-for-stm32.11.3.rel1.win32_1.1.100.202309141235/tools/bin/../lib/gcc/arm-none-eabi/11.3.1/../../../../arm-none-eabi/lib/thumb/v7-m/nofp\libc_nano.a
END GROUP
START GROUP
LOAD C:/ST/STM32CubeIDE_1.14.1/STM32CubeIDE/plugins/com.st.stm32cube.ide.mcu.externaltools.gnu-tools-for-stm32.11.3.rel1.win32_1.1.100.202309141235/tools/bin/../lib/gcc/arm-none-eabi/11.3.1/thumb/v7-m/nofp\libgcc.a
LOAD C:/ST/STM32CubeIDE_1.14.1/STM32CubeIDE/plugins/com.st.stm32cube.ide.mcu.externaltools.gnu-tools-for-stm32.11.3.rel1.win32_1.1.100.202309141235/tools/bin/../lib/gcc/arm-none-eabi/11.3.1/../../../../arm-none-eabi/lib/thumb/v7-m/nofp\libc_nano.a
LOAD C:/ST/STM32CubeIDE_1.14.1/STM32CubeIDE/plugins/com.st.stm32cube.ide.mcu.externaltools.gnu-tools-for-stm32.11.3.rel1.win32_1.1.100.202309141235/tools/bin/../lib/gcc/arm-none-eabi/11.3.1/../../../../arm-none-eabi/lib/thumb/v7-m/nofp\libnosys.a
END GROUP
START GROUP
LOAD C:/ST/STM32CubeIDE_1.14.1/STM32CubeIDE/plugins/com.st.stm32cube.ide.mcu.externaltools.gnu-tools-for-stm32.11.3.rel1.win32_1.1.100.202309141235/tools/bin/../lib/gcc/arm-none-eabi/11.3.1/thumb/v7-m/nofp\libgcc.a
LOAD C:/ST/STM32CubeIDE_1.14.1/STM32CubeIDE/plugins/com.st.stm32cube.ide.mcu.externaltools.gnu-tools-for-stm32.11.3.rel1.win32_1.1.100.202309141235/tools/bin/../lib/gcc/arm-none-eabi/11.3.1/../../../../arm-none-eabi/lib/thumb/v7-m/nofp\libc_nano.a
LOAD C:/ST/STM32CubeIDE_1.14.1/STM32CubeIDE/plugins/com.st.stm32cube.ide.mcu.externaltools.gnu-tools-for-stm32.11.3.rel1.win32_1.1.100.202309141235/tools/bin/../lib/gcc/arm-none-eabi/11.3.1/../../../../arm-none-eabi/lib/thumb/v7-m/nofp\libnosys.a
END GROUP
LOAD C:/ST/STM32CubeIDE_1.14.1/STM32CubeIDE/plugins/com.st.stm32cube.ide.mcu.externaltools.gnu-tools-for-stm32.11.3.rel1.win32_1.1.100.202309141235/tools/bin/../lib/gcc/arm-none-eabi/11.3.1/thumb/v7-m/nofp/crtend.o
LOAD C:/ST/STM32CubeIDE_1.14.1/STM32CubeIDE/plugins/com.st.stm32cube.ide.mcu.externaltools.gnu-tools-for-stm32.11.3.rel1.win32_1.1.100.202309141235/tools/bin/../lib/gcc/arm-none-eabi/11.3.1/thumb/v7-m/nofp/crtn.o
                0x0000000020005000                _estack = (ORIGIN (RAM) + LENGTH (RAM))
                0x0000000000000200                _Min_Heap_Size = 0x200
                0x0000000000000400                _Min_Stack_Size = 0x400

.isr_vector     0x0000000008000000      0x10c
                0x0000000008000000                . = ALIGN (0x4)
 *(.isr_vector)
 .isr_vector    0x0000000008000000      0x10c ./Core/Startup/startup_stm32f103c8tx.o
                0x0000000008000000                g_pfnVectors
                0x000000000800010c                . = ALIGN (0x4)

.text           0x000000000800010c     0xa86c
                0x000000000800010c                . = ALIGN (0x4)
 *(.text)
 .text          0x000000000800010c       0x40 C:/ST/STM32CubeIDE_1.14.1/STM32CubeIDE/plugins/com.st.stm32cube.ide.mcu.externaltools.gnu-tools-for-stm32.11.3.rel1.win32_1.1.100.202309141235/tools/bin/../lib/gcc/arm-none-eabi/11.3.1/thumb/v7-m/nofp/crtbegin.o
 .text          0x000000000800014c       0x10 C:/ST/STM32CubeIDE_1.14.1/STM32CubeIDE/plugins/com.st.stm32cube.ide.mcu.externaltools.gnu-tools-for-stm32.11.3.rel1.win32_1.1.100.202309141235/tools/bin/../lib/gcc/arm-none-eabi/11.3.1/../../../../arm-none-eabi/lib/thumb/v7-m/nofp\libc_nano.a(libc_a-strlen.o)
                0x000000000800014c                strlen
 .text          0x000000000800015c       0xa0 C:/ST/STM32CubeIDE_1.14.1/STM32CubeIDE/plugins/com.st.stm32cube.ide.mcu.externaltools.gnu-tools-for-stm32.11.3.rel1.win32_1.1.100.202309141235/tools/bin/../lib/gcc/arm-none-eabi/11.3.1/thumb/v7-m/nofp\libgcc.a(_aeabi_ldivmod.o)
                0x000000000800015c                __aeabi_ldivmod
 .text          0x00000000080001fc      0x2cc C:/ST/STM32CubeIDE_1.14.1/STM32CubeIDE/plugins/com.st.stm32cube.ide.mcu.externaltools.gnu-tools-for-stm32.11.3.rel1.win32_1.1.100.202309141235/tools/bin/../lib/gcc/arm-none-eabi/11.3.1/thumb/v7-m/nofp\libgcc.a(_udivmoddi4.o)
                0x00000000080001fc                __udivmoddi4
 .text          0x00000000080004c8        0x4 C:/ST/STM32CubeIDE_1.14.1/STM32CubeIDE/plugins/com.st.stm32cube.ide.mcu.externaltools.gnu-tools-for-stm32.11.3.rel1.win32_1.1.100.202309141235/tools/bin/../lib/gcc/arm-none-eabi/11.3.1/thumb/v7-m/nofp\libgcc.a(_dvmd_tls.o)
                0x00000000080004c8                __aeabi_idiv0
                0x00000000080004c8                __aeabi_ldiv0
 *(.text*)
 .text.ESP01StrToBufTX
                0x00000000080004cc       0x34 ./Core/Src/ESP01.o
 .text.ESP01ByteToBufTX
                0x0000000008000500       0x28 ./Core/Src/ESP01.o
 .text.ESP01_SetWIFI
                0x0000000008000528       0x54 ./Core/Src/ESP01.o
                0x0000000008000528                ESP01_SetWIFI
 .text.ESP01_StartUDP
                0x000000000800057c       0x8c ./Core/Src/ESP01.o
                0x000000000800057c                ESP01_StartUDP
 .text.ESP01_GetLocalIP
                0x0000000008000608       0x20 ./Core/Src/ESP01.o
                0x0000000008000608                ESP01_GetLocalIP
 .text.ESP01_WriteRX
                0x0000000008000628       0x28 ./Core/Src/ESP01.o
                0x0000000008000628                ESP01_WriteRX
 .text.ESP01_Send
                0x0000000008000650       0xfc ./Core/Src/ESP01.o
                0x0000000008000650                ESP01_Send
 .text.ESP01_Init
                0x000000000800074c       0x60 ./Core/Src/ESP01.o
                0x000000000800074c                ESP01_Init
 .text.ESP01_Timeout10ms
                0x00000000080007ac       0x38 ./Core/Src/ESP01.o
                0x00000000080007ac                ESP01_Timeout10ms
 .text.ESP01_Task
                0x00000000080007e4      0x7b0 ./Core/Src/ESP01.o
                0x00000000080007e4                ESP01_Task
 .text.ESP01_AttachChangeState
                0x0000000008000f94        0xc ./Core/Src/ESP01.o
                0x0000000008000f94                ESP01_AttachChangeState
 .text.Infrared_Init
                0x0000000008000fa0       0x54 ./Core/Src/INFRARED.o
                0x0000000008000fa0                Infrared_Init
 .text.Infrared_Filter
                0x0000000008000ff4       0x46 ./Core/Src/INFRARED.o
                0x0000000008000ff4                Infrared_Filter
 .text.Infrared_Convert
                0x000000000800103a       0x8c ./Core/Src/INFRARED.o
                0x000000000800103a                Infrared_Convert
 *fill*         0x00000000080010c6        0x2 
 .text.MPU6050_Init
                0x00000000080010c8       0xe8 ./Core/Src/MPU6050.o
                0x00000000080010c8                MPU6050_Init
 .text.MPU6050_Calibrate
                0x00000000080011b0       0xc0 ./Core/Src/MPU6050.o
                0x00000000080011b0                MPU6050_Calibrate
 .text.MPU6050_ReadAll
                0x0000000008001270       0x20 ./Core/Src/MPU6050.o
                0x0000000008001270                MPU6050_ReadAll
 .text.HAL_I2C_MemRxCpltCallback
                0x0000000008001290       0xa0 ./Core/Src/MPU6050.o
                0x0000000008001290                HAL_I2C_MemRxCpltCallback
 .text.MPU6050_ResetYaw
                0x0000000008001330       0x1c ./Core/Src/MPU6050.o
                0x0000000008001330                MPU6050_ResetYaw
 .text.PID_Init
                0x000000000800134c       0x24 ./Core/Src/PID.o
                0x000000000800134c                PID_Init
 .text.PID_Compute
                0x0000000008001370       0x66 ./Core/Src/PID.o
                0x0000000008001370                PID_Compute
 .text.PID_Reset
                0x00000000080013d6        0x8 ./Core/Src/PID.o
                0x00000000080013d6                PID_Reset
 .text.UNERBUS_Init
                0x00000000080013de       0x16 ./Core/Src/UNERBUS.o
                0x00000000080013de                UNERBUS_Init
 .text.UNERBUS_Write
                0x00000000080013f4       0x2a ./Core/Src/UNERBUS.o
                0x00000000080013f4                UNERBUS_Write
 .text.UNERBUS_WriteByte
                0x000000000800141e       0x1e ./Core/Src/UNERBUS.o
                0x000000000800141e                UNERBUS_WriteByte
 .text.UNERBUS_Send
                0x000000000800143c       0x74 ./Core/Src/UNERBUS.o
                0x000000000800143c                UNERBUS_Send
 .text.UNERBUS_ReceiveByte
                0x00000000080014b0       0x16 ./Core/Src/UNERBUS.o
                0x00000000080014b0                UNERBUS_ReceiveByte
 .text.UNERBUS_ReceiveBuf
                0x00000000080014c6       0x22 ./Core/Src/UNERBUS.o
                0x00000000080014c6                UNERBUS_ReceiveBuf
 .text.UNERBUS_GetUInt8
                0x00000000080014e8       0x20 ./Core/Src/UNERBUS.o
                0x00000000080014e8                UNERBUS_GetUInt8
 .text.UNERBUS_GetInt8
                0x0000000008001508       0x20 ./Core/Src/UNERBUS.o
                0x0000000008001508                UNERBUS_GetInt8
 .text.UNERBUS_GetUInt16
                0x0000000008001528       0x2c ./Core/Src/UNERBUS.o
                0x0000000008001528                UNERBUS_GetUInt16
 .text.UNERBUS_Task
                0x0000000008001554       0xdc ./Core/Src/UNERBUS.o
                0x0000000008001554                UNERBUS_Task
 .text.UNERBUS_Timeout
                0x0000000008001630       0x10 ./Core/Src/UNERBUS.o
                0x0000000008001630                UNERBUS_Timeout
 .text.BUTTON_Init
                0x0000000008001640       0x14 ./Core/Src/button.o
                0x0000000008001640                BUTTON_Init
 .text.BUTTON_Update
                0x0000000008001654       0x90 ./Core/Src/button.o
                0x0000000008001654                BUTTON_Update
 .text.BUTTON_Register_PressReleasedCallback
                0x00000000080016e4        0x6 ./Core/Src/button.o
                0x00000000080016e4                BUTTON_Register_PressReleasedCallback
 .text.BUTTON_Register_LongPressCallback
                0x00000000080016ea        0x6 ./Core/Src/button.o
                0x00000000080016ea                BUTTON_Register_LongPressCallback
 .text.Display_WriteCommand
                0x00000000080016f0       0x22 ./Core/Src/display.o
 *fill*         0x0000000008001712        0x2 
 .text.Display_UpdateScreen
                0x0000000008001714       0xa4 ./Core/Src/display.o
                0x0000000008001714                Display_UpdateScreen
 .text.Display_DrawPixel
                0x00000000080017b8       0x48 ./Core/Src/display.o
                0x00000000080017b8                Display_DrawPixel
 .text.Display_DrawLine
                0x0000000008001800       0xae ./Core/Src/display.o
                0x0000000008001800                Display_DrawLine
 *fill*         0x00000000080018ae        0x2 
 .text.Display_DrawFilledRectangle
                0x00000000080018b0       0x3c ./Core/Src/display.o
                0x00000000080018b0                Display_DrawFilledRectangle
 .text.Display_WriteChar
                0x00000000080018ec       0xa0 ./Core/Src/display.o
                0x00000000080018ec                Display_WriteChar
 .text.Display_WriteString
                0x000000000800198c       0x28 ./Core/Src/display.o
                0x000000000800198c                Display_WriteString
 .text.Display_Fill
                0x00000000080019b4       0x18 ./Core/Src/display.o
                0x00000000080019b4                Display_Fill
 .text.Display_Init
                0x00000000080019cc      0x184 ./Core/Src/display.o
                0x00000000080019cc                Display_Init
 .text.Display_Clear
                0x0000000008001b50        0x6 ./Core/Src/display.o
                0x0000000008001b50                Display_Clear
 *fill*         0x0000000008001b56        0x2 
 .text.Display_SetCursor
                0x0000000008001b58        0xc ./Core/Src/display.o
                0x0000000008001b58                Display_SetCursor
 .text.ESP01WriteUSARTByte
                0x0000000008001b64       0x20 ./Core/Src/main.o
                0x0000000008001b64                ESP01WriteUSARTByte
 .text.ESP01ChangeState
                0x0000000008001b84       0x34 ./Core/Src/main.o
                0x0000000008001b84                ESP01ChangeState
 .text.ESP01DoCHPD
                0x0000000008001bb8       0x10 ./Core/Src/main.o
                0x0000000008001bb8                ESP01DoCHPD
 .text.ESP01WriteByteToBufRX
                0x0000000008001bc8        0xc ./Core/Src/main.o
                0x0000000008001bc8                ESP01WriteByteToBufRX
 .text.DecodeCMD
                0x0000000008001bd4      0x214 ./Core/Src/main.o
                0x0000000008001bd4                DecodeCMD
 .text.shortPress
                0x0000000008001de8       0x48 ./Core/Src/main.o
                0x0000000008001de8                shortPress
 .text.USBReceive
                0x0000000008001e30       0x10 ./Core/Src/main.o
                0x0000000008001e30                USBReceive
 .text.longPress
                0x0000000008001e40       0x3c ./Core/Src/main.o
                0x0000000008001e40                longPress
 .text.HAL_TIM_PeriodElapsedCallback
                0x0000000008001e7c       0x44 ./Core/Src/main.o
                0x0000000008001e7c                HAL_TIM_PeriodElapsedCallback
 .text.HAL_ADC_ConvCpltCallback
                0x0000000008001ec0        0xc ./Core/Src/main.o
                0x0000000008001ec0                HAL_ADC_ConvCpltCallback
 .text.HAL_UART_RxCpltCallback
                0x0000000008001ecc       0x30 ./Core/Src/main.o
                0x0000000008001ecc                HAL_UART_RxCpltCallback
 .text.Do100ms  0x0000000008001efc       0x50 ./Core/Src/main.o
                0x0000000008001efc                Do100ms
 .text.Button_Task
                0x0000000008001f4c       0x1c ./Core/Src/main.o
                0x0000000008001f4c                Button_Task
 .text.Communication_Task
                0x0000000008001f68       0x74 ./Core/Src/main.o
                0x0000000008001f68                Communication_Task
 .text.Alive_Task
                0x0000000008001fdc       0x28 ./Core/Src/main.o
                0x0000000008001fdc                Alive_Task
 .text.I2C_Tasks
                0x0000000008002004       0x68 ./Core/Src/main.o
                0x0000000008002004                I2C_Tasks
 .text.advance  0x000000000800206c       0xf8 ./Core/Src/main.o
                0x000000000800206c                advance
 .text.turn180  0x0000000008002164      0x118 ./Core/Src/main.o
                0x0000000008002164                turn180
 .text.turn90   0x000000000800227c      0x1b4 ./Core/Src/main.o
                0x000000000800227c                turn90
 .text.handlePath
                0x0000000008002430      0x15c ./Core/Src/main.o
                0x0000000008002430                handlePath
 .text.robotTask
                0x000000000800258c       0x60 ./Core/Src/main.o
                0x000000000800258c                robotTask
 .text.displayTask
                0x00000000080025ec      0x49c ./Core/Src/main.o
                0x00000000080025ec                displayTask
 .text.Do1000ms
                0x0000000008002a88       0x1c ./Core/Src/main.o
                0x0000000008002a88                Do1000ms
 .text.handlePosition
                0x0000000008002aa4       0xcc ./Core/Src/main.o
                0x0000000008002aa4                handlePosition
 .text.scanRoute
                0x0000000008002b70      0x114 ./Core/Src/main.o
                0x0000000008002b70                scanRoute
 .text.funcTest
                0x0000000008002c84       0x78 ./Core/Src/main.o
                0x0000000008002c84                funcTest
 .text.modeTask
                0x0000000008002cfc       0xa8 ./Core/Src/main.o
                0x0000000008002cfc                modeTask
 .text.Do10ms   0x0000000008002da4       0x84 ./Core/Src/main.o
                0x0000000008002da4                Do10ms
 .text.SystemClock_Config
                0x0000000008002e28       0x82 ./Core/Src/main.o
                0x0000000008002e28                SystemClock_Config
 *fill*         0x0000000008002eaa        0x2 
 .text.startup.main
                0x0000000008002eac      0x598 ./Core/Src/main.o
                0x0000000008002eac                main
 .text.Error_Handler
                0x0000000008003444        0x4 ./Core/Src/main.o
                0x0000000008003444                Error_Handler
 .text.Motors_Init
                0x0000000008003448       0x14 ./Core/Src/motor.o
                0x0000000008003448                Motors_Init
 .text.Set_Power_Motor
                0x000000000800345c       0x7c ./Core/Src/motor.o
                0x000000000800345c                Set_Power_Motor
 .text.HAL_MspInit
                0x00000000080034d8       0x44 ./Core/Src/stm32f1xx_hal_msp.o
                0x00000000080034d8                HAL_MspInit
 .text.HAL_ADC_MspInit
                0x000000000800351c       0x94 ./Core/Src/stm32f1xx_hal_msp.o
                0x000000000800351c                HAL_ADC_MspInit
 .text.HAL_I2C_MspInit
                0x00000000080035b0       0xdc ./Core/Src/stm32f1xx_hal_msp.o
                0x00000000080035b0                HAL_I2C_MspInit
 .text.HAL_TIM_Base_MspInit
                0x000000000800368c       0x60 ./Core/Src/stm32f1xx_hal_msp.o
                0x000000000800368c                HAL_TIM_Base_MspInit
 .text.HAL_TIM_MspPostInit
                0x00000000080036ec       0x50 ./Core/Src/stm32f1xx_hal_msp.o
                0x00000000080036ec                HAL_TIM_MspPostInit
 .text.HAL_UART_MspInit
                0x000000000800373c       0x88 ./Core/Src/stm32f1xx_hal_msp.o
                0x000000000800373c                HAL_UART_MspInit
 .text.NMI_Handler
                0x00000000080037c4        0x2 ./Core/Src/stm32f1xx_it.o
                0x00000000080037c4                NMI_Handler
 .text.HardFault_Handler
                0x00000000080037c6        0x2 ./Core/Src/stm32f1xx_it.o
                0x00000000080037c6                HardFault_Handler
 .text.MemManage_Handler
                0x00000000080037c8        0x2 ./Core/Src/stm32f1xx_it.o
                0x00000000080037c8                MemManage_Handler
 .text.BusFault_Handler
                0x00000000080037ca        0x2 ./Core/Src/stm32f1xx_it.o
                0x00000000080037ca                BusFault_Handler
 .text.UsageFault_Handler
                0x00000000080037cc        0x2 ./Core/Src/stm32f1xx_it.o
                0x00000000080037cc                UsageFault_Handler
 .text.SVC_Handler
                0x00000000080037ce        0x2 ./Core/Src/stm32f1xx_it.o
                0x00000000080037ce                SVC_Handler
 .text.DebugMon_Handler
                0x00000000080037d0        0x2 ./Core/Src/stm32f1xx_it.o
                0x00000000080037d0                DebugMon_Handler
 .text.PendSV_Handler
                0x00000000080037d2        0x2 ./Core/Src/stm32f1xx_it.o
                0x00000000080037d2                PendSV_Handler
 .text.SysTick_Handler
                0x00000000080037d4        0x4 ./Core/Src/stm32f1xx_it.o
                0x00000000080037d4                SysTick_Handler
 .text.DMA1_Channel1_IRQHandler
                0x00000000080037d8        0xc ./Core/Src/stm32f1xx_it.o
                0x00000000080037d8                DMA1_Channel1_IRQHandler
 .text.DMA1_Channel4_IRQHandler
                0x00000000080037e4        0xc ./Core/Src/stm32f1xx_it.o
                0x00000000080037e4                DMA1_Channel4_IRQHandler
 .text.DMA1_Channel5_IRQHandler
                0x00000000080037f0        0xc ./Core/Src/stm32f1xx_it.o
                0x00000000080037f0                DMA1_Channel5_IRQHandler
 .text.USB_LP_CAN1_RX0_IRQHandler
                0x00000000080037fc        0xc ./Core/Src/stm32f1xx_it.o
                0x00000000080037fc                USB_LP_CAN1_RX0_IRQHandler
 .text.TIM1_UP_IRQHandler
                0x0000000008003808        0xc ./Core/Src/stm32f1xx_it.o
                0x0000000008003808                TIM1_UP_IRQHandler
 .text.I2C2_EV_IRQHandler
                0x0000000008003814        0xc ./Core/Src/stm32f1xx_it.o
                0x0000000008003814                I2C2_EV_IRQHandler
 .text.USART1_IRQHandler
                0x0000000008003820        0xc ./Core/Src/stm32f1xx_it.o
                0x0000000008003820                USART1_IRQHandler
 .text._getpid  0x000000000800382c        0x4 ./Core/Src/syscalls.o
                0x000000000800382c                _getpid
 .text._kill    0x0000000008003830       0x10 ./Core/Src/syscalls.o
                0x0000000008003830                _kill
 .text._exit    0x0000000008003840        0xc ./Core/Src/syscalls.o
                0x0000000008003840                _exit
 .text._read    0x000000000800384c       0x1c ./Core/Src/syscalls.o
                0x000000000800384c                _read
 .text._write   0x0000000008003868       0x1c ./Core/Src/syscalls.o
                0x0000000008003868                _write
 .text._close   0x0000000008003884        0x6 ./Core/Src/syscalls.o
                0x0000000008003884                _close
 .text._fstat   0x000000000800388a        0xa ./Core/Src/syscalls.o
                0x000000000800388a                _fstat
 .text._isatty  0x0000000008003894        0x4 ./Core/Src/syscalls.o
                0x0000000008003894                _isatty
 .text._lseek   0x0000000008003898        0x4 ./Core/Src/syscalls.o
                0x0000000008003898                _lseek
 .text._sbrk    0x000000000800389c       0x40 ./Core/Src/sysmem.o
                0x000000000800389c                _sbrk
 .text.SystemInit
                0x00000000080038dc        0x2 ./Core/Src/system_stm32f1xx.o
                0x00000000080038dc                SystemInit
 *fill*         0x00000000080038de        0x2 
 .text.Reset_Handler
                0x00000000080038e0       0x48 ./Core/Startup/startup_stm32f103c8tx.o
                0x00000000080038e0                Reset_Handler
 .text.Default_Handler
                0x0000000008003928        0x2 ./Core/Startup/startup_stm32f103c8tx.o
                0x0000000008003928                RTC_Alarm_IRQHandler
                0x0000000008003928                EXTI2_IRQHandler
                0x0000000008003928                TIM1_CC_IRQHandler
                0x0000000008003928                PVD_IRQHandler
                0x0000000008003928                EXTI3_IRQHandler
                0x0000000008003928                EXTI0_IRQHandler
                0x0000000008003928                ADC1_2_IRQHandler
                0x0000000008003928                SPI1_IRQHandler
                0x0000000008003928                TAMPER_IRQHandler
                0x0000000008003928                USART3_IRQHandler
                0x0000000008003928                RTC_IRQHandler
                0x0000000008003928                DMA1_Channel7_IRQHandler
                0x0000000008003928                CAN1_RX1_IRQHandler
                0x0000000008003928                TIM4_IRQHandler
                0x0000000008003928                I2C1_EV_IRQHandler
                0x0000000008003928                DMA1_Channel6_IRQHandler
                0x0000000008003928                TIM3_IRQHandler
                0x0000000008003928                RCC_IRQHandler
                0x0000000008003928                TIM1_TRG_COM_IRQHandler
                0x0000000008003928                Default_Handler
                0x0000000008003928                EXTI15_10_IRQHandler
                0x0000000008003928                EXTI9_5_IRQHandler
                0x0000000008003928                SPI2_IRQHandler
                0x0000000008003928                EXTI4_IRQHandler
                0x0000000008003928                USB_HP_CAN1_TX_IRQHandler
                0x0000000008003928                DMA1_Channel3_IRQHandler
                0x0000000008003928                WWDG_IRQHandler
                0x0000000008003928                TIM2_IRQHandler
                0x0000000008003928                TIM1_BRK_IRQHandler
                0x0000000008003928                EXTI1_IRQHandler
                0x0000000008003928                USART2_IRQHandler
                0x0000000008003928                I2C2_ER_IRQHandler
                0x0000000008003928                DMA1_Channel2_IRQHandler
                0x0000000008003928                CAN1_SCE_IRQHandler
                0x0000000008003928                FLASH_IRQHandler
                0x0000000008003928                I2C1_ER_IRQHandler
                0x0000000008003928                USBWakeUp_IRQHandler
 *fill*         0x000000000800392a        0x2 
 .text.HAL_InitTick
                0x000000000800392c       0x48 ./Drivers/STM32F1xx_HAL_Driver/Src/stm32f1xx_hal.o
                0x000000000800392c                HAL_InitTick
 .text.HAL_Init
                0x0000000008003974       0x24 ./Drivers/STM32F1xx_HAL_Driver/Src/stm32f1xx_hal.o
                0x0000000008003974                HAL_Init
 .text.HAL_IncTick
                0x0000000008003998       0x18 ./Drivers/STM32F1xx_HAL_Driver/Src/stm32f1xx_hal.o
                0x0000000008003998                HAL_IncTick
 .text.HAL_GetTick
                0x00000000080039b0        0xc ./Drivers/STM32F1xx_HAL_Driver/Src/stm32f1xx_hal.o
                0x00000000080039b0                HAL_GetTick
 .text.HAL_Delay
                0x00000000080039bc       0x24 ./Drivers/STM32F1xx_HAL_Driver/Src/stm32f1xx_hal.o
                0x00000000080039bc                HAL_Delay
 .text.ADC_DMAConvCplt
                0x00000000080039e0       0x4e ./Drivers/STM32F1xx_HAL_Driver/Src/stm32f1xx_hal_adc.o
                0x00000000080039e0                ADC_DMAConvCplt
 .text.HAL_ADC_ConvHalfCpltCallback
                0x0000000008003a2e        0x2 ./Drivers/STM32F1xx_HAL_Driver/Src/stm32f1xx_hal_adc.o
                0x0000000008003a2e                HAL_ADC_ConvHalfCpltCallback
 .text.ADC_DMAHalfConvCplt
                0x0000000008003a30        0xa ./Drivers/STM32F1xx_HAL_Driver/Src/stm32f1xx_hal_adc.o
                0x0000000008003a30                ADC_DMAHalfConvCplt
 .text.HAL_ADC_ErrorCallback
                0x0000000008003a3a        0x2 ./Drivers/STM32F1xx_HAL_Driver/Src/stm32f1xx_hal_adc.o
                0x0000000008003a3a                HAL_ADC_ErrorCallback
 .text.ADC_DMAError
                0x0000000008003a3c       0x1a ./Drivers/STM32F1xx_HAL_Driver/Src/stm32f1xx_hal_adc.o
                0x0000000008003a3c                ADC_DMAError
 *fill*         0x0000000008003a56        0x2 
 .text.HAL_ADC_ConfigChannel
                0x0000000008003a58       0xfc ./Drivers/STM32F1xx_HAL_Driver/Src/stm32f1xx_hal_adc.o
                0x0000000008003a58                HAL_ADC_ConfigChannel
 .text.ADC_Enable
                0x0000000008003b54       0x78 ./Drivers/STM32F1xx_HAL_Driver/Src/stm32f1xx_hal_adc.o
                0x0000000008003b54                ADC_Enable
 .text.HAL_ADC_Start_DMA
                0x0000000008003bcc      0x11c ./Drivers/STM32F1xx_HAL_Driver/Src/stm32f1xx_hal_adc.o
                0x0000000008003bcc                HAL_ADC_Start_DMA
 .text.ADC_ConversionStop_Disable
                0x0000000008003ce8       0x4c ./Drivers/STM32F1xx_HAL_Driver/Src/stm32f1xx_hal_adc.o
                0x0000000008003ce8                ADC_ConversionStop_Disable
 .text.HAL_ADC_Init
                0x0000000008003d34       0xfc ./Drivers/STM32F1xx_HAL_Driver/Src/stm32f1xx_hal_adc.o
                0x0000000008003d34                HAL_ADC_Init
 .text.HAL_NVIC_SetPriorityGrouping
                0x0000000008003e30       0x24 ./Drivers/STM32F1xx_HAL_Driver/Src/stm32f1xx_hal_cortex.o
                0x0000000008003e30                HAL_NVIC_SetPriorityGrouping
 .text.HAL_NVIC_SetPriority
                0x0000000008003e54       0x60 ./Drivers/STM32F1xx_HAL_Driver/Src/stm32f1xx_hal_cortex.o
                0x0000000008003e54                HAL_NVIC_SetPriority
 .text.HAL_NVIC_EnableIRQ
                0x0000000008003eb4       0x1c ./Drivers/STM32F1xx_HAL_Driver/Src/stm32f1xx_hal_cortex.o
                0x0000000008003eb4                HAL_NVIC_EnableIRQ
 .text.HAL_SYSTICK_Config
                0x0000000008003ed0       0x28 ./Drivers/STM32F1xx_HAL_Driver/Src/stm32f1xx_hal_cortex.o
                0x0000000008003ed0                HAL_SYSTICK_Config
 .text.HAL_DMA_Init
                0x0000000008003ef8       0x64 ./Drivers/STM32F1xx_HAL_Driver/Src/stm32f1xx_hal_dma.o
                0x0000000008003ef8                HAL_DMA_Init
 .text.HAL_DMA_Start_IT
                0x0000000008003f5c       0x7e ./Drivers/STM32F1xx_HAL_Driver/Src/stm32f1xx_hal_dma.o
                0x0000000008003f5c                HAL_DMA_Start_IT
 .text.HAL_DMA_Abort
                0x0000000008003fda       0x3e ./Drivers/STM32F1xx_HAL_Driver/Src/stm32f1xx_hal_dma.o
                0x0000000008003fda                HAL_DMA_Abort
 .text.HAL_DMA_Abort_IT
                0x0000000008004018       0x90 ./Drivers/STM32F1xx_HAL_Driver/Src/stm32f1xx_hal_dma.o
                0x0000000008004018                HAL_DMA_Abort_IT
 .text.HAL_DMA_IRQHandler
                0x00000000080040a8      0x128 ./Drivers/STM32F1xx_HAL_Driver/Src/stm32f1xx_hal_dma.o
                0x00000000080040a8                HAL_DMA_IRQHandler
 .text.HAL_DMA_GetState
                0x00000000080041d0        0x6 ./Drivers/STM32F1xx_HAL_Driver/Src/stm32f1xx_hal_dma.o
                0x00000000080041d0                HAL_DMA_GetState
 *fill*         0x00000000080041d6        0x2 
 .text.HAL_GPIO_Init
                0x00000000080041d8      0x1b4 ./Drivers/STM32F1xx_HAL_Driver/Src/stm32f1xx_hal_gpio.o
                0x00000000080041d8                HAL_GPIO_Init
 .text.HAL_GPIO_ReadPin
                0x000000000800438c        0xc ./Drivers/STM32F1xx_HAL_Driver/Src/stm32f1xx_hal_gpio.o
                0x000000000800438c                HAL_GPIO_ReadPin
 .text.HAL_GPIO_WritePin
                0x0000000008004398        0xa ./Drivers/STM32F1xx_HAL_Driver/Src/stm32f1xx_hal_gpio.o
                0x0000000008004398                HAL_GPIO_WritePin
 .text.I2C_IsAcknowledgeFailed
                0x00000000080043a2       0x32 ./Drivers/STM32F1xx_HAL_Driver/Src/stm32f1xx_hal_i2c.o
 .text.I2C_WaitOnFlagUntilTimeout
                0x00000000080043d4       0x80 ./Drivers/STM32F1xx_HAL_Driver/Src/stm32f1xx_hal_i2c.o
 .text.I2C_WaitOnMasterAddressFlagUntilTimeout
                0x0000000008004454       0x84 ./Drivers/STM32F1xx_HAL_Driver/Src/stm32f1xx_hal_i2c.o
 .text.I2C_WaitOnTXEFlagUntilTimeout
                0x00000000080044d8       0x54 ./Drivers/STM32F1xx_HAL_Driver/Src/stm32f1xx_hal_i2c.o
 .text.I2C_RequestMemoryWrite
                0x000000000800452c       0xb0 ./Drivers/STM32F1xx_HAL_Driver/Src/stm32f1xx_hal_i2c.o
 .text.I2C_RequestMemoryRead
                0x00000000080045dc      0x104 ./Drivers/STM32F1xx_HAL_Driver/Src/stm32f1xx_hal_i2c.o
 .text.I2C_WaitOnBTFFlagUntilTimeout
                0x00000000080046e0       0x54 ./Drivers/STM32F1xx_HAL_Driver/Src/stm32f1xx_hal_i2c.o
 .text.I2C_WaitOnRXNEFlagUntilTimeout
                0x0000000008004734       0x66 ./Drivers/STM32F1xx_HAL_Driver/Src/stm32f1xx_hal_i2c.o
 *fill*         0x000000000800479a        0x2 
 .text.HAL_I2C_Init
                0x000000000800479c      0x150 ./Drivers/STM32F1xx_HAL_Driver/Src/stm32f1xx_hal_i2c.o
                0x000000000800479c                HAL_I2C_Init
 .text.HAL_I2C_Mem_Write
                0x00000000080048ec      0x120 ./Drivers/STM32F1xx_HAL_Driver/Src/stm32f1xx_hal_i2c.o
                0x00000000080048ec                HAL_I2C_Mem_Write
 .text.HAL_I2C_Mem_Read
                0x0000000008004a0c      0x27c ./Drivers/STM32F1xx_HAL_Driver/Src/stm32f1xx_hal_i2c.o
                0x0000000008004a0c                HAL_I2C_Mem_Read
 .text.HAL_I2C_Mem_Write_DMA
                0x0000000008004c88      0x18c ./Drivers/STM32F1xx_HAL_Driver/Src/stm32f1xx_hal_i2c.o
                0x0000000008004c88                HAL_I2C_Mem_Write_DMA
 .text.HAL_I2C_Mem_Read_DMA
                0x0000000008004e14      0x1cc ./Drivers/STM32F1xx_HAL_Driver/Src/stm32f1xx_hal_i2c.o
                0x0000000008004e14                HAL_I2C_Mem_Read_DMA
 .text.HAL_I2C_MasterTxCpltCallback
                0x0000000008004fe0        0x2 ./Drivers/STM32F1xx_HAL_Driver/Src/stm32f1xx_hal_i2c.o
                0x0000000008004fe0                HAL_I2C_MasterTxCpltCallback
 .text.HAL_I2C_MasterRxCpltCallback
                0x0000000008004fe2        0x2 ./Drivers/STM32F1xx_HAL_Driver/Src/stm32f1xx_hal_i2c.o
                0x0000000008004fe2                HAL_I2C_MasterRxCpltCallback
 .text.HAL_I2C_SlaveTxCpltCallback
                0x0000000008004fe4        0x2 ./Drivers/STM32F1xx_HAL_Driver/Src/stm32f1xx_hal_i2c.o
                0x0000000008004fe4                HAL_I2C_SlaveTxCpltCallback
 .text.HAL_I2C_SlaveRxCpltCallback
                0x0000000008004fe6        0x2 ./Drivers/STM32F1xx_HAL_Driver/Src/stm32f1xx_hal_i2c.o
                0x0000000008004fe6                HAL_I2C_SlaveRxCpltCallback
 .text.HAL_I2C_AddrCallback
                0x0000000008004fe8        0x2 ./Drivers/STM32F1xx_HAL_Driver/Src/stm32f1xx_hal_i2c.o
                0x0000000008004fe8                HAL_I2C_AddrCallback
 .text.HAL_I2C_ListenCpltCallback
                0x0000000008004fea        0x2 ./Drivers/STM32F1xx_HAL_Driver/Src/stm32f1xx_hal_i2c.o
                0x0000000008004fea                HAL_I2C_ListenCpltCallback
 .text.HAL_I2C_MemTxCpltCallback
                0x0000000008004fec        0x2 ./Drivers/STM32F1xx_HAL_Driver/Src/stm32f1xx_hal_i2c.o
                0x0000000008004fec                HAL_I2C_MemTxCpltCallback
 .text.I2C_MemoryTransmit_TXE_BTF
                0x0000000008004fee       0xb0 ./Drivers/STM32F1xx_HAL_Driver/Src/stm32f1xx_hal_i2c.o
 .text.HAL_I2C_ErrorCallback
                0x000000000800509e        0x2 ./Drivers/STM32F1xx_HAL_Driver/Src/stm32f1xx_hal_i2c.o
                0x000000000800509e                HAL_I2C_ErrorCallback
 .text.I2C_DMAError
                0x00000000080050a0       0x3a ./Drivers/STM32F1xx_HAL_Driver/Src/stm32f1xx_hal_i2c.o
 .text.I2C_DMAXferCplt
                0x00000000080050da      0x108 ./Drivers/STM32F1xx_HAL_Driver/Src/stm32f1xx_hal_i2c.o
 .text.HAL_I2C_AbortCpltCallback
                0x00000000080051e2        0x2 ./Drivers/STM32F1xx_HAL_Driver/Src/stm32f1xx_hal_i2c.o
                0x00000000080051e2                HAL_I2C_AbortCpltCallback
 .text.I2C_DMAAbort
                0x00000000080051e4       0xc0 ./Drivers/STM32F1xx_HAL_Driver/Src/stm32f1xx_hal_i2c.o
 .text.I2C_ITError
                0x00000000080052a4      0x150 ./Drivers/STM32F1xx_HAL_Driver/Src/stm32f1xx_hal_i2c.o
 .text.HAL_I2C_EV_IRQHandler
                0x00000000080053f4      0x890 ./Drivers/STM32F1xx_HAL_Driver/Src/stm32f1xx_hal_i2c.o
                0x00000000080053f4                HAL_I2C_EV_IRQHandler
 .text.HAL_I2C_GetState
                0x0000000008005c84        0x6 ./Drivers/STM32F1xx_HAL_Driver/Src/stm32f1xx_hal_i2c.o
                0x0000000008005c84                HAL_I2C_GetState
 .text.HAL_PCD_Init
                0x0000000008005c8a       0xf0 ./Drivers/STM32F1xx_HAL_Driver/Src/stm32f1xx_hal_pcd.o
                0x0000000008005c8a                HAL_PCD_Init
 .text.HAL_PCD_Start
                0x0000000008005d7a       0x32 ./Drivers/STM32F1xx_HAL_Driver/Src/stm32f1xx_hal_pcd.o
                0x0000000008005d7a                HAL_PCD_Start
 .text.HAL_PCD_SetAddress
                0x0000000008005dac       0x28 ./Drivers/STM32F1xx_HAL_Driver/Src/stm32f1xx_hal_pcd.o
                0x0000000008005dac                HAL_PCD_SetAddress
 .text.HAL_PCD_IRQHandler
                0x0000000008005dd4      0x9b4 ./Drivers/STM32F1xx_HAL_Driver/Src/stm32f1xx_hal_pcd.o
                0x0000000008005dd4                HAL_PCD_IRQHandler
 .text.HAL_PCD_EP_Open
                0x0000000008006788       0x60 ./Drivers/STM32F1xx_HAL_Driver/Src/stm32f1xx_hal_pcd.o
                0x0000000008006788                HAL_PCD_EP_Open
 .text.HAL_PCD_EP_Close
                0x00000000080067e8       0x52 ./Drivers/STM32F1xx_HAL_Driver/Src/stm32f1xx_hal_pcd.o
                0x00000000080067e8                HAL_PCD_EP_Close
 .text.HAL_PCD_EP_Receive
                0x000000000800683a       0x2e ./Drivers/STM32F1xx_HAL_Driver/Src/stm32f1xx_hal_pcd.o
                0x000000000800683a                HAL_PCD_EP_Receive
 .text.HAL_PCD_EP_GetRxCount
                0x0000000008006868       0x10 ./Drivers/STM32F1xx_HAL_Driver/Src/stm32f1xx_hal_pcd.o
                0x0000000008006868                HAL_PCD_EP_GetRxCount
 .text.HAL_PCD_EP_Transmit
                0x0000000008006878       0x34 ./Drivers/STM32F1xx_HAL_Driver/Src/stm32f1xx_hal_pcd.o
                0x0000000008006878                HAL_PCD_EP_Transmit
 .text.HAL_PCD_EP_SetStall
                0x00000000080068ac       0x68 ./Drivers/STM32F1xx_HAL_Driver/Src/stm32f1xx_hal_pcd.o
                0x00000000080068ac                HAL_PCD_EP_SetStall
 .text.HAL_PCD_EP_ClrStall
                0x0000000008006914       0x64 ./Drivers/STM32F1xx_HAL_Driver/Src/stm32f1xx_hal_pcd.o
                0x0000000008006914                HAL_PCD_EP_ClrStall
 .text.HAL_PCDEx_PMAConfig
                0x0000000008006978       0x32 ./Drivers/STM32F1xx_HAL_Driver/Src/stm32f1xx_hal_pcd_ex.o
                0x0000000008006978                HAL_PCDEx_PMAConfig
 *fill*         0x00000000080069aa        0x2 
 .text.HAL_RCC_OscConfig
                0x00000000080069ac      0x338 ./Drivers/STM32F1xx_HAL_Driver/Src/stm32f1xx_hal_rcc.o
                0x00000000080069ac                HAL_RCC_OscConfig
 .text.HAL_RCC_GetSysClockFreq
                0x0000000008006ce4       0x4c ./Drivers/STM32F1xx_HAL_Driver/Src/stm32f1xx_hal_rcc.o
                0x0000000008006ce4                HAL_RCC_GetSysClockFreq
 .text.HAL_RCC_ClockConfig
                0x0000000008006d30      0x138 ./Drivers/STM32F1xx_HAL_Driver/Src/stm32f1xx_hal_rcc.o
                0x0000000008006d30                HAL_RCC_ClockConfig
 .text.HAL_RCC_GetPCLK1Freq
                0x0000000008006e68       0x20 ./Drivers/STM32F1xx_HAL_Driver/Src/stm32f1xx_hal_rcc.o
                0x0000000008006e68                HAL_RCC_GetPCLK1Freq
 .text.HAL_RCC_GetPCLK2Freq
                0x0000000008006e88       0x20 ./Drivers/STM32F1xx_HAL_Driver/Src/stm32f1xx_hal_rcc.o
                0x0000000008006e88                HAL_RCC_GetPCLK2Freq
 .text.HAL_RCCEx_PeriphCLKConfig
                0x0000000008006ea8       0xf4 ./Drivers/STM32F1xx_HAL_Driver/Src/stm32f1xx_hal_rcc_ex.o
                0x0000000008006ea8                HAL_RCCEx_PeriphCLKConfig
 .text.TIM_OC1_SetConfig
                0x0000000008006f9c       0x50 ./Drivers/STM32F1xx_HAL_Driver/Src/stm32f1xx_hal_tim.o
 .text.TIM_OC3_SetConfig
                0x0000000008006fec       0x54 ./Drivers/STM32F1xx_HAL_Driver/Src/stm32f1xx_hal_tim.o
 .text.TIM_OC4_SetConfig
                0x0000000008007040       0x44 ./Drivers/STM32F1xx_HAL_Driver/Src/stm32f1xx_hal_tim.o
 .text.HAL_TIM_Base_Start
                0x0000000008007084       0x4c ./Drivers/STM32F1xx_HAL_Driver/Src/stm32f1xx_hal_tim.o
                0x0000000008007084                HAL_TIM_Base_Start
 .text.HAL_TIM_Base_Start_IT
                0x00000000080070d0       0x54 ./Drivers/STM32F1xx_HAL_Driver/Src/stm32f1xx_hal_tim.o
                0x00000000080070d0                HAL_TIM_Base_Start_IT
 .text.HAL_TIM_PWM_MspInit
                0x0000000008007124        0x2 ./Drivers/STM32F1xx_HAL_Driver/Src/stm32f1xx_hal_tim.o
                0x0000000008007124                HAL_TIM_PWM_MspInit
 .text.HAL_TIM_OC_DelayElapsedCallback
                0x0000000008007126        0x2 ./Drivers/STM32F1xx_HAL_Driver/Src/stm32f1xx_hal_tim.o
                0x0000000008007126                HAL_TIM_OC_DelayElapsedCallback
 .text.HAL_TIM_IC_CaptureCallback
                0x0000000008007128        0x2 ./Drivers/STM32F1xx_HAL_Driver/Src/stm32f1xx_hal_tim.o
                0x0000000008007128                HAL_TIM_IC_CaptureCallback
 .text.HAL_TIM_PWM_PulseFinishedCallback
                0x000000000800712a        0x2 ./Drivers/STM32F1xx_HAL_Driver/Src/stm32f1xx_hal_tim.o
                0x000000000800712a                HAL_TIM_PWM_PulseFinishedCallback
 .text.HAL_TIM_TriggerCallback
                0x000000000800712c        0x2 ./Drivers/STM32F1xx_HAL_Driver/Src/stm32f1xx_hal_tim.o
                0x000000000800712c                HAL_TIM_TriggerCallback
 .text.HAL_TIM_IRQHandler
                0x000000000800712e      0x144 ./Drivers/STM32F1xx_HAL_Driver/Src/stm32f1xx_hal_tim.o
                0x000000000800712e                HAL_TIM_IRQHandler
 *fill*         0x0000000008007272        0x2 
 .text.TIM_Base_SetConfig
                0x0000000008007274       0x70 ./Drivers/STM32F1xx_HAL_Driver/Src/stm32f1xx_hal_tim.o
                0x0000000008007274                TIM_Base_SetConfig
 .text.HAL_TIM_Base_Init
                0x00000000080072e4       0x58 ./Drivers/STM32F1xx_HAL_Driver/Src/stm32f1xx_hal_tim.o
                0x00000000080072e4                HAL_TIM_Base_Init
 .text.HAL_TIM_PWM_Init
                0x000000000800733c       0x58 ./Drivers/STM32F1xx_HAL_Driver/Src/stm32f1xx_hal_tim.o
                0x000000000800733c                HAL_TIM_PWM_Init
 .text.TIM_OC2_SetConfig
                0x0000000008007394       0x58 ./Drivers/STM32F1xx_HAL_Driver/Src/stm32f1xx_hal_tim.o
                0x0000000008007394                TIM_OC2_SetConfig
 .text.HAL_TIM_PWM_ConfigChannel
                0x00000000080073ec       0xb2 ./Drivers/STM32F1xx_HAL_Driver/Src/stm32f1xx_hal_tim.o
                0x00000000080073ec                HAL_TIM_PWM_ConfigChannel
 .text.TIM_ETR_SetConfig
                0x000000000800749e       0x14 ./Drivers/STM32F1xx_HAL_Driver/Src/stm32f1xx_hal_tim.o
                0x000000000800749e                TIM_ETR_SetConfig
 .text.HAL_TIM_ConfigClockSource
                0x00000000080074b2      0x132 ./Drivers/STM32F1xx_HAL_Driver/Src/stm32f1xx_hal_tim.o
                0x00000000080074b2                HAL_TIM_ConfigClockSource
 .text.TIM_CCxChannelCmd
                0x00000000080075e4       0x1c ./Drivers/STM32F1xx_HAL_Driver/Src/stm32f1xx_hal_tim.o
                0x00000000080075e4                TIM_CCxChannelCmd
 .text.HAL_TIM_OC_Start
                0x0000000008007600       0xa0 ./Drivers/STM32F1xx_HAL_Driver/Src/stm32f1xx_hal_tim.o
                0x0000000008007600                HAL_TIM_OC_Start
 .text.HAL_TIM_PWM_Start
                0x00000000080076a0        0x4 ./Drivers/STM32F1xx_HAL_Driver/Src/stm32f1xx_hal_tim.o
                0x00000000080076a0                HAL_TIM_PWM_Start
 .text.HAL_TIMEx_MasterConfigSynchronization
                0x00000000080076a4       0x5c ./Drivers/STM32F1xx_HAL_Driver/Src/stm32f1xx_hal_tim_ex.o
                0x00000000080076a4                HAL_TIMEx_MasterConfigSynchronization
 .text.HAL_TIMEx_CommutCallback
                0x0000000008007700        0x2 ./Drivers/STM32F1xx_HAL_Driver/Src/stm32f1xx_hal_tim_ex.o
                0x0000000008007700                HAL_TIMEx_CommutCallback
 .text.HAL_TIMEx_BreakCallback
                0x0000000008007702        0x2 ./Drivers/STM32F1xx_HAL_Driver/Src/stm32f1xx_hal_tim_ex.o
                0x0000000008007702                HAL_TIMEx_BreakCallback
 .text.UART_EndRxTransfer
                0x0000000008007704       0x5c ./Drivers/STM32F1xx_HAL_Driver/Src/stm32f1xx_hal_uart.o
 .text.UART_SetConfig
                0x0000000008007760       0x74 ./Drivers/STM32F1xx_HAL_Driver/Src/stm32f1xx_hal_uart.o
 .text.HAL_UART_Init
                0x00000000080077d4       0x5e ./Drivers/STM32F1xx_HAL_Driver/Src/stm32f1xx_hal_uart.o
                0x00000000080077d4                HAL_UART_Init
 .text.HAL_UART_TxCpltCallback
                0x0000000008007832        0x2 ./Drivers/STM32F1xx_HAL_Driver/Src/stm32f1xx_hal_uart.o
                0x0000000008007832                HAL_UART_TxCpltCallback
 .text.HAL_UART_ErrorCallback
                0x0000000008007834        0x2 ./Drivers/STM32F1xx_HAL_Driver/Src/stm32f1xx_hal_uart.o
                0x0000000008007834                HAL_UART_ErrorCallback
 .text.UART_DMAAbortOnError
                0x0000000008007836       0x10 ./Drivers/STM32F1xx_HAL_Driver/Src/stm32f1xx_hal_uart.o
 .text.HAL_UARTEx_RxEventCallback
                0x0000000008007846        0x2 ./Drivers/STM32F1xx_HAL_Driver/Src/stm32f1xx_hal_uart.o
                0x0000000008007846                HAL_UARTEx_RxEventCallback
 .text.UART_Receive_IT.isra.0
                0x0000000008007848       0xb6 ./Drivers/STM32F1xx_HAL_Driver/Src/stm32f1xx_hal_uart.o
 *fill*         0x00000000080078fe        0x2 
 .text.HAL_UART_IRQHandler
                0x0000000008007900      0x294 ./Drivers/STM32F1xx_HAL_Driver/Src/stm32f1xx_hal_uart.o
                0x0000000008007900                HAL_UART_IRQHandler
 .text.UART_Start_Receive_IT
                0x0000000008007b94       0x32 ./Drivers/STM32F1xx_HAL_Driver/Src/stm32f1xx_hal_uart.o
                0x0000000008007b94                UART_Start_Receive_IT
 .text.HAL_UART_Receive_IT
                0x0000000008007bc6       0x22 ./Drivers/STM32F1xx_HAL_Driver/Src/stm32f1xx_hal_uart.o
                0x0000000008007bc6                HAL_UART_Receive_IT
 .text.USB_CoreInit
                0x0000000008007be8        0xe ./Drivers/STM32F1xx_HAL_Driver/Src/stm32f1xx_ll_usb.o
                0x0000000008007be8                USB_CoreInit
 .text.USB_EnableGlobalInt
                0x0000000008007bf6       0x12 ./Drivers/STM32F1xx_HAL_Driver/Src/stm32f1xx_ll_usb.o
                0x0000000008007bf6                USB_EnableGlobalInt
 .text.USB_DisableGlobalInt
                0x0000000008007c08       0x14 ./Drivers/STM32F1xx_HAL_Driver/Src/stm32f1xx_ll_usb.o
                0x0000000008007c08                USB_DisableGlobalInt
 .text.USB_SetCurrentMode
                0x0000000008007c1c        0x4 ./Drivers/STM32F1xx_HAL_Driver/Src/stm32f1xx_ll_usb.o
                0x0000000008007c1c                USB_SetCurrentMode
 .text.USB_DevInit
                0x0000000008007c20       0x28 ./Drivers/STM32F1xx_HAL_Driver/Src/stm32f1xx_ll_usb.o
                0x0000000008007c20                USB_DevInit
 .text.USB_ActivateEndpoint
                0x0000000008007c48      0x2c0 ./Drivers/STM32F1xx_HAL_Driver/Src/stm32f1xx_ll_usb.o
                0x0000000008007c48                USB_ActivateEndpoint
 .text.USB_DeactivateEndpoint
                0x0000000008007f08      0x1a6 ./Drivers/STM32F1xx_HAL_Driver/Src/stm32f1xx_ll_usb.o
                0x0000000008007f08                USB_DeactivateEndpoint
 .text.USB_EPSetStall
                0x00000000080080ae       0x40 ./Drivers/STM32F1xx_HAL_Driver/Src/stm32f1xx_ll_usb.o
                0x00000000080080ae                USB_EPSetStall
 .text.USB_EPClearStall
                0x00000000080080ee       0x92 ./Drivers/STM32F1xx_HAL_Driver/Src/stm32f1xx_ll_usb.o
                0x00000000080080ee                USB_EPClearStall
 .text.USB_SetDevAddress
                0x0000000008008180        0xc ./Drivers/STM32F1xx_HAL_Driver/Src/stm32f1xx_ll_usb.o
                0x0000000008008180                USB_SetDevAddress
 .text.USB_DevConnect
                0x000000000800818c        0x4 ./Drivers/STM32F1xx_HAL_Driver/Src/stm32f1xx_ll_usb.o
                0x000000000800818c                USB_DevConnect
 .text.USB_DevDisconnect
                0x0000000008008190        0x4 ./Drivers/STM32F1xx_HAL_Driver/Src/stm32f1xx_ll_usb.o
                0x0000000008008190                USB_DevDisconnect
 .text.USB_ReadInterrupts
                0x0000000008008194        0x8 ./Drivers/STM32F1xx_HAL_Driver/Src/stm32f1xx_ll_usb.o
                0x0000000008008194                USB_ReadInterrupts
 .text.USB_EP0_OutStart
                0x000000000800819c        0x4 ./Drivers/STM32F1xx_HAL_Driver/Src/stm32f1xx_ll_usb.o
                0x000000000800819c                USB_EP0_OutStart
 .text.USB_WritePMA
                0x00000000080081a0       0x20 ./Drivers/STM32F1xx_HAL_Driver/Src/stm32f1xx_ll_usb.o
                0x00000000080081a0                USB_WritePMA
 .text.USB_EPStartXfer
                0x00000000080081c0      0x430 ./Drivers/STM32F1xx_HAL_Driver/Src/stm32f1xx_ll_usb.o
                0x00000000080081c0                USB_EPStartXfer
 .text.USB_ReadPMA
                0x00000000080085f0       0x38 ./Drivers/STM32F1xx_HAL_Driver/Src/stm32f1xx_ll_usb.o
                0x00000000080085f0                USB_ReadPMA
 .text.USBD_CDC_EP0_RxReady
                0x0000000008008628       0x28 ./Middlewares/ST/STM32_USB_Device_Library/Class/CDC/Src/usbd_cdc.o
 .text.USBD_CDC_GetFSCfgDesc
                0x0000000008008650        0xc ./Middlewares/ST/STM32_USB_Device_Library/Class/CDC/Src/usbd_cdc.o
 .text.USBD_CDC_GetHSCfgDesc
                0x000000000800865c        0xc ./Middlewares/ST/STM32_USB_Device_Library/Class/CDC/Src/usbd_cdc.o
 .text.USBD_CDC_GetOtherSpeedCfgDesc
                0x0000000008008668        0xc ./Middlewares/ST/STM32_USB_Device_Library/Class/CDC/Src/usbd_cdc.o
 .text.USBD_CDC_GetDeviceQualifierDescriptor
                0x0000000008008674        0xc ./Middlewares/ST/STM32_USB_Device_Library/Class/CDC/Src/usbd_cdc.o
                0x0000000008008674                USBD_CDC_GetDeviceQualifierDescriptor
 .text.USBD_CDC_DataOut
                0x0000000008008680       0x2e ./Middlewares/ST/STM32_USB_Device_Library/Class/CDC/Src/usbd_cdc.o
 .text.USBD_CDC_DataIn
                0x00000000080086ae       0x42 ./Middlewares/ST/STM32_USB_Device_Library/Class/CDC/Src/usbd_cdc.o
 .text.USBD_CDC_Setup
                0x00000000080086f0       0xb6 ./Middlewares/ST/STM32_USB_Device_Library/Class/CDC/Src/usbd_cdc.o
 .text.USBD_CDC_DeInit
                0x00000000080087a6       0x42 ./Middlewares/ST/STM32_USB_Device_Library/Class/CDC/Src/usbd_cdc.o
 .text.USBD_CDC_Init
                0x00000000080087e8       0xa0 ./Middlewares/ST/STM32_USB_Device_Library/Class/CDC/Src/usbd_cdc.o
 .text.USBD_CDC_RegisterInterface
                0x0000000008008888        0xe ./Middlewares/ST/STM32_USB_Device_Library/Class/CDC/Src/usbd_cdc.o
                0x0000000008008888                USBD_CDC_RegisterInterface
 .text.USBD_CDC_SetTxBuffer
                0x0000000008008896       0x10 ./Middlewares/ST/STM32_USB_Device_Library/Class/CDC/Src/usbd_cdc.o
                0x0000000008008896                USBD_CDC_SetTxBuffer
 .text.USBD_CDC_SetRxBuffer
                0x00000000080088a6        0xc ./Middlewares/ST/STM32_USB_Device_Library/Class/CDC/Src/usbd_cdc.o
                0x00000000080088a6                USBD_CDC_SetRxBuffer
 .text.USBD_CDC_TransmitPacket
                0x00000000080088b2       0x32 ./Middlewares/ST/STM32_USB_Device_Library/Class/CDC/Src/usbd_cdc.o
                0x00000000080088b2                USBD_CDC_TransmitPacket
 .text.USBD_CDC_ReceivePacket
                0x00000000080088e4       0x2e ./Middlewares/ST/STM32_USB_Device_Library/Class/CDC/Src/usbd_cdc.o
                0x00000000080088e4                USBD_CDC_ReceivePacket
 .text.USBD_Init
                0x0000000008008912       0x2a ./Middlewares/ST/STM32_USB_Device_Library/Core/Src/usbd_core.o
                0x0000000008008912                USBD_Init
 .text.USBD_RegisterClass
                0x000000000800893c        0xe ./Middlewares/ST/STM32_USB_Device_Library/Core/Src/usbd_core.o
                0x000000000800893c                USBD_RegisterClass
 .text.USBD_Start
                0x000000000800894a        0xa ./Middlewares/ST/STM32_USB_Device_Library/Core/Src/usbd_core.o
                0x000000000800894a                USBD_Start
 .text.USBD_SetClassConfig
                0x0000000008008954       0x1a ./Middlewares/ST/STM32_USB_Device_Library/Core/Src/usbd_core.o
                0x0000000008008954                USBD_SetClassConfig
 .text.USBD_ClrClassConfig
                0x000000000800896e        0xe ./Middlewares/ST/STM32_USB_Device_Library/Core/Src/usbd_core.o
                0x000000000800896e                USBD_ClrClassConfig
 .text.USBD_LL_SetupStage
                0x000000000800897c       0x5a ./Middlewares/ST/STM32_USB_Device_Library/Core/Src/usbd_core.o
                0x000000000800897c                USBD_LL_SetupStage
 .text.USBD_LL_DataOutStage
                0x00000000080089d6       0x74 ./Middlewares/ST/STM32_USB_Device_Library/Core/Src/usbd_core.o
                0x00000000080089d6                USBD_LL_DataOutStage
 .text.USBD_LL_DataInStage
                0x0000000008008a4a       0xb6 ./Middlewares/ST/STM32_USB_Device_Library/Core/Src/usbd_core.o
                0x0000000008008a4a                USBD_LL_DataInStage
 .text.USBD_LL_Reset
                0x0000000008008b00       0x4e ./Middlewares/ST/STM32_USB_Device_Library/Core/Src/usbd_core.o
                0x0000000008008b00                USBD_LL_Reset
 .text.USBD_LL_SetSpeed
                0x0000000008008b4e        0x6 ./Middlewares/ST/STM32_USB_Device_Library/Core/Src/usbd_core.o
                0x0000000008008b4e                USBD_LL_SetSpeed
 .text.USBD_LL_Suspend
                0x0000000008008b54       0x12 ./Middlewares/ST/STM32_USB_Device_Library/Core/Src/usbd_core.o
                0x0000000008008b54                USBD_LL_Suspend
 .text.USBD_LL_Resume
                0x0000000008008b66       0x14 ./Middlewares/ST/STM32_USB_Device_Library/Core/Src/usbd_core.o
                0x0000000008008b66                USBD_LL_Resume
 .text.USBD_LL_SOF
                0x0000000008008b7a       0x18 ./Middlewares/ST/STM32_USB_Device_Library/Core/Src/usbd_core.o
                0x0000000008008b7a                USBD_LL_SOF
 .text.USBD_CtlError.constprop.0
                0x0000000008008b92       0x16 ./Middlewares/ST/STM32_USB_Device_Library/Core/Src/usbd_ctlreq.o
 .text.USBD_StdDevReq
                0x0000000008008ba8      0x250 ./Middlewares/ST/STM32_USB_Device_Library/Core/Src/usbd_ctlreq.o
                0x0000000008008ba8                USBD_StdDevReq
 .text.USBD_StdItfReq
                0x0000000008008df8       0x48 ./Middlewares/ST/STM32_USB_Device_Library/Core/Src/usbd_ctlreq.o
                0x0000000008008df8                USBD_StdItfReq
 .text.USBD_StdEPReq
                0x0000000008008e40      0x110 ./Middlewares/ST/STM32_USB_Device_Library/Core/Src/usbd_ctlreq.o
                0x0000000008008e40                USBD_StdEPReq
 .text.USBD_ParseSetupRequest
                0x0000000008008f50       0x28 ./Middlewares/ST/STM32_USB_Device_Library/Core/Src/usbd_ctlreq.o
                0x0000000008008f50                USBD_ParseSetupRequest
 .text.USBD_CtlError
                0x0000000008008f78       0x16 ./Middlewares/ST/STM32_USB_Device_Library/Core/Src/usbd_ctlreq.o
                0x0000000008008f78                USBD_CtlError
 .text.USBD_GetString
                0x0000000008008f8e       0x38 ./Middlewares/ST/STM32_USB_Device_Library/Core/Src/usbd_ctlreq.o
                0x0000000008008f8e                USBD_GetString
 .text.USBD_CtlSendData
                0x0000000008008fc6       0x1a ./Middlewares/ST/STM32_USB_Device_Library/Core/Src/usbd_ioreq.o
                0x0000000008008fc6                USBD_CtlSendData
 .text.USBD_CtlContinueSendData
                0x0000000008008fe0       0x10 ./Middlewares/ST/STM32_USB_Device_Library/Core/Src/usbd_ioreq.o
                0x0000000008008fe0                USBD_CtlContinueSendData
 .text.USBD_CtlPrepareRx
                0x0000000008008ff0       0x1a ./Middlewares/ST/STM32_USB_Device_Library/Core/Src/usbd_ioreq.o
                0x0000000008008ff0                USBD_CtlPrepareRx
 .text.USBD_CtlContinueRx
                0x000000000800900a       0x10 ./Middlewares/ST/STM32_USB_Device_Library/Core/Src/usbd_ioreq.o
                0x000000000800900a                USBD_CtlContinueRx
 .text.USBD_CtlSendStatus
                0x000000000800901a       0x16 ./Middlewares/ST/STM32_USB_Device_Library/Core/Src/usbd_ioreq.o
                0x000000000800901a                USBD_CtlSendStatus
 .text.USBD_CtlReceiveStatus
                0x0000000008009030       0x16 ./Middlewares/ST/STM32_USB_Device_Library/Core/Src/usbd_ioreq.o
                0x0000000008009030                USBD_CtlReceiveStatus
 *fill*         0x0000000008009046        0x2 
 .text.MX_USB_DEVICE_Init
                0x0000000008009048       0x50 ./USB_DEVICE/App/usb_device.o
                0x0000000008009048                MX_USB_DEVICE_Init
 .text.CDC_DeInit_FS
                0x0000000008009098        0x4 ./USB_DEVICE/App/usbd_cdc_if.o
 .text.CDC_Receive_FS
                0x000000000800909c       0x28 ./USB_DEVICE/App/usbd_cdc_if.o
 .text.CDC_Init_FS
                0x00000000080090c4       0x28 ./USB_DEVICE/App/usbd_cdc_if.o
 .text.CDC_Control_FS
                0x00000000080090ec       0x50 ./USB_DEVICE/App/usbd_cdc_if.o
 .text.CDC_Transmit_FS
                0x000000000800913c       0x2c ./USB_DEVICE/App/usbd_cdc_if.o
                0x000000000800913c                CDC_Transmit_FS
 .text.CDC_AttachRxData
                0x0000000008009168        0xc ./USB_DEVICE/App/usbd_cdc_if.o
                0x0000000008009168                CDC_AttachRxData
 .text.USBD_FS_DeviceDescriptor
                0x0000000008009174        0xc ./USB_DEVICE/App/usbd_desc.o
                0x0000000008009174                USBD_FS_DeviceDescriptor
 .text.USBD_FS_LangIDStrDescriptor
                0x0000000008009180        0xc ./USB_DEVICE/App/usbd_desc.o
                0x0000000008009180                USBD_FS_LangIDStrDescriptor
 .text.IntToUnicode
                0x000000000800918c       0x2a ./USB_DEVICE/App/usbd_desc.o
 *fill*         0x00000000080091b6        0x2 
 .text.USBD_FS_SerialStrDescriptor
                0x00000000080091b8       0x3c ./USB_DEVICE/App/usbd_desc.o
                0x00000000080091b8                USBD_FS_SerialStrDescriptor
 .text.USBD_FS_ManufacturerStrDescriptor
                0x00000000080091f4       0x1c ./USB_DEVICE/App/usbd_desc.o
                0x00000000080091f4                USBD_FS_ManufacturerStrDescriptor
 .text.USBD_FS_ProductStrDescriptor
                0x0000000008009210       0x1c ./USB_DEVICE/App/usbd_desc.o
                0x0000000008009210                USBD_FS_ProductStrDescriptor
 .text.USBD_FS_ConfigStrDescriptor
                0x000000000800922c       0x1c ./USB_DEVICE/App/usbd_desc.o
                0x000000000800922c                USBD_FS_ConfigStrDescriptor
 .text.USBD_FS_InterfaceStrDescriptor
                0x0000000008009248       0x1c ./USB_DEVICE/App/usbd_desc.o
                0x0000000008009248                USBD_FS_InterfaceStrDescriptor
 .text.USBD_Get_USB_Status
                0x0000000008009264       0x10 ./USB_DEVICE/Target/usbd_conf.o
 .text.HAL_PCD_MspInit
                0x0000000008009274       0x40 ./USB_DEVICE/Target/usbd_conf.o
                0x0000000008009274                HAL_PCD_MspInit
 .text.HAL_PCD_SetupStageCallback
                0x00000000080092b4        0xc ./USB_DEVICE/Target/usbd_conf.o
                0x00000000080092b4                HAL_PCD_SetupStageCallback
 .text.HAL_PCD_DataOutStageCallback
                0x00000000080092c0       0x12 ./USB_DEVICE/Target/usbd_conf.o
                0x00000000080092c0                HAL_PCD_DataOutStageCallback
 .text.HAL_PCD_DataInStageCallback
                0x00000000080092d2       0x10 ./USB_DEVICE/Target/usbd_conf.o
                0x00000000080092d2                HAL_PCD_DataInStageCallback
 .text.HAL_PCD_SOFCallback
                0x00000000080092e2        0x8 ./USB_DEVICE/Target/usbd_conf.o
                0x00000000080092e2                HAL_PCD_SOFCallback
 .text.HAL_PCD_ResetCallback
                0x00000000080092ea       0x24 ./USB_DEVICE/Target/usbd_conf.o
                0x00000000080092ea                HAL_PCD_ResetCallback
 *fill*         0x000000000800930e        0x2 
 .text.HAL_PCD_SuspendCallback
                0x0000000008009310       0x20 ./USB_DEVICE/Target/usbd_conf.o
                0x0000000008009310                HAL_PCD_SuspendCallback
 .text.HAL_PCD_ResumeCallback
                0x0000000008009330        0x8 ./USB_DEVICE/Target/usbd_conf.o
                0x0000000008009330                HAL_PCD_ResumeCallback
 .text.USBD_LL_Init
                0x0000000008009338       0x84 ./USB_DEVICE/Target/usbd_conf.o
                0x0000000008009338                USBD_LL_Init
 .text.USBD_LL_Start
                0x00000000080093bc       0x12 ./USB_DEVICE/Target/usbd_conf.o
                0x00000000080093bc                USBD_LL_Start
 .text.USBD_LL_OpenEP
                0x00000000080093ce       0x18 ./USB_DEVICE/Target/usbd_conf.o
                0x00000000080093ce                USBD_LL_OpenEP
 .text.USBD_LL_CloseEP
                0x00000000080093e6       0x12 ./USB_DEVICE/Target/usbd_conf.o
                0x00000000080093e6                USBD_LL_CloseEP
 .text.USBD_LL_StallEP
                0x00000000080093f8       0x12 ./USB_DEVICE/Target/usbd_conf.o
                0x00000000080093f8                USBD_LL_StallEP
 .text.USBD_LL_ClearStallEP
                0x000000000800940a       0x12 ./USB_DEVICE/Target/usbd_conf.o
                0x000000000800940a                USBD_LL_ClearStallEP
 .text.USBD_LL_IsStallEP
                0x000000000800941c       0x24 ./USB_DEVICE/Target/usbd_conf.o
                0x000000000800941c                USBD_LL_IsStallEP
 .text.USBD_LL_SetUSBAddress
                0x0000000008009440       0x12 ./USB_DEVICE/Target/usbd_conf.o
                0x0000000008009440                USBD_LL_SetUSBAddress
 .text.USBD_LL_Transmit
                0x0000000008009452       0x12 ./USB_DEVICE/Target/usbd_conf.o
                0x0000000008009452                USBD_LL_Transmit
 .text.USBD_LL_PrepareReceive
                0x0000000008009464       0x12 ./USB_DEVICE/Target/usbd_conf.o
                0x0000000008009464                USBD_LL_PrepareReceive
 .text.USBD_LL_GetRxDataSize
                0x0000000008009476        0x8 ./USB_DEVICE/Target/usbd_conf.o
                0x0000000008009476                USBD_LL_GetRxDataSize
 *fill*         0x000000000800947e        0x2 
 .text.USBD_static_malloc
                0x0000000008009480        0x8 ./USB_DEVICE/Target/usbd_conf.o
                0x0000000008009480                USBD_static_malloc
 .text.USBD_static_free
                0x0000000008009488        0x2 ./USB_DEVICE/Target/usbd_conf.o
                0x0000000008009488                USBD_static_free
 .text.HAL_PCDEx_SetConnectionState
                0x000000000800948a        0x2 ./USB_DEVICE/Target/usbd_conf.o
                0x000000000800948a                HAL_PCDEx_SetConnectionState
 .text.__itoa   0x000000000800948c       0x30 C:/ST/STM32CubeIDE_1.14.1/STM32CubeIDE/plugins/com.st.stm32cube.ide.mcu.externaltools.gnu-tools-for-stm32.11.3.rel1.win32_1.1.100.202309141235/tools/bin/../lib/gcc/arm-none-eabi/11.3.1/../../../../arm-none-eabi/lib/thumb/v7-m/nofp\libc_nano.a(libc_a-itoa.o)
                0x000000000800948c                __itoa
 .text.itoa     0x00000000080094bc        0x4 C:/ST/STM32CubeIDE_1.14.1/STM32CubeIDE/plugins/com.st.stm32cube.ide.mcu.externaltools.gnu-tools-for-stm32.11.3.rel1.win32_1.1.100.202309141235/tools/bin/../lib/gcc/arm-none-eabi/11.3.1/../../../../arm-none-eabi/lib/thumb/v7-m/nofp\libc_nano.a(libc_a-itoa.o)
                0x00000000080094bc                itoa
 .text.srand    0x00000000080094c0       0x5c C:/ST/STM32CubeIDE_1.14.1/STM32CubeIDE/plugins/com.st.stm32cube.ide.mcu.externaltools.gnu-tools-for-stm32.11.3.rel1.win32_1.1.100.202309141235/tools/bin/../lib/gcc/arm-none-eabi/11.3.1/../../../../arm-none-eabi/lib/thumb/v7-m/nofp\libc_nano.a(libc_a-rand.o)
                0x00000000080094c0                srand
 .text.rand     0x000000000800951c       0x7c C:/ST/STM32CubeIDE_1.14.1/STM32CubeIDE/plugins/com.st.stm32cube.ide.mcu.externaltools.gnu-tools-for-stm32.11.3.rel1.win32_1.1.100.202309141235/tools/bin/../lib/gcc/arm-none-eabi/11.3.1/../../../../arm-none-eabi/lib/thumb/v7-m/nofp\libc_nano.a(libc_a-rand.o)
                0x000000000800951c                rand
 .text.__utoa   0x0000000008009598       0x84 C:/ST/STM32CubeIDE_1.14.1/STM32CubeIDE/plugins/com.st.stm32cube.ide.mcu.externaltools.gnu-tools-for-stm32.11.3.rel1.win32_1.1.100.202309141235/tools/bin/../lib/gcc/arm-none-eabi/11.3.1/../../../../arm-none-eabi/lib/thumb/v7-m/nofp\libc_nano.a(libc_a-utoa.o)
                0x0000000008009598                __utoa
 .text.std      0x000000000800961c       0x6c C:/ST/STM32CubeIDE_1.14.1/STM32CubeIDE/plugins/com.st.stm32cube.ide.mcu.externaltools.gnu-tools-for-stm32.11.3.rel1.win32_1.1.100.202309141235/tools/bin/../lib/gcc/arm-none-eabi/11.3.1/../../../../arm-none-eabi/lib/thumb/v7-m/nofp\libc_nano.a(libc_a-findfp.o)
 .text.stdio_exit_handler
                0x0000000008009688       0x18 C:/ST/STM32CubeIDE_1.14.1/STM32CubeIDE/plugins/com.st.stm32cube.ide.mcu.externaltools.gnu-tools-for-stm32.11.3.rel1.win32_1.1.100.202309141235/tools/bin/../lib/gcc/arm-none-eabi/11.3.1/../../../../arm-none-eabi/lib/thumb/v7-m/nofp\libc_nano.a(libc_a-findfp.o)
 .text.cleanup_stdio
                0x00000000080096a0       0x40 C:/ST/STM32CubeIDE_1.14.1/STM32CubeIDE/plugins/com.st.stm32cube.ide.mcu.externaltools.gnu-tools-for-stm32.11.3.rel1.win32_1.1.100.202309141235/tools/bin/../lib/gcc/arm-none-eabi/11.3.1/../../../../arm-none-eabi/lib/thumb/v7-m/nofp\libc_nano.a(libc_a-findfp.o)
 .text.global_stdio_init.part.0
                0x00000000080096e0       0x3c C:/ST/STM32CubeIDE_1.14.1/STM32CubeIDE/plugins/com.st.stm32cube.ide.mcu.externaltools.gnu-tools-for-stm32.11.3.rel1.win32_1.1.100.202309141235/tools/bin/../lib/gcc/arm-none-eabi/11.3.1/../../../../arm-none-eabi/lib/thumb/v7-m/nofp\libc_nano.a(libc_a-findfp.o)
 .text.__sfp_lock_acquire
                0x000000000800971c        0xc C:/ST/STM32CubeIDE_1.14.1/STM32CubeIDE/plugins/com.st.stm32cube.ide.mcu.externaltools.gnu-tools-for-stm32.11.3.rel1.win32_1.1.100.202309141235/tools/bin/../lib/gcc/arm-none-eabi/11.3.1/../../../../arm-none-eabi/lib/thumb/v7-m/nofp\libc_nano.a(libc_a-findfp.o)
                0x000000000800971c                __sfp_lock_acquire
 .text.__sfp_lock_release
                0x0000000008009728        0xc C:/ST/STM32CubeIDE_1.14.1/STM32CubeIDE/plugins/com.st.stm32cube.ide.mcu.externaltools.gnu-tools-for-stm32.11.3.rel1.win32_1.1.100.202309141235/tools/bin/../lib/gcc/arm-none-eabi/11.3.1/../../../../arm-none-eabi/lib/thumb/v7-m/nofp\libc_nano.a(libc_a-findfp.o)
                0x0000000008009728                __sfp_lock_release
 .text.__sinit  0x0000000008009734       0x30 C:/ST/STM32CubeIDE_1.14.1/STM32CubeIDE/plugins/com.st.stm32cube.ide.mcu.externaltools.gnu-tools-for-stm32.11.3.rel1.win32_1.1.100.202309141235/tools/bin/../lib/gcc/arm-none-eabi/11.3.1/../../../../arm-none-eabi/lib/thumb/v7-m/nofp\libc_nano.a(libc_a-findfp.o)
                0x0000000008009734                __sinit
 .text._fwalk_sglue
                0x0000000008009764       0x3c C:/ST/STM32CubeIDE_1.14.1/STM32CubeIDE/plugins/com.st.stm32cube.ide.mcu.externaltools.gnu-tools-for-stm32.11.3.rel1.win32_1.1.100.202309141235/tools/bin/../lib/gcc/arm-none-eabi/11.3.1/../../../../arm-none-eabi/lib/thumb/v7-m/nofp\libc_nano.a(libc_a-fwalk.o)
                0x0000000008009764                _fwalk_sglue
 .text.sprintf  0x00000000080097a0       0x40 C:/ST/STM32CubeIDE_1.14.1/STM32CubeIDE/plugins/com.st.stm32cube.ide.mcu.externaltools.gnu-tools-for-stm32.11.3.rel1.win32_1.1.100.202309141235/tools/bin/../lib/gcc/arm-none-eabi/11.3.1/../../../../arm-none-eabi/lib/thumb/v7-m/nofp\libc_nano.a(libc_a-sprintf.o)
                0x00000000080097a0                siprintf
                0x00000000080097a0                sprintf
 .text.__sread  0x00000000080097e0       0x22 C:/ST/STM32CubeIDE_1.14.1/STM32CubeIDE/plugins/com.st.stm32cube.ide.mcu.externaltools.gnu-tools-for-stm32.11.3.rel1.win32_1.1.100.202309141235/tools/bin/../lib/gcc/arm-none-eabi/11.3.1/../../../../arm-none-eabi/lib/thumb/v7-m/nofp\libc_nano.a(libc_a-stdio.o)
                0x00000000080097e0                __sread
 .text.__swrite
                0x0000000008009802       0x38 C:/ST/STM32CubeIDE_1.14.1/STM32CubeIDE/plugins/com.st.stm32cube.ide.mcu.externaltools.gnu-tools-for-stm32.11.3.rel1.win32_1.1.100.202309141235/tools/bin/../lib/gcc/arm-none-eabi/11.3.1/../../../../arm-none-eabi/lib/thumb/v7-m/nofp\libc_nano.a(libc_a-stdio.o)
                0x0000000008009802                __swrite
 .text.__sseek  0x000000000800983a       0x24 C:/ST/STM32CubeIDE_1.14.1/STM32CubeIDE/plugins/com.st.stm32cube.ide.mcu.externaltools.gnu-tools-for-stm32.11.3.rel1.win32_1.1.100.202309141235/tools/bin/../lib/gcc/arm-none-eabi/11.3.1/../../../../arm-none-eabi/lib/thumb/v7-m/nofp\libc_nano.a(libc_a-stdio.o)
                0x000000000800983a                __sseek
 .text.__sclose
                0x000000000800985e        0x8 C:/ST/STM32CubeIDE_1.14.1/STM32CubeIDE/plugins/com.st.stm32cube.ide.mcu.externaltools.gnu-tools-for-stm32.11.3.rel1.win32_1.1.100.202309141235/tools/bin/../lib/gcc/arm-none-eabi/11.3.1/../../../../arm-none-eabi/lib/thumb/v7-m/nofp\libc_nano.a(libc_a-stdio.o)
                0x000000000800985e                __sclose
 .text.memset   0x0000000008009866       0x10 C:/ST/STM32CubeIDE_1.14.1/STM32CubeIDE/plugins/com.st.stm32cube.ide.mcu.externaltools.gnu-tools-for-stm32.11.3.rel1.win32_1.1.100.202309141235/tools/bin/../lib/gcc/arm-none-eabi/11.3.1/../../../../arm-none-eabi/lib/thumb/v7-m/nofp\libc_nano.a(libc_a-memset.o)
                0x0000000008009866                memset
 .text.strncpy  0x0000000008009876       0x26 C:/ST/STM32CubeIDE_1.14.1/STM32CubeIDE/plugins/com.st.stm32cube.ide.mcu.externaltools.gnu-tools-for-stm32.11.3.rel1.win32_1.1.100.202309141235/tools/bin/../lib/gcc/arm-none-eabi/11.3.1/../../../../arm-none-eabi/lib/thumb/v7-m/nofp\libc_nano.a(libc_a-strncpy.o)
                0x0000000008009876                strncpy
 .text._close_r
                0x000000000800989c       0x20 C:/ST/STM32CubeIDE_1.14.1/STM32CubeIDE/plugins/com.st.stm32cube.ide.mcu.externaltools.gnu-tools-for-stm32.11.3.rel1.win32_1.1.100.202309141235/tools/bin/../lib/gcc/arm-none-eabi/11.3.1/../../../../arm-none-eabi/lib/thumb/v7-m/nofp\libc_nano.a(libc_a-closer.o)
                0x000000000800989c                _close_r
 .text._lseek_r
                0x00000000080098bc       0x24 C:/ST/STM32CubeIDE_1.14.1/STM32CubeIDE/plugins/com.st.stm32cube.ide.mcu.externaltools.gnu-tools-for-stm32.11.3.rel1.win32_1.1.100.202309141235/tools/bin/../lib/gcc/arm-none-eabi/11.3.1/../../../../arm-none-eabi/lib/thumb/v7-m/nofp\libc_nano.a(libc_a-lseekr.o)
                0x00000000080098bc                _lseek_r
 .text._read_r  0x00000000080098e0       0x24 C:/ST/STM32CubeIDE_1.14.1/STM32CubeIDE/plugins/com.st.stm32cube.ide.mcu.externaltools.gnu-tools-for-stm32.11.3.rel1.win32_1.1.100.202309141235/tools/bin/../lib/gcc/arm-none-eabi/11.3.1/../../../../arm-none-eabi/lib/thumb/v7-m/nofp\libc_nano.a(libc_a-readr.o)
                0x00000000080098e0                _read_r
 .text._write_r
                0x0000000008009904       0x24 C:/ST/STM32CubeIDE_1.14.1/STM32CubeIDE/plugins/com.st.stm32cube.ide.mcu.externaltools.gnu-tools-for-stm32.11.3.rel1.win32_1.1.100.202309141235/tools/bin/../lib/gcc/arm-none-eabi/11.3.1/../../../../arm-none-eabi/lib/thumb/v7-m/nofp\libc_nano.a(libc_a-writer.o)
                0x0000000008009904                _write_r
 .text.__errno  0x0000000008009928        0xc C:/ST/STM32CubeIDE_1.14.1/STM32CubeIDE/plugins/com.st.stm32cube.ide.mcu.externaltools.gnu-tools-for-stm32.11.3.rel1.win32_1.1.100.202309141235/tools/bin/../lib/gcc/arm-none-eabi/11.3.1/../../../../arm-none-eabi/lib/thumb/v7-m/nofp\libc_nano.a(libc_a-errno.o)
                0x0000000008009928                __errno
 .text.__libc_init_array
                0x0000000008009934       0x48 C:/ST/STM32CubeIDE_1.14.1/STM32CubeIDE/plugins/com.st.stm32cube.ide.mcu.externaltools.gnu-tools-for-stm32.11.3.rel1.win32_1.1.100.202309141235/tools/bin/../lib/gcc/arm-none-eabi/11.3.1/../../../../arm-none-eabi/lib/thumb/v7-m/nofp\libc_nano.a(libc_a-init.o)
                0x0000000008009934                __libc_init_array
 .text.__retarget_lock_init_recursive
                0x000000000800997c        0x2 C:/ST/STM32CubeIDE_1.14.1/STM32CubeIDE/plugins/com.st.stm32cube.ide.mcu.externaltools.gnu-tools-for-stm32.11.3.rel1.win32_1.1.100.202309141235/tools/bin/../lib/gcc/arm-none-eabi/11.3.1/../../../../arm-none-eabi/lib/thumb/v7-m/nofp\libc_nano.a(libc_a-lock.o)
                0x000000000800997c                __retarget_lock_init_recursive
 .text.__retarget_lock_acquire_recursive
                0x000000000800997e        0x2 C:/ST/STM32CubeIDE_1.14.1/STM32CubeIDE/plugins/com.st.stm32cube.ide.mcu.externaltools.gnu-tools-for-stm32.11.3.rel1.win32_1.1.100.202309141235/tools/bin/../lib/gcc/arm-none-eabi/11.3.1/../../../../arm-none-eabi/lib/thumb/v7-m/nofp\libc_nano.a(libc_a-lock.o)
                0x000000000800997e                __retarget_lock_acquire_recursive
 .text.__retarget_lock_release_recursive
                0x0000000008009980        0x2 C:/ST/STM32CubeIDE_1.14.1/STM32CubeIDE/plugins/com.st.stm32cube.ide.mcu.externaltools.gnu-tools-for-stm32.11.3.rel1.win32_1.1.100.202309141235/tools/bin/../lib/gcc/arm-none-eabi/11.3.1/../../../../arm-none-eabi/lib/thumb/v7-m/nofp\libc_nano.a(libc_a-lock.o)
                0x0000000008009980                __retarget_lock_release_recursive
 .text.strcpy   0x0000000008009982       0x10 C:/ST/STM32CubeIDE_1.14.1/STM32CubeIDE/plugins/com.st.stm32cube.ide.mcu.externaltools.gnu-tools-for-stm32.11.3.rel1.win32_1.1.100.202309141235/tools/bin/../lib/gcc/arm-none-eabi/11.3.1/../../../../arm-none-eabi/lib/thumb/v7-m/nofp\libc_nano.a(libc_a-strcpy.o)
                0x0000000008009982                strcpy
 *fill*         0x0000000008009992        0x2 
 .text.__assert_func
                0x0000000008009994       0x3c C:/ST/STM32CubeIDE_1.14.1/STM32CubeIDE/plugins/com.st.stm32cube.ide.mcu.externaltools.gnu-tools-for-stm32.11.3.rel1.win32_1.1.100.202309141235/tools/bin/../lib/gcc/arm-none-eabi/11.3.1/../../../../arm-none-eabi/lib/thumb/v7-m/nofp\libc_nano.a(libc_a-assert.o)
                0x0000000008009994                __assert_func
 .text._free_r  0x00000000080099d0       0x90 C:/ST/STM32CubeIDE_1.14.1/STM32CubeIDE/plugins/com.st.stm32cube.ide.mcu.externaltools.gnu-tools-for-stm32.11.3.rel1.win32_1.1.100.202309141235/tools/bin/../lib/gcc/arm-none-eabi/11.3.1/../../../../arm-none-eabi/lib/thumb/v7-m/nofp\libc_nano.a(libc_a-freer.o)
                0x00000000080099d0                _free_r
 .text.malloc   0x0000000008009a60       0x10 C:/ST/STM32CubeIDE_1.14.1/STM32CubeIDE/plugins/com.st.stm32cube.ide.mcu.externaltools.gnu-tools-for-stm32.11.3.rel1.win32_1.1.100.202309141235/tools/bin/../lib/gcc/arm-none-eabi/11.3.1/../../../../arm-none-eabi/lib/thumb/v7-m/nofp\libc_nano.a(libc_a-malloc.o)
                0x0000000008009a60                malloc
 .text.sbrk_aligned
                0x0000000008009a70       0x40 C:/ST/STM32CubeIDE_1.14.1/STM32CubeIDE/plugins/com.st.stm32cube.ide.mcu.externaltools.gnu-tools-for-stm32.11.3.rel1.win32_1.1.100.202309141235/tools/bin/../lib/gcc/arm-none-eabi/11.3.1/../../../../arm-none-eabi/lib/thumb/v7-m/nofp\libc_nano.a(libc_a-mallocr.o)
 .text._malloc_r
                0x0000000008009ab0      0x100 C:/ST/STM32CubeIDE_1.14.1/STM32CubeIDE/plugins/com.st.stm32cube.ide.mcu.externaltools.gnu-tools-for-stm32.11.3.rel1.win32_1.1.100.202309141235/tools/bin/../lib/gcc/arm-none-eabi/11.3.1/../../../../arm-none-eabi/lib/thumb/v7-m/nofp\libc_nano.a(libc_a-mallocr.o)
                0x0000000008009ab0                _malloc_r
 .text.__malloc_lock
                0x0000000008009bb0        0xc C:/ST/STM32CubeIDE_1.14.1/STM32CubeIDE/plugins/com.st.stm32cube.ide.mcu.externaltools.gnu-tools-for-stm32.11.3.rel1.win32_1.1.100.202309141235/tools/bin/../lib/gcc/arm-none-eabi/11.3.1/../../../../arm-none-eabi/lib/thumb/v7-m/nofp\libc_nano.a(libc_a-mlock.o)
                0x0000000008009bb0                __malloc_lock
 .text.__malloc_unlock
                0x0000000008009bbc        0xc C:/ST/STM32CubeIDE_1.14.1/STM32CubeIDE/plugins/com.st.stm32cube.ide.mcu.externaltools.gnu-tools-for-stm32.11.3.rel1.win32_1.1.100.202309141235/tools/bin/../lib/gcc/arm-none-eabi/11.3.1/../../../../arm-none-eabi/lib/thumb/v7-m/nofp\libc_nano.a(libc_a-mlock.o)
                0x0000000008009bbc                __malloc_unlock
 .text.__ssputs_r
                0x0000000008009bc8       0xb4 C:/ST/STM32CubeIDE_1.14.1/STM32CubeIDE/plugins/com.st.stm32cube.ide.mcu.externaltools.gnu-tools-for-stm32.11.3.rel1.win32_1.1.100.202309141235/tools/bin/../lib/gcc/arm-none-eabi/11.3.1/../../../../arm-none-eabi/lib/thumb/v7-m/nofp\libc_nano.a(libc_a-nano-svfprintf.o)
                0x0000000008009bc8                __ssputs_r
 .text._svfprintf_r
                0x0000000008009c7c      0x1fc C:/ST/STM32CubeIDE_1.14.1/STM32CubeIDE/plugins/com.st.stm32cube.ide.mcu.externaltools.gnu-tools-for-stm32.11.3.rel1.win32_1.1.100.202309141235/tools/bin/../lib/gcc/arm-none-eabi/11.3.1/../../../../arm-none-eabi/lib/thumb/v7-m/nofp\libc_nano.a(libc_a-nano-svfprintf.o)
                0x0000000008009c7c                _svfiprintf_r
                0x0000000008009c7c                _svfprintf_r
 .text._printf_common
                0x0000000008009e78       0xe4 C:/ST/STM32CubeIDE_1.14.1/STM32CubeIDE/plugins/com.st.stm32cube.ide.mcu.externaltools.gnu-tools-for-stm32.11.3.rel1.win32_1.1.100.202309141235/tools/bin/../lib/gcc/arm-none-eabi/11.3.1/../../../../arm-none-eabi/lib/thumb/v7-m/nofp\libc_nano.a(libc_a-nano-vfprintf_i.o)
                0x0000000008009e78                _printf_common
 .text._printf_i
                0x0000000008009f5c      0x244 C:/ST/STM32CubeIDE_1.14.1/STM32CubeIDE/plugins/com.st.stm32cube.ide.mcu.externaltools.gnu-tools-for-stm32.11.3.rel1.win32_1.1.100.202309141235/tools/bin/../lib/gcc/arm-none-eabi/11.3.1/../../../../arm-none-eabi/lib/thumb/v7-m/nofp\libc_nano.a(libc_a-nano-vfprintf_i.o)
                0x0000000008009f5c                _printf_i
 .text.__sflush_r
                0x000000000800a1a0      0x104 C:/ST/STM32CubeIDE_1.14.1/STM32CubeIDE/plugins/com.st.stm32cube.ide.mcu.externaltools.gnu-tools-for-stm32.11.3.rel1.win32_1.1.100.202309141235/tools/bin/../lib/gcc/arm-none-eabi/11.3.1/../../../../arm-none-eabi/lib/thumb/v7-m/nofp\libc_nano.a(libc_a-fflush.o)
                0x000000000800a1a0                __sflush_r
 .text._fflush_r
                0x000000000800a2a4       0x50 C:/ST/STM32CubeIDE_1.14.1/STM32CubeIDE/plugins/com.st.stm32cube.ide.mcu.externaltools.gnu-tools-for-stm32.11.3.rel1.win32_1.1.100.202309141235/tools/bin/../lib/gcc/arm-none-eabi/11.3.1/../../../../arm-none-eabi/lib/thumb/v7-m/nofp\libc_nano.a(libc_a-fflush.o)
                0x000000000800a2a4                _fflush_r
 .text.fprintf  0x000000000800a2f4       0x24 C:/ST/STM32CubeIDE_1.14.1/STM32CubeIDE/plugins/com.st.stm32cube.ide.mcu.externaltools.gnu-tools-for-stm32.11.3.rel1.win32_1.1.100.202309141235/tools/bin/../lib/gcc/arm-none-eabi/11.3.1/../../../../arm-none-eabi/lib/thumb/v7-m/nofp\libc_nano.a(libc_a-fprintf.o)
                0x000000000800a2f4                fiprintf
                0x000000000800a2f4                fprintf
 .text.memmove  0x000000000800a318       0x34 C:/ST/STM32CubeIDE_1.14.1/STM32CubeIDE/plugins/com.st.stm32cube.ide.mcu.externaltools.gnu-tools-for-stm32.11.3.rel1.win32_1.1.100.202309141235/tools/bin/../lib/gcc/arm-none-eabi/11.3.1/../../../../arm-none-eabi/lib/thumb/v7-m/nofp\libc_nano.a(libc_a-memmove.o)
                0x000000000800a318                memmove
 .text._sbrk_r  0x000000000800a34c       0x20 C:/ST/STM32CubeIDE_1.14.1/STM32CubeIDE/plugins/com.st.stm32cube.ide.mcu.externaltools.gnu-tools-for-stm32.11.3.rel1.win32_1.1.100.202309141235/tools/bin/../lib/gcc/arm-none-eabi/11.3.1/../../../../arm-none-eabi/lib/thumb/v7-m/nofp\libc_nano.a(libc_a-sbrkr.o)
                0x000000000800a34c                _sbrk_r
 .text.memchr   0x000000000800a36c       0x1c C:/ST/STM32CubeIDE_1.14.1/STM32CubeIDE/plugins/com.st.stm32cube.ide.mcu.externaltools.gnu-tools-for-stm32.11.3.rel1.win32_1.1.100.202309141235/tools/bin/../lib/gcc/arm-none-eabi/11.3.1/../../../../arm-none-eabi/lib/thumb/v7-m/nofp\libc_nano.a(libc_a-memchr-stub.o)
                0x000000000800a36c                memchr
 .text.memcpy   0x000000000800a388       0x1c C:/ST/STM32CubeIDE_1.14.1/STM32CubeIDE/plugins/com.st.stm32cube.ide.mcu.externaltools.gnu-tools-for-stm32.11.3.rel1.win32_1.1.100.202309141235/tools/bin/../lib/gcc/arm-none-eabi/11.3.1/../../../../arm-none-eabi/lib/thumb/v7-m/nofp\libc_nano.a(libc_a-memcpy-stub.o)
                0x000000000800a388                memcpy
 .text.abort    0x000000000800a3a4        0xe C:/ST/STM32CubeIDE_1.14.1/STM32CubeIDE/plugins/com.st.stm32cube.ide.mcu.externaltools.gnu-tools-for-stm32.11.3.rel1.win32_1.1.100.202309141235/tools/bin/../lib/gcc/arm-none-eabi/11.3.1/../../../../arm-none-eabi/lib/thumb/v7-m/nofp\libc_nano.a(libc_a-abort.o)
                0x000000000800a3a4                abort
 .text._realloc_r
                0x000000000800a3b2       0x5e C:/ST/STM32CubeIDE_1.14.1/STM32CubeIDE/plugins/com.st.stm32cube.ide.mcu.externaltools.gnu-tools-for-stm32.11.3.rel1.win32_1.1.100.202309141235/tools/bin/../lib/gcc/arm-none-eabi/11.3.1/../../../../arm-none-eabi/lib/thumb/v7-m/nofp\libc_nano.a(libc_a-reallocr.o)
                0x000000000800a3b2                _realloc_r
 .text.__sfputc_r
                0x000000000800a410       0x2a C:/ST/STM32CubeIDE_1.14.1/STM32CubeIDE/plugins/com.st.stm32cube.ide.mcu.externaltools.gnu-tools-for-stm32.11.3.rel1.win32_1.1.100.202309141235/tools/bin/../lib/gcc/arm-none-eabi/11.3.1/../../../../arm-none-eabi/lib/thumb/v7-m/nofp\libc_nano.a(libc_a-nano-vfprintf.o)
 .text.__sfputs_r
                0x000000000800a43a       0x24 C:/ST/STM32CubeIDE_1.14.1/STM32CubeIDE/plugins/com.st.stm32cube.ide.mcu.externaltools.gnu-tools-for-stm32.11.3.rel1.win32_1.1.100.202309141235/tools/bin/../lib/gcc/arm-none-eabi/11.3.1/../../../../arm-none-eabi/lib/thumb/v7-m/nofp\libc_nano.a(libc_a-nano-vfprintf.o)
                0x000000000800a43a                __sfputs_r
 *fill*         0x000000000800a45e        0x2 
 .text._vfprintf_r
                0x000000000800a460      0x234 C:/ST/STM32CubeIDE_1.14.1/STM32CubeIDE/plugins/com.st.stm32cube.ide.mcu.externaltools.gnu-tools-for-stm32.11.3.rel1.win32_1.1.100.202309141235/tools/bin/../lib/gcc/arm-none-eabi/11.3.1/../../../../arm-none-eabi/lib/thumb/v7-m/nofp\libc_nano.a(libc_a-nano-vfprintf.o)
                0x000000000800a460                _vfprintf_r
                0x000000000800a460                _vfiprintf_r
 .text.__swbuf_r
                0x000000000800a694       0x7a C:/ST/STM32CubeIDE_1.14.1/STM32CubeIDE/plugins/com.st.stm32cube.ide.mcu.externaltools.gnu-tools-for-stm32.11.3.rel1.win32_1.1.100.202309141235/tools/bin/../lib/gcc/arm-none-eabi/11.3.1/../../../../arm-none-eabi/lib/thumb/v7-m/nofp\libc_nano.a(libc_a-wbuf.o)
                0x000000000800a694                __swbuf_r
 *fill*         0x000000000800a70e        0x2 
 .text.__swsetup_r
                0x000000000800a710       0xb0 C:/ST/STM32CubeIDE_1.14.1/STM32CubeIDE/plugins/com.st.stm32cube.ide.mcu.externaltools.gnu-tools-for-stm32.11.3.rel1.win32_1.1.100.202309141235/tools/bin/../lib/gcc/arm-none-eabi/11.3.1/../../../../arm-none-eabi/lib/thumb/v7-m/nofp\libc_nano.a(libc_a-wsetup.o)
                0x000000000800a710                __swsetup_r
 .text._raise_r
                0x000000000800a7c0       0x50 C:/ST/STM32CubeIDE_1.14.1/STM32CubeIDE/plugins/com.st.stm32cube.ide.mcu.externaltools.gnu-tools-for-stm32.11.3.rel1.win32_1.1.100.202309141235/tools/bin/../lib/gcc/arm-none-eabi/11.3.1/../../../../arm-none-eabi/lib/thumb/v7-m/nofp\libc_nano.a(libc_a-signal.o)
                0x000000000800a7c0                _raise_r
 .text.raise    0x000000000800a810       0x10 C:/ST/STM32CubeIDE_1.14.1/STM32CubeIDE/plugins/com.st.stm32cube.ide.mcu.externaltools.gnu-tools-for-stm32.11.3.rel1.win32_1.1.100.202309141235/tools/bin/../lib/gcc/arm-none-eabi/11.3.1/../../../../arm-none-eabi/lib/thumb/v7-m/nofp\libc_nano.a(libc_a-signal.o)
                0x000000000800a810                raise
 .text._kill_r  0x000000000800a820       0x24 C:/ST/STM32CubeIDE_1.14.1/STM32CubeIDE/plugins/com.st.stm32cube.ide.mcu.externaltools.gnu-tools-for-stm32.11.3.rel1.win32_1.1.100.202309141235/tools/bin/../lib/gcc/arm-none-eabi/11.3.1/../../../../arm-none-eabi/lib/thumb/v7-m/nofp\libc_nano.a(libc_a-signalr.o)
                0x000000000800a820                _kill_r
 .text._getpid_r
                0x000000000800a844        0x4 C:/ST/STM32CubeIDE_1.14.1/STM32CubeIDE/plugins/com.st.stm32cube.ide.mcu.externaltools.gnu-tools-for-stm32.11.3.rel1.win32_1.1.100.202309141235/tools/bin/../lib/gcc/arm-none-eabi/11.3.1/../../../../arm-none-eabi/lib/thumb/v7-m/nofp\libc_nano.a(libc_a-signalr.o)
                0x000000000800a844                _getpid_r
 .text._malloc_usable_size_r
                0x000000000800a848       0x10 C:/ST/STM32CubeIDE_1.14.1/STM32CubeIDE/plugins/com.st.stm32cube.ide.mcu.externaltools.gnu-tools-for-stm32.11.3.rel1.win32_1.1.100.202309141235/tools/bin/../lib/gcc/arm-none-eabi/11.3.1/../../../../arm-none-eabi/lib/thumb/v7-m/nofp\libc_nano.a(libc_a-msizer.o)
                0x000000000800a848                _malloc_usable_size_r
 .text.__swhatbuf_r
                0x000000000800a858       0x4a C:/ST/STM32CubeIDE_1.14.1/STM32CubeIDE/plugins/com.st.stm32cube.ide.mcu.externaltools.gnu-tools-for-stm32.11.3.rel1.win32_1.1.100.202309141235/tools/bin/../lib/gcc/arm-none-eabi/11.3.1/../../../../arm-none-eabi/lib/thumb/v7-m/nofp\libc_nano.a(libc_a-makebuf.o)
                0x000000000800a858                __swhatbuf_r
 .text.__smakebuf_r
                0x000000000800a8a2       0x78 C:/ST/STM32CubeIDE_1.14.1/STM32CubeIDE/plugins/com.st.stm32cube.ide.mcu.externaltools.gnu-tools-for-stm32.11.3.rel1.win32_1.1.100.202309141235/tools/bin/../lib/gcc/arm-none-eabi/11.3.1/../../../../arm-none-eabi/lib/thumb/v7-m/nofp\libc_nano.a(libc_a-makebuf.o)
                0x000000000800a8a2                __smakebuf_r
 *fill*         0x000000000800a91a        0x2 
 .text._fstat_r
                0x000000000800a91c       0x24 C:/ST/STM32CubeIDE_1.14.1/STM32CubeIDE/plugins/com.st.stm32cube.ide.mcu.externaltools.gnu-tools-for-stm32.11.3.rel1.win32_1.1.100.202309141235/tools/bin/../lib/gcc/arm-none-eabi/11.3.1/../../../../arm-none-eabi/lib/thumb/v7-m/nofp\libc_nano.a(libc_a-fstatr.o)
                0x000000000800a91c                _fstat_r
 .text._isatty_r
                0x000000000800a940       0x20 C:/ST/STM32CubeIDE_1.14.1/STM32CubeIDE/plugins/com.st.stm32cube.ide.mcu.externaltools.gnu-tools-for-stm32.11.3.rel1.win32_1.1.100.202309141235/tools/bin/../lib/gcc/arm-none-eabi/11.3.1/../../../../arm-none-eabi/lib/thumb/v7-m/nofp\libc_nano.a(libc_a-isattyr.o)
                0x000000000800a940                _isatty_r
 *(.glue_7)
 .glue_7        0x000000000800a960        0x0 linker stubs
 *(.glue_7t)
 .glue_7t       0x000000000800a960        0x0 linker stubs
 *(.eh_frame)
 .eh_frame      0x000000000800a960        0x0 C:/ST/STM32CubeIDE_1.14.1/STM32CubeIDE/plugins/com.st.stm32cube.ide.mcu.externaltools.gnu-tools-for-stm32.11.3.rel1.win32_1.1.100.202309141235/tools/bin/../lib/gcc/arm-none-eabi/11.3.1/thumb/v7-m/nofp/crtbegin.o
 *(.init)
 .init          0x000000000800a960        0x4 C:/ST/STM32CubeIDE_1.14.1/STM32CubeIDE/plugins/com.st.stm32cube.ide.mcu.externaltools.gnu-tools-for-stm32.11.3.rel1.win32_1.1.100.202309141235/tools/bin/../lib/gcc/arm-none-eabi/11.3.1/thumb/v7-m/nofp/crti.o
                0x000000000800a960                _init
 .init          0x000000000800a964        0x8 C:/ST/STM32CubeIDE_1.14.1/STM32CubeIDE/plugins/com.st.stm32cube.ide.mcu.externaltools.gnu-tools-for-stm32.11.3.rel1.win32_1.1.100.202309141235/tools/bin/../lib/gcc/arm-none-eabi/11.3.1/thumb/v7-m/nofp/crtn.o
 *(.fini)
 .fini          0x000000000800a96c        0x4 C:/ST/STM32CubeIDE_1.14.1/STM32CubeIDE/plugins/com.st.stm32cube.ide.mcu.externaltools.gnu-tools-for-stm32.11.3.rel1.win32_1.1.100.202309141235/tools/bin/../lib/gcc/arm-none-eabi/11.3.1/thumb/v7-m/nofp/crti.o
                0x000000000800a96c                _fini
 .fini          0x000000000800a970        0x8 C:/ST/STM32CubeIDE_1.14.1/STM32CubeIDE/plugins/com.st.stm32cube.ide.mcu.externaltools.gnu-tools-for-stm32.11.3.rel1.win32_1.1.100.202309141235/tools/bin/../lib/gcc/arm-none-eabi/11.3.1/thumb/v7-m/nofp/crtn.o
                0x000000000800a978                . = ALIGN (0x4)
                0x000000000800a978                _etext = .

.vfp11_veneer   0x000000000800a978        0x0
 .vfp11_veneer  0x000000000800a978        0x0 linker stubs

.v4_bx          0x000000000800a978        0x0
 .v4_bx         0x000000000800a978        0x0 linker stubs

.iplt           0x000000000800a978        0x0
 .iplt          0x000000000800a978        0x0 C:/ST/STM32CubeIDE_1.14.1/STM32CubeIDE/plugins/com.st.stm32cube.ide.mcu.externaltools.gnu-tools-for-stm32.11.3.rel1.win32_1.1.100.202309141235/tools/bin/../lib/gcc/arm-none-eabi/11.3.1/thumb/v7-m/nofp/crtbegin.o

.rodata         0x000000000800a978      0xcb0
                0x000000000800a978                . = ALIGN (0x4)
 *(.rodata)
 .rodata        0x000000000800a978       0x3c ./Core/Src/INFRARED.o
 *(.rodata*)
 .rodata.ESP01_StartUDP.str1.1
                0x000000000800a9b4        0x4 ./Core/Src/ESP01.o
 .rodata.ESP01_Send.str1.1
                0x000000000800a9b8       0x2e ./Core/Src/ESP01.o
                                         0x30 (size before relaxing)
 .rodata.ESP01_Task.str1.1
                0x000000000800a9e6       0xee ./Core/Src/ESP01.o
 .rodata.ATAT   0x000000000800aad4        0x5 ./Core/Src/ESP01.o
                0x000000000800aad4                ATAT
 .rodata.ATCIFSR
                0x000000000800aad9        0xb ./Core/Src/ESP01.o
                0x000000000800aad9                ATCIFSR
 .rodata.ATCIPCLOSE
                0x000000000800aae4        0xe ./Core/Src/ESP01.o
                0x000000000800aae4                ATCIPCLOSE
 .rodata.ATCIPMUX
                0x000000000800aaf2        0xe ./Core/Src/ESP01.o
                0x000000000800aaf2                ATCIPMUX
 .rodata.ATCIPSEND
                0x000000000800ab00        0xc ./Core/Src/ESP01.o
                0x000000000800ab00                ATCIPSEND
 .rodata.ATCIPSTART